2026-08-30 00:05:17.034 [INF] Starting database seeding process...
2026-08-30 00:13:51.733 [INF] Starting database seeding process...
2026-08-30 00:16:01.979 [INF] Login Successfully, Employee : "08df046f-470d-4db0-8286-3135ffb6f6ce" , UserId :c8bf23af-b2a7-4b83-a995-8a86dcf7217c
2026-08-30 00:16:02.012 [INF] HTTP POST /api/auth/login responded 200 in 990.3504 ms
2026-08-30 00:17:15.136 [INF] HTTP POST /api/auth/select-workspace responded 404 in 43.2562 ms
2026-08-30 00:17:53.598 [INF] HTTP POST /auth/select-workspace responded 404 in 2.5635 ms
2026-08-30 00:18:07.104 [WRN] Workspace selection failed: Organization not found or inactive. WorkspaceId "c84c9fae-750c-4327-b3fd-338517be8161"
2026-08-30 00:18:07.105 [INF] HTTP POST /select-workspace responded 400 in 387.4547 ms
2026-08-30 00:22:05.095 [INF] Starting database seeding process...
2026-08-30 00:24:22.048 [INF] HTTP GET /get-workspace responded 401 in 90.5106 ms
2026-08-30 00:25:30.660 [INF] Starting database seeding process...
2026-08-30 00:26:12.467 [INF] Starting database seeding process...
2026-08-30 00:26:41.327 [WRN] Workspace selection failed: Organization not found or inactive. WorkspaceId "c84c9fae-750c-4327-b3fd-338517be8161"
2026-08-30 00:26:41.368 [INF] HTTP POST /api/auth/select-workspace responded 400 in 778.9365 ms
2026-08-30 00:26:47.473 [INF] Login Successfully, Employee : "08df046f-470d-4db0-8286-3135ffb6f6ce" , UserId :c8bf23af-b2a7-4b83-a995-8a86dcf7217c
2026-08-30 00:26:47.480 [INF] HTTP POST /api/auth/login responded 200 in 684.2193 ms
2026-08-30 00:27:18.762 [INF] Workspace List fetched successfully : For Emplyee "08df046f-470d-4db0-8286-3135ffb6f6ce"
2026-08-30 00:27:18.772 [INF] HTTP GET /api/auth/get-workspace responded 200 in 5793.4127 ms
2026-08-30 00:27:47.455 [WRN] Workspace selection failed: Organization not found or inactive. WorkspaceId "c84c9fae-750c-4327-b3fd-338517be8161"
2026-08-30 00:27:47.456 [INF] HTTP POST /api/auth/select-workspace responded 400 in 423.4189 ms
2026-08-30 00:30:57.216 [WRN] Workspace selection failed: Organization not found or inactive. WorkspaceId "c84c9fae-750c-4327-b3fd-338517be8161"
2026-08-30 00:32:00.664 [INF] HTTP POST /api/auth/select-workspace responded 400 in 144593.7872 ms
2026-08-30 00:32:11.564 [INF] Workspace selection successfuly open - "c84c9fae-750c-4327-b3fd-338517be8161"
2026-08-30 00:32:11.567 [INF] HTTP POST /api/auth/select-workspace responded 200 in 3814.1760 ms
2026-08-30 12:38:28.932 [INF] Starting database seeding process...
2026-08-30 12:38:30.209 [INF] Seeding Super Admin user: codedev90@gmail.com
2026-08-30 12:38:30.355 [INF] Super Admin user already exists.
2026-08-30 12:38:30.505 [INF] Super Application Role already has all permisson
2026-08-30 12:38:30.579 [INF] Super Admin user created successfully.
2026-08-30 12:38:55.982 [INF] Login Successfully, Employee : "08df046f-470d-4db0-8286-3135ffb6f6ce" , UserId :c8bf23af-b2a7-4b83-a995-8a86dcf7217c
2026-08-30 12:38:56.016 [INF] HTTP POST /api/auth/login responded 200 in 701.1675 ms
2026-08-30 12:38:56.066 [INF] HTTP GET /api/auth/workspaces responded 404 in 1.7616 ms
2026-08-30 12:38:57.082 [INF] HTTP GET /api/auth/workspaces responded 404 in 5.0440 ms
2026-08-30 12:39:18.628 [INF] HTTP GET /api/auth/workspaces responded 404 in 0.2779 ms
2026-08-30 12:39:19.641 [INF] HTTP GET /api/auth/workspaces responded 404 in 0.2642 ms
2026-08-30 12:40:07.195 [INF] HTTP GET /api/auth/csrf responded 404 in 0.4700 ms
2026-08-30 12:40:07.219 [INF] HTTP GET /api/auth/csrf responded 404 in 0.2466 ms
2026-08-30 12:40:07.382 [INF] HTTP POST /api/auth/refresh responded 404 in 0.1550 ms
2026-08-30 12:40:07.381 [INF] HTTP POST /api/auth/refresh responded 404 in 0.2064 ms
2026-08-30 12:40:13.018 [INF] HTTP POST /api/auth/login responded 400 in 251.9337 ms
2026-08-30 12:40:29.852 [INF] Login Successfully, Employee : "08df046f-470d-4db0-8286-3135ffb6f6ce" , UserId :c8bf23af-b2a7-4b83-a995-8a86dcf7217c
2026-08-30 12:40:29.853 [INF] HTTP POST /api/auth/login responded 200 in 397.7914 ms
2026-08-30 12:40:29.889 [INF] HTTP GET /api/auth/get-workspaces responded 404 in 0.1690 ms
2026-08-30 12:40:30.899 [INF] HTTP GET /api/auth/get-workspaces responded 404 in 0.5729 ms
2026-08-30 12:41:17.255 [INF] HTTP GET /api/auth/csrf responded 404 in 0.1372 ms
2026-08-30 12:41:17.256 [INF] HTTP GET /api/auth/csrf responded 404 in 0.1800 ms
2026-08-30 12:41:17.352 [INF] HTTP POST /api/auth/refresh responded 404 in 0.3261 ms
2026-08-30 12:41:17.354 [INF] HTTP POST /api/auth/refresh responded 404 in 0.1293 ms
2026-08-30 12:41:30.312 [INF] Login Successfully, Employee : "08df046f-470d-4db0-8286-3135ffb6f6ce" , UserId :c8bf23af-b2a7-4b83-a995-8a86dcf7217c
2026-08-30 12:41:30.312 [INF] HTTP POST /api/auth/login responded 200 in 507.8718 ms
2026-08-30 12:41:30.369 [INF] HTTP GET /api/auth/get-workspace responded 401 in 18.2782 ms
2026-08-30 12:41:30.399 [INF] HTTP POST /api/auth/refresh responded 404 in 0.1623 ms
2026-08-30 12:41:40.487 [INF] HTTP POST /api/auth/login responded 400 in 90.2742 ms
2026-08-30 12:41:54.298 [INF] Login Successfully, Employee : "08df046f-470d-4db0-8286-3135ffb6f6ce" , UserId :c8bf23af-b2a7-4b83-a995-8a86dcf7217c
2026-08-30 12:41:54.298 [INF] HTTP POST /api/auth/login responded 200 in 298.3022 ms
2026-08-30 12:41:54.335 [INF] HTTP GET /api/auth/get-workspace responded 401 in 2.1900 ms
2026-08-30 12:41:54.349 [INF] HTTP POST /api/auth/refresh responded 404 in 0.5545 ms
2026-08-30 12:43:00.597 [INF] Login Successfully, Employee : "08df046f-470d-4db0-8286-3135ffb6f6ce" , UserId :c8bf23af-b2a7-4b83-a995-8a86dcf7217c
2026-08-30 12:43:00.598 [INF] HTTP POST /api/auth/login responded 200 in 456.4171 ms
2026-08-30 12:43:00.637 [INF] HTTP GET /api/auth/get-workspace responded 401 in 4.3949 ms
2026-08-30 12:43:00.644 [INF] HTTP POST /api/auth/refresh responded 404 in 0.1912 ms
2026-08-30 12:51:43.304 [INF] HTTP GET /api/auth/csrf responded 404 in 0.2997 ms
2026-08-30 12:51:43.430 [INF] HTTP POST /api/auth/refresh responded 404 in 42.3998 ms
2026-08-30 12:51:43.433 [INF] HTTP GET /api/auth/csrf responded 404 in 0.4424 ms
2026-08-30 12:51:43.445 [INF] HTTP POST /api/auth/refresh responded 404 in 0.0759 ms
2026-08-30 12:53:37.844 [INF] HTTP GET /api/auth/csrf responded 404 in 21.9924 ms
2026-08-30 12:53:37.848 [INF] HTTP GET /api/auth/csrf responded 404 in 0.2007 ms
2026-08-30 12:53:37.859 [INF] HTTP POST /api/auth/refresh responded 404 in 0.1307 ms
2026-08-30 12:53:37.863 [INF] HTTP POST /api/auth/refresh responded 404 in 0.0926 ms
2026-08-30 13:13:30.738 [INF] HTTP GET /api/auth/csrf responded 404 in 0.1461 ms
2026-08-30 13:13:30.801 [INF] HTTP POST /api/auth/refresh responded 404 in 21.2629 ms
2026-08-30 13:13:30.803 [INF] HTTP GET /api/auth/csrf responded 404 in 0.9627 ms
2026-08-30 13:13:30.813 [INF] HTTP POST /api/auth/refresh responded 404 in 0.1027 ms
2026-08-30 13:15:28.712 [INF] HTTP GET /api/auth/csrf responded 404 in 20.6921 ms
2026-08-30 13:15:28.715 [INF] HTTP GET /api/auth/csrf responded 404 in 0.7467 ms
2026-08-30 13:15:28.725 [INF] HTTP POST /api/auth/refresh responded 404 in 0.0601 ms
2026-08-30 13:15:28.726 [INF] HTTP POST /api/auth/refresh responded 404 in 0.5683 ms
2026-08-30 13:16:59.624 [INF] HTTP GET /api/auth/csrf responded 404 in 0.0762 ms
2026-08-30 13:16:59.625 [INF] HTTP GET /api/auth/csrf responded 404 in 0.0638 ms
2026-08-30 13:16:59.635 [INF] HTTP POST /api/auth/refresh responded 404 in 0.1034 ms
2026-08-30 13:16:59.637 [INF] HTTP POST /api/auth/refresh responded 404 in 0.0802 ms
2026-08-30 13:17:35.615 [INF] HTTP GET /api/auth/csrf responded 404 in 0.0775 ms
2026-08-30 13:17:35.616 [INF] HTTP GET /api/auth/csrf responded 404 in 0.0448 ms
2026-08-30 13:17:35.626 [INF] HTTP POST /api/auth/refresh responded 404 in 0.0742 ms
2026-08-30 13:17:35.649 [INF] HTTP POST /api/auth/refresh responded 404 in 0.0696 ms
2026-08-30 13:19:52.705 [INF] HTTP GET /api/auth/csrf responded 404 in 0.3948 ms
2026-08-30 13:19:52.706 [INF] HTTP GET /api/auth/csrf responded 404 in 0.0695 ms
2026-08-30 13:19:52.740 [INF] HTTP POST /api/auth/refresh responded 404 in 0.0472 ms
2026-08-30 13:19:52.740 [INF] HTTP POST /api/auth/refresh responded 404 in 0.0593 ms
2026-08-30 13:28:31.593 [INF] HTTP GET /api/auth/csrf responded 404 in 0.0764 ms
2026-08-30 13:28:31.636 [INF] HTTP GET /api/auth/csrf responded 404 in 0.5239 ms
2026-08-30 13:28:31.638 [INF] HTTP POST /api/auth/refresh responded 404 in 0.0615 ms
2026-08-30 13:28:31.642 [INF] HTTP POST /api/auth/refresh responded 404 in 0.0597 ms
2026-08-30 15:44:14.559 [INF] HTTP POST /api/auth/login responded 400 in 247.6993 ms
2026-08-30 15:44:24.902 [INF] Login Successfully, Employee : "08df046f-470d-4db0-8286-3135ffb6f6ce" , UserId :c8bf23af-b2a7-4b83-a995-8a86dcf7217c
2026-08-30 15:44:24.903 [INF] HTTP POST /api/auth/login responded 200 in 447.3904 ms
2026-08-30 15:44:30.315 [INF] Workspace List fetched successfully : For Emplyee "08df046f-470d-4db0-8286-3135ffb6f6ce"
2026-08-30 15:44:30.324 [INF] HTTP GET /api/auth/get-workspace responded 200 in 5358.2886 ms
2026-08-30 15:44:43.935 [INF] Workspace selection successfuly open - "c84c9fae-750c-4327-b3fd-338517be8161"
2026-08-30 15:44:43.937 [INF] HTTP POST /api/auth/select-workspace responded 200 in 5275.4615 ms
2026-08-30 15:50:03.241 [INF] HTTP GET /api/auth/csrf responded 404 in 0.0739 ms
2026-08-30 15:50:03.285 [INF] HTTP GET /api/auth/csrf responded 404 in 0.0842 ms
2026-08-30 15:50:03.287 [INF] HTTP POST /api/auth/refresh responded 404 in 0.0925 ms
2026-08-30 15:50:03.291 [INF] HTTP POST /api/auth/refresh responded 404 in 0.0580 ms
2026-08-30 15:50:10.201 [INF] HTTP GET /api/auth/csrf responded 404 in 0.0537 ms
2026-08-30 15:50:10.202 [INF] HTTP GET /api/auth/csrf responded 404 in 0.0469 ms
2026-08-30 15:50:10.236 [INF] HTTP POST /api/auth/refresh responded 404 in 0.0528 ms
2026-08-30 15:50:10.236 [INF] HTTP POST /api/auth/refresh responded 404 in 0.0534 ms
2026-08-30 15:50:25.529 [INF] HTTP GET /api/auth/csrf responded 404 in 0.0650 ms
2026-08-30 15:50:25.530 [INF] HTTP GET /api/auth/csrf responded 404 in 0.0479 ms
2026-08-30 15:50:25.551 [INF] HTTP POST /api/auth/refresh responded 404 in 0.0721 ms
2026-08-30 15:50:25.551 [INF] HTTP POST /api/auth/refresh responded 404 in 0.0280 ms
2026-08-30 15:53:49.985 [INF] HTTP GET /api/auth/csrf responded 404 in 0.0625 ms
2026-08-30 15:53:49.990 [INF] HTTP GET /api/auth/csrf responded 404 in 0.0671 ms
2026-08-30 15:53:50.015 [INF] HTTP POST /api/auth/refresh responded 404 in 0.0907 ms
2026-08-30 15:53:50.132 [INF] HTTP POST /api/auth/refresh responded 404 in 0.0818 ms
2026-08-30 15:56:05.862 [INF] HTTP GET /api/auth/csrf responded 404 in 0.0773 ms
2026-08-30 15:56:05.867 [INF] HTTP GET /api/auth/csrf responded 404 in 0.0693 ms
2026-08-30 15:56:05.896 [INF] HTTP POST /api/auth/refresh responded 404 in 0.0670 ms
2026-08-30 15:56:05.921 [INF] HTTP POST /api/auth/refresh responded 404 in 0.0747 ms
2026-08-30 15:56:06.210 [INF] HTTP GET /api/auth/csrf responded 404 in 0.1534 ms
2026-08-30 15:56:06.213 [INF] HTTP GET /api/auth/csrf responded 404 in 0.0734 ms
2026-08-30 15:56:06.228 [INF] HTTP POST /api/auth/refresh responded 404 in 0.0716 ms
2026-08-30 15:56:06.234 [INF] HTTP POST /api/auth/refresh responded 404 in 0.1531 ms
2026-08-30 15:56:34.262 [INF] HTTP GET /api/auth/csrf responded 404 in 0.1245 ms
2026-08-30 15:56:34.318 [INF] HTTP POST /api/auth/refresh responded 404 in 0.0658 ms
2026-08-30 15:56:34.691 [INF] HTTP GET /api/auth/csrf responded 404 in 0.7021 ms
2026-08-30 15:56:34.707 [INF] HTTP POST /api/auth/refresh responded 404 in 0.0915 ms
2026-08-30 15:57:07.162 [INF] HTTP GET /api/auth/csrf responded 404 in 0.0825 ms
2026-08-30 15:57:07.179 [INF] HTTP POST /api/auth/refresh responded 404 in 0.0426 ms
2026-08-30 15:57:17.621 [INF] HTTP GET /api/auth/csrf responded 404 in 0.0810 ms
2026-08-30 15:57:17.682 [INF] HTTP POST /api/auth/refresh responded 404 in 0.1177 ms
2026-08-30 15:57:27.097 [INF] Login Successfully, Employee : "08df046f-470d-4db0-8286-3135ffb6f6ce" , UserId :c8bf23af-b2a7-4b83-a995-8a86dcf7217c
2026-08-30 15:57:27.098 [INF] HTTP POST /api/auth/login responded 200 in 580.7418 ms
2026-08-30 15:57:30.036 [INF] Workspace List fetched successfully : For Emplyee "08df046f-470d-4db0-8286-3135ffb6f6ce"
2026-08-30 15:57:30.037 [INF] HTTP GET /api/auth/get-workspace responded 200 in 2855.1032 ms
2026-08-30 15:57:45.712 [INF] Workspace selection successfuly open - "c84c9fae-750c-4327-b3fd-338517be8161"
2026-08-30 15:57:45.713 [INF] HTTP POST /api/auth/select-workspace responded 200 in 12401.3835 ms
2026-08-30 15:57:56.930 [INF] HTTP GET /api/auth/csrf responded 404 in 0.0643 ms
2026-08-30 15:57:57.023 [INF] HTTP POST /api/auth/refresh responded 404 in 0.0620 ms
2026-08-30 16:29:09.861 [INF] HTTP POST /api/auth/login responded 400 in 291.8586 ms
2026-08-30 16:29:35.342 [INF] Login Successfully, Employee : "08df046f-470d-4db0-8286-3135ffb6f6ce" , UserId :c8bf23af-b2a7-4b83-a995-8a86dcf7217c
2026-08-30 16:29:35.343 [INF] HTTP POST /api/auth/login responded 200 in 336.5555 ms
2026-08-30 16:29:41.592 [INF] Workspace List fetched successfully : For Emplyee "08df046f-470d-4db0-8286-3135ffb6f6ce"
2026-08-30 16:29:41.593 [INF] HTTP GET /api/auth/get-workspace responded 200 in 6199.2208 ms
2026-08-30 16:29:44.552 [INF] Workspace selection successfuly open - "c84c9fae-750c-4327-b3fd-338517be8161"
2026-08-30 16:29:44.552 [INF] HTTP POST /api/auth/select-workspace responded 200 in 155.5619 ms
2026-08-30 16:29:48.479 [INF] HTTP GET /api/auth/csrf responded 404 in 0.0625 ms
2026-08-30 16:29:48.496 [INF] HTTP POST /api/auth/refresh responded 404 in 0.0504 ms
2026-08-30 16:32:35.839 [INF] HTTP POST /api/auth/login responded 400 in 70.0572 ms
2026-08-30 16:32:42.529 [INF] Login Successfully, Employee : "08df046f-470d-4db0-8286-3135ffb6f6ce" , UserId :c8bf23af-b2a7-4b83-a995-8a86dcf7217c
2026-08-30 16:32:42.530 [INF] HTTP POST /api/auth/login responded 200 in 315.4375 ms
2026-08-30 16:32:42.733 [INF] Workspace List fetched successfully : For Emplyee "08df046f-470d-4db0-8286-3135ffb6f6ce"
2026-08-30 16:32:42.733 [INF] HTTP GET /api/auth/get-workspace responded 200 in 167.2284 ms
2026-08-30 16:32:44.666 [INF] Workspace selection successfuly open - "c84c9fae-750c-4327-b3fd-338517be8161"
2026-08-30 16:32:44.667 [INF] HTTP POST /api/auth/select-workspace responded 200 in 73.0302 ms
