2026-10-08 21:53:22.388 [INF] Starting database seeding process...
2026-10-08 21:53:23.798 [INF] Seeding Super Admin user: codedev90@gmail.com
2026-10-08 21:53:23.901 [INF] Super Admin user already exists.
2026-10-08 21:53:24.098 [INF] Super Application Role already has all permisson
2026-10-08 21:53:24.224 [INF] Super Admin user created successfully.
2026-10-08 21:53:24.361 [WRN] The ASP.NET Core developer certificate is not trusted. For information about trusting the ASP.NET Core developer certificate, see https://aka.ms/aspnet/https-trust-dev-cert.
2026-10-08 21:53:30.503 [WRN] You do not have a valid license key for the Lucky Penny software AutoMapper. This is allowed for development and testing scenarios. If you are running in production you are required to have a licensed version. Please visit https://luckypennysoftware.com to obtain a valid license.
2026-10-08 21:53:31.128 [INF] Login Successfully, Employee : "08df046f-470d-4db0-8286-3135ffb6f6ce" , UserId :c8bf23af-b2a7-4b83-a995-8a86dcf7217c
2026-10-08 21:53:31.157 [INF] HTTP POST /api/auth/login responded 200 in 780.5589 ms
2026-10-08 21:53:31.720 [INF] Workspace List fetched successfully : For Emplyee "08df046f-470d-4db0-8286-3135ffb6f6ce"
2026-10-08 21:53:31.736 [INF] HTTP GET /api/auth/get-workspace responded 200 in 554.8002 ms
2026-10-08 21:53:33.379 [INF] Workspace selection successfuly open - "c84c9fae-750c-4327-b3fd-338517be8161"
2026-10-08 21:53:33.380 [INF] HTTP POST /api/auth/select-workspace responded 200 in 503.9923 ms
2026-10-08 21:53:36.361 [WRN] You do not have a valid license key for the Lucky Penny software MediatR. This is allowed for development and testing scenarios. If you are running in production you are required to have a licensed version. Please visit https://luckypennysoftware.com to obtain a valid license.
2026-10-08 21:53:36.361 [WRN] You do not have a valid license key for the Lucky Penny software MediatR. This is allowed for development and testing scenarios. If you are running in production you are required to have a licensed version. Please visit https://luckypennysoftware.com to obtain a valid license.
2026-10-08 21:53:36.361 [WRN] You do not have a valid license key for the Lucky Penny software MediatR. This is allowed for development and testing scenarios. If you are running in production you are required to have a licensed version. Please visit https://luckypennysoftware.com to obtain a valid license.
2026-10-08 21:53:36.693 [WRN] Project Stages fetched successfully
2026-10-08 21:53:36.825 [INF] Fetched {Count} Prospect Temperatures 
2026-10-08 21:53:36.827 [INF] HTTP GET /api/master/temperatures responded 200 in 519.9482 ms
2026-10-08 21:53:36.827 [INF] HTTP GET /api/master/project-stages responded 200 in 520.3761 ms
2026-10-08 21:53:36.828 [INF] Fetched {Count} Prospect sources 
2026-10-08 21:53:36.828 [INF] HTTP GET /api/master/sources responded 200 in 524.0214 ms
2026-10-08 21:53:58.002 [INF] Fetched {Count} Prospect Status 
2026-10-08 21:53:58.004 [INF] HTTP GET /api/master/prospect-status responded 200 in 275.8157 ms
2026-10-08 21:53:58.024 [INF] HTTP GET /api/prospects/p-skyline responded 400 in 296.0854 ms
2026-10-08 21:54:10.944 [INF] Prospect List fetched successfully : Organization "c84c9fae-750c-4327-b3fd-338517be8161"
2026-10-08 21:54:10.950 [INF] HTTP GET /api/prospects/list responded 200 in 129.6023 ms
2026-10-08 21:54:12.063 [INF] Fetched {Count} Prospect Temperatures 
2026-10-08 21:54:12.209 [INF] HTTP GET /api/master/temperatures responded 200 in 340.0039 ms
2026-10-08 21:54:12.542 [INF] Prospect  fetched successfully : Organization "c84c9fae-750c-4327-b3fd-338517be8161"
2026-10-08 21:54:12.549 [INF] HTTP GET /api/prospects/6f88cef5-9ba5-4607-b54b-a45e3f61448d responded 200 in 680.4526 ms
2026-10-08 21:54:17.574 [INF] HTTP GET /api/employee/lookup responded 200 in 503.0000 ms
2026-10-08 21:54:17.610 [INF] HTTP GET /api/auth/get-profile responded 200 in 539.3590 ms
2026-10-08 22:05:08.645 [INF] HTTP GET /api/auth/get-profile responded 200 in 1139.2052 ms
2026-10-08 22:05:08.749 [INF] HTTP GET /api/employee/lookup responded 200 in 1243.8427 ms
2026-10-08 22:11:18.974 [INF] HTTP GET /api/auth/csrf responded 404 in 0.4202 ms
