2026-09-01 00:55:37.115 [INF] HTTP GET /api/auth/csrf responded 404 in 0.1115 ms
2026-09-01 00:55:37.157 [INF] Gernerate new refresh token- 
2026-09-01 00:55:37.157 [INF] HTTP POST /api/auth/refresh responded 200 in 35.4932 ms
2026-09-01 00:55:37.186 [INF] Workspace List fetched successfully : For Emplyee "08df046f-470d-4db0-8286-3135ffb6f6ce"
2026-09-01 00:55:37.187 [INF] HTTP GET /api/auth/get-workspace responded 200 in 3.5850 ms
2026-09-01 00:55:38.399 [INF] Workspace selection successfuly open - "c84c9fae-750c-4327-b3fd-338517be8161"
2026-09-01 00:55:38.400 [INF] HTTP POST /api/auth/select-workspace responded 200 in 16.4157 ms
2026-09-01 01:00:27.401 [INF] HTTP GET /api/auth/csrf responded 404 in 0.0917 ms
2026-09-01 01:00:27.421 [INF] Gernerate new refresh token- 
2026-09-01 01:00:27.421 [INF] HTTP POST /api/auth/refresh responded 200 in 13.7381 ms
2026-09-01 01:00:27.461 [INF] Workspace List fetched successfully : For Emplyee "08df046f-470d-4db0-8286-3135ffb6f6ce"
2026-09-01 01:00:27.462 [INF] HTTP GET /api/auth/get-workspace responded 200 in 3.7648 ms
2026-09-01 01:00:28.590 [INF] Workspace selection successfuly open - "c84c9fae-750c-4327-b3fd-338517be8161"
2026-09-01 01:00:28.590 [INF] HTTP POST /api/auth/select-workspace responded 200 in 13.1687 ms
2026-09-01 01:03:12.075 [INF] HTTP GET /api/auth/csrf responded 404 in 0.0554 ms
2026-09-01 01:03:12.088 [INF] Gernerate new refresh token- 
2026-09-01 01:03:12.088 [INF] HTTP POST /api/auth/refresh responded 200 in 9.1990 ms
2026-09-01 01:03:12.125 [INF] Workspace List fetched successfully : For Emplyee "08df046f-470d-4db0-8286-3135ffb6f6ce"
2026-09-01 01:03:12.125 [INF] HTTP GET /api/auth/get-workspace responded 200 in 3.6529 ms
2026-09-01 01:03:13.418 [INF] Workspace selection successfuly open - "c84c9fae-750c-4327-b3fd-338517be8161"
2026-09-01 01:03:13.418 [INF] HTTP POST /api/auth/select-workspace responded 200 in 10.5977 ms
2026-09-01 01:05:05.433 [INF] HTTP GET /api/auth/csrf responded 404 in 0.0636 ms
2026-09-01 01:05:05.451 [INF] Gernerate new refresh token- 
2026-09-01 01:05:05.451 [INF] HTTP POST /api/auth/refresh responded 200 in 12.6317 ms
2026-09-01 01:05:05.489 [INF] Workspace List fetched successfully : For Emplyee "08df046f-470d-4db0-8286-3135ffb6f6ce"
2026-09-01 01:05:05.489 [INF] HTTP GET /api/auth/get-workspace responded 200 in 2.8934 ms
2026-09-01 01:05:06.990 [INF] Workspace selection successfuly open - "c84c9fae-750c-4327-b3fd-338517be8161"
2026-09-01 01:05:06.990 [INF] HTTP POST /api/auth/select-workspace responded 200 in 8.3245 ms
2026-09-01 01:06:07.459 [INF] HTTP GET /api/auth/csrf responded 404 in 0.0713 ms
2026-09-01 01:06:07.473 [INF] Gernerate new refresh token- 
2026-09-01 01:06:07.473 [INF] HTTP POST /api/auth/refresh responded 200 in 7.7657 ms
2026-09-01 01:06:07.507 [INF] Workspace List fetched successfully : For Emplyee "08df046f-470d-4db0-8286-3135ffb6f6ce"
2026-09-01 01:06:07.507 [INF] HTTP GET /api/auth/get-workspace responded 200 in 3.3709 ms
2026-09-01 01:06:08.388 [INF] Workspace selection successfuly open - "c84c9fae-750c-4327-b3fd-338517be8161"
2026-09-01 01:06:08.389 [INF] HTTP POST /api/auth/select-workspace responded 200 in 9.4688 ms
2026-09-01 01:14:04.021 [INF] HTTP GET /api/auth/csrf responded 404 in 0.0760 ms
2026-09-01 01:14:04.066 [INF] Gernerate new refresh token- 
2026-09-01 01:14:04.066 [INF] HTTP POST /api/auth/refresh responded 200 in 36.0800 ms
2026-09-01 01:14:04.098 [INF] Workspace List fetched successfully : For Emplyee "08df046f-470d-4db0-8286-3135ffb6f6ce"
2026-09-01 01:14:04.098 [INF] HTTP GET /api/auth/get-workspace responded 200 in 8.8571 ms
2026-09-01 01:14:05.133 [INF] Workspace selection successfuly open - "c84c9fae-750c-4327-b3fd-338517be8161"
2026-09-01 01:14:05.133 [INF] HTTP POST /api/auth/select-workspace responded 200 in 9.2359 ms
2026-09-01 01:35:46.293 [INF] HTTP GET /api/auth/csrf responded 404 in 0.0815 ms
2026-09-01 01:35:46.410 [INF] Gernerate new refresh token- 
2026-09-01 01:35:46.411 [INF] HTTP POST /api/auth/refresh responded 200 in 47.5769 ms
2026-09-01 01:35:46.513 [INF] Workspace List fetched successfully : For Emplyee "08df046f-470d-4db0-8286-3135ffb6f6ce"
2026-09-01 01:35:46.513 [INF] HTTP GET /api/auth/get-workspace responded 200 in 10.6136 ms
2026-09-01 01:35:48.405 [INF] Workspace selection successfuly open - "c84c9fae-750c-4327-b3fd-338517be8161"
2026-09-01 01:35:48.405 [INF] HTTP POST /api/auth/select-workspace responded 200 in 7.3149 ms
2026-09-01 01:50:00.286 [INF] HTTP GET /api/auth/csrf responded 404 in 0.0860 ms
2026-09-01 01:50:00.337 [INF] Gernerate new refresh token- 
2026-09-01 01:50:00.337 [INF] HTTP POST /api/auth/refresh responded 200 in 43.9367 ms
2026-09-01 01:50:00.397 [INF] Workspace List fetched successfully : For Emplyee "08df046f-470d-4db0-8286-3135ffb6f6ce"
2026-09-01 01:50:00.397 [INF] HTTP GET /api/auth/get-workspace responded 200 in 4.3035 ms
2026-09-01 01:50:01.618 [INF] Workspace selection successfuly open - "c84c9fae-750c-4327-b3fd-338517be8161"
2026-09-01 01:50:01.618 [INF] HTTP POST /api/auth/select-workspace responded 200 in 9.0559 ms
2026-09-01 01:57:26.452 [INF] HTTP GET /api/auth/csrf responded 404 in 0.0946 ms
2026-09-01 01:57:26.552 [INF] Gernerate new refresh token- 
2026-09-01 01:57:26.552 [INF] HTTP POST /api/auth/refresh responded 200 in 77.8042 ms
2026-09-01 01:57:34.624 [INF] HTTP GET /api/auth/csrf responded 404 in 0.1508 ms
2026-09-01 01:57:34.650 [WRN] Refresh token Rotation failed: Token not found dVWvsZnL6uO3a5oJSEYO_xuCWDHPCxS7WACDKxUiTMpfC4GOfkrVw0fDNDP30quRAIU9UFf9xY8iSKiljVla8A
2026-09-01 01:57:34.650 [INF] HTTP POST /api/auth/refresh responded 400 in 3.6267 ms
2026-09-01 01:57:40.181 [INF] HTTP GET /api/auth/csrf responded 404 in 0.1144 ms
2026-09-01 01:57:40.190 [WRN] Refresh token Rotation failed: Token not found 
2026-09-01 01:57:40.191 [INF] HTTP POST /api/auth/refresh responded 400 in 1.2959 ms
2026-09-01 01:57:55.459 [INF] Login Successfully, Employee : "08df046f-470d-4db0-8286-3135ffb6f6ce" , UserId :c8bf23af-b2a7-4b83-a995-8a86dcf7217c
2026-09-01 01:57:55.460 [INF] HTTP POST /api/auth/login responded 200 in 109.8471 ms
2026-09-01 01:57:55.532 [INF] Workspace List fetched successfully : For Emplyee "08df046f-470d-4db0-8286-3135ffb6f6ce"
2026-09-01 01:57:55.532 [INF] HTTP GET /api/auth/get-workspace responded 200 in 11.8305 ms
2026-09-01 01:57:56.534 [INF] Workspace selection successfuly open - "c84c9fae-750c-4327-b3fd-338517be8161"
2026-09-01 01:57:56.534 [INF] HTTP POST /api/auth/select-workspace responded 200 in 9.1628 ms
2026-09-01 02:12:00.084 [INF] HTTP GET /api/auth/csrf responded 404 in 0.0635 ms
2026-09-01 02:12:00.125 [INF] Gernerate new refresh token- 
2026-09-01 02:12:00.126 [INF] HTTP POST /api/auth/refresh responded 200 in 35.9413 ms
2026-09-01 02:12:00.154 [INF] Workspace List fetched successfully : For Emplyee "08df046f-470d-4db0-8286-3135ffb6f6ce"
2026-09-01 02:12:00.154 [INF] HTTP GET /api/auth/get-workspace responded 200 in 3.0878 ms
2026-09-01 02:12:01.372 [INF] Workspace selection successfuly open - "c84c9fae-750c-4327-b3fd-338517be8161"
2026-09-01 02:12:01.372 [INF] HTTP POST /api/auth/select-workspace responded 200 in 12.7312 ms
2026-09-01 02:13:02.096 [INF] HTTP GET /api/auth/csrf responded 404 in 0.0607 ms
2026-09-01 02:13:02.115 [INF] Gernerate new refresh token- 
2026-09-01 02:13:02.116 [INF] HTTP POST /api/auth/refresh responded 200 in 15.3579 ms
2026-09-01 02:13:02.141 [INF] Workspace List fetched successfully : For Emplyee "08df046f-470d-4db0-8286-3135ffb6f6ce"
2026-09-01 02:13:02.142 [INF] HTTP GET /api/auth/get-workspace responded 200 in 8.1334 ms
2026-09-01 02:13:18.980 [INF] HTTP GET /api/auth/csrf responded 404 in 0.0711 ms
2026-09-01 02:13:18.987 [WRN] Refresh token Rotation failed: Token not found y4WSntcyGckp1trgxA_7IPMeXxvGdUW1GmciwDUp9se_Q4f7NL3pYfdWHmi73cg4lQqu64fPPlSp6lYa4bBCjw
2026-09-01 02:13:18.987 [INF] HTTP POST /api/auth/refresh responded 400 in 3.1908 ms
2026-09-01 02:13:20.724 [INF] Login Successfully, Employee : "08df046f-470d-4db0-8286-3135ffb6f6ce" , UserId :c8bf23af-b2a7-4b83-a995-8a86dcf7217c
2026-09-01 02:13:20.724 [INF] HTTP POST /api/auth/login responded 200 in 64.5801 ms
2026-09-01 02:13:20.750 [INF] Workspace List fetched successfully : For Emplyee "08df046f-470d-4db0-8286-3135ffb6f6ce"
2026-09-01 02:13:20.750 [INF] HTTP GET /api/auth/get-workspace responded 200 in 7.4672 ms
2026-09-01 02:13:21.729 [INF] Workspace selection successfuly open - "c84c9fae-750c-4327-b3fd-338517be8161"
2026-09-01 02:13:21.730 [INF] HTTP POST /api/auth/select-workspace responded 200 in 10.6410 ms
2026-09-01 02:13:43.558 [INF] HTTP GET /api/auth/csrf responded 404 in 0.0441 ms
2026-09-01 02:13:43.573 [INF] Gernerate new refresh token- 
2026-09-01 02:13:43.573 [INF] HTTP POST /api/auth/refresh responded 200 in 10.7967 ms
2026-09-01 02:13:43.590 [INF] Workspace List fetched successfully : For Emplyee "08df046f-470d-4db0-8286-3135ffb6f6ce"
2026-09-01 02:13:43.590 [INF] HTTP GET /api/auth/get-workspace responded 200 in 6.6180 ms
2026-09-01 02:13:45.220 [INF] Workspace selection successfuly open - "c84c9fae-750c-4327-b3fd-338517be8161"
2026-09-01 02:13:45.220 [INF] HTTP POST /api/auth/select-workspace responded 200 in 9.8219 ms
2026-09-01 02:24:29.486 [INF] HTTP GET /api/auth/csrf responded 404 in 0.1544 ms
2026-09-01 02:24:29.537 [INF] Gernerate new refresh token- 
2026-09-01 02:24:29.537 [INF] HTTP POST /api/auth/refresh responded 200 in 44.4418 ms
2026-09-01 02:24:29.596 [INF] Workspace List fetched successfully : For Emplyee "08df046f-470d-4db0-8286-3135ffb6f6ce"
2026-09-01 02:24:29.596 [INF] HTTP GET /api/auth/get-workspace responded 200 in 14.2926 ms
2026-09-01 02:24:31.054 [INF] Workspace selection successfuly open - "c84c9fae-750c-4327-b3fd-338517be8161"
2026-09-01 02:24:31.054 [INF] HTTP POST /api/auth/select-workspace responded 200 in 7.2420 ms
2026-09-01 02:30:54.227 [INF] HTTP GET /api/auth/csrf responded 404 in 0.0803 ms
2026-09-01 02:30:54.296 [INF] Gernerate new refresh token- 
2026-09-01 02:30:54.297 [INF] HTTP POST /api/auth/refresh responded 200 in 55.8611 ms
2026-09-01 02:31:05.104 [INF] Workspace List fetched successfully : For Emplyee "08df046f-470d-4db0-8286-3135ffb6f6ce"
2026-09-01 02:31:05.104 [INF] HTTP GET /api/auth/get-workspace responded 200 in 5.0438 ms
2026-09-01 02:31:06.906 [INF] Workspace selection successfuly open - "c84c9fae-750c-4327-b3fd-338517be8161"
2026-09-01 02:31:06.906 [INF] HTTP POST /api/auth/select-workspace responded 200 in 9.3988 ms
2026-09-01 02:31:07.748 [INF] HTTP GET /api/auth/csrf responded 404 in 0.0893 ms
2026-09-01 02:31:07.765 [INF] Gernerate new refresh token- 
2026-09-01 02:31:07.765 [INF] HTTP POST /api/auth/refresh responded 200 in 9.3374 ms
2026-09-01 02:31:07.778 [INF] Workspace List fetched successfully : For Emplyee "08df046f-470d-4db0-8286-3135ffb6f6ce"
2026-09-01 02:31:07.778 [INF] HTTP GET /api/auth/get-workspace responded 200 in 3.7262 ms
2026-09-01 02:31:09.409 [INF] Workspace selection successfuly open - "c84c9fae-750c-4327-b3fd-338517be8161"
2026-09-01 02:31:09.409 [INF] HTTP POST /api/auth/select-workspace responded 200 in 7.9300 ms
2026-09-01 02:31:57.503 [INF] HTTP GET /api/auth/csrf responded 404 in 0.0575 ms
2026-09-01 02:31:57.530 [INF] Gernerate new refresh token- 
2026-09-01 02:31:57.530 [INF] HTTP POST /api/auth/refresh responded 200 in 13.3483 ms
2026-09-01 02:31:57.548 [INF] Workspace List fetched successfully : For Emplyee "08df046f-470d-4db0-8286-3135ffb6f6ce"
2026-09-01 02:31:57.548 [INF] HTTP GET /api/auth/get-workspace responded 200 in 6.5915 ms
2026-09-01 02:31:59.773 [INF] Workspace selection successfuly open - "c84c9fae-750c-4327-b3fd-338517be8161"
2026-09-01 02:31:59.773 [INF] HTTP POST /api/auth/select-workspace responded 200 in 9.4932 ms
2026-09-01 02:42:19.486 [INF] HTTP GET /api/auth/csrf responded 404 in 0.1007 ms
2026-09-01 02:42:19.524 [INF] Gernerate new refresh token- 
2026-09-01 02:42:19.524 [INF] HTTP POST /api/auth/refresh responded 200 in 33.1970 ms
2026-09-01 02:42:19.552 [INF] Workspace List fetched successfully : For Emplyee "08df046f-470d-4db0-8286-3135ffb6f6ce"
2026-09-01 02:42:19.552 [INF] HTTP GET /api/auth/get-workspace responded 200 in 3.6612 ms
2026-09-01 02:42:20.951 [INF] Workspace selection successfuly open - "c84c9fae-750c-4327-b3fd-338517be8161"
2026-09-01 02:42:20.951 [INF] HTTP POST /api/auth/select-workspace responded 200 in 6.9505 ms
2026-09-01 02:54:40.129 [INF] HTTP GET /api/auth/csrf responded 404 in 0.0815 ms
2026-09-01 02:54:40.168 [INF] Gernerate new refresh token- 
2026-09-01 02:54:40.169 [INF] HTTP POST /api/auth/refresh responded 200 in 30.9047 ms
2026-09-01 02:54:40.194 [INF] Workspace List fetched successfully : For Emplyee "08df046f-470d-4db0-8286-3135ffb6f6ce"
2026-09-01 02:54:40.195 [INF] HTTP GET /api/auth/get-workspace responded 200 in 5.1815 ms
2026-09-01 02:54:41.354 [INF] Workspace selection successfuly open - "c84c9fae-750c-4327-b3fd-338517be8161"
2026-09-01 02:54:41.354 [INF] HTTP POST /api/auth/select-workspace responded 200 in 8.7532 ms
2026-09-01 03:03:02.984 [INF] HTTP GET /api/auth/csrf responded 404 in 0.0565 ms
2026-09-01 03:03:03.026 [INF] Gernerate new refresh token- 
2026-09-01 03:03:03.026 [INF] HTTP POST /api/auth/refresh responded 200 in 33.4504 ms
2026-09-01 03:03:03.047 [INF] Workspace List fetched successfully : For Emplyee "08df046f-470d-4db0-8286-3135ffb6f6ce"
2026-09-01 03:03:03.047 [INF] HTTP GET /api/auth/get-workspace responded 200 in 3.5879 ms
2026-09-01 03:03:04.197 [INF] Workspace selection successfuly open - "c84c9fae-750c-4327-b3fd-338517be8161"
2026-09-01 03:03:04.197 [INF] HTTP POST /api/auth/select-workspace responded 200 in 7.4999 ms
2026-09-01 03:04:37.414 [INF] HTTP GET /api/auth/csrf responded 404 in 0.0574 ms
2026-09-01 03:04:37.429 [INF] Gernerate new refresh token- 
2026-09-01 03:04:37.429 [INF] HTTP POST /api/auth/refresh responded 200 in 7.8072 ms
2026-09-01 03:04:37.471 [INF] Workspace List fetched successfully : For Emplyee "08df046f-470d-4db0-8286-3135ffb6f6ce"
2026-09-01 03:04:37.471 [INF] HTTP GET /api/auth/get-workspace responded 200 in 3.0931 ms
2026-09-01 03:04:39.023 [INF] Workspace selection successfuly open - "c84c9fae-750c-4327-b3fd-338517be8161"
2026-09-01 03:04:39.023 [INF] HTTP POST /api/auth/select-workspace responded 200 in 8.4039 ms
2026-09-01 21:18:43.483 [INF] Starting database seeding process...
2026-09-01 21:18:45.893 [INF] Seeding Super Admin user: codedev90@gmail.com
2026-09-01 21:18:46.043 [INF] Super Admin user already exists.
2026-09-01 21:18:46.371 [INF] Super Application Role already has all permisson
2026-09-01 21:18:46.489 [INF] Super Admin user created successfully.
2026-09-01 21:19:38.363 [INF] HTTP GET /api/auth/csrf responded 404 in 70.7241 ms
2026-09-01 21:19:38.513 [WRN] Refresh token Rotation failed: Token not found 
2026-09-01 21:19:38.571 [INF] HTTP POST /api/auth/refresh responded 400 in 170.4864 ms
2026-09-01 21:19:44.498 [INF] Login Successfully, Employee : "08df046f-470d-4db0-8286-3135ffb6f6ce" , UserId :c8bf23af-b2a7-4b83-a995-8a86dcf7217c
2026-09-01 21:19:44.504 [INF] HTTP POST /api/auth/login responded 200 in 628.4792 ms
2026-09-01 21:19:45.456 [INF] Workspace List fetched successfully : For Emplyee "08df046f-470d-4db0-8286-3135ffb6f6ce"
2026-09-01 21:19:45.468 [INF] HTTP GET /api/auth/get-workspace responded 200 in 920.0167 ms
2026-09-01 21:19:47.938 [INF] Workspace selection successfuly open - "c84c9fae-750c-4327-b3fd-338517be8161"
2026-09-01 21:19:47.938 [INF] HTTP POST /api/auth/select-workspace responded 200 in 729.1648 ms
