2026-10-09 05:30:29.454 [INF] Gernerate new refresh token- 
2026-10-09 05:30:29.457 [INF] HTTP POST /api/auth/refresh responded 200 in 445.5538 ms
2026-10-09 05:30:32.168 [INF] Workspace List fetched successfully : For Emplyee "08df046f-470d-4db0-8286-3135ffb6f6ce"
2026-10-09 05:30:32.168 [INF] HTTP GET /api/auth/get-workspace responded 200 in 255.6407 ms
2026-10-09 05:30:47.507 [INF] Workspace selection successfuly open - "c84c9fae-750c-4327-b3fd-338517be8161"
2026-10-09 05:30:47.508 [INF] HTTP POST /api/auth/select-workspace responded 200 in 265.3578 ms
2026-10-09 05:36:16.529 [INF] Prospect List fetched successfully : Organization "c84c9fae-750c-4327-b3fd-338517be8161"
2026-10-09 05:36:16.530 [INF] HTTP GET /api/prospects/list responded 200 in 324.3688 ms
2026-10-09 05:36:18.134 [INF] Fetched {Count} Prospect Temperatures 
2026-10-09 05:36:18.156 [INF] HTTP GET /api/master/temperatures responded 200 in 468.7287 ms
2026-10-09 05:36:18.162 [INF] Fetched {Count} Prospect Status 
2026-10-09 05:36:18.186 [INF] HTTP GET /api/master/prospect-status responded 200 in 498.7126 ms
2026-10-09 05:36:18.231 [INF] Prospect  fetched successfully : Organization "c84c9fae-750c-4327-b3fd-338517be8161"
2026-10-09 05:36:18.232 [INF] HTTP GET /api/prospects/6f88cef5-9ba5-4607-b54b-a45e3f61448d responded 200 in 545.8073 ms
2026-10-09 05:36:20.506 [INF] HTTP GET /api/auth/get-profile responded 200 in 330.5313 ms
2026-10-09 05:36:20.556 [INF] HTTP GET /api/employee/lookup responded 200 in 380.2976 ms
2026-10-09 05:58:37.670 [INF] HTTP GET /api/auth/get-profile responded 200 in 820.5618 ms
2026-10-09 05:58:37.722 [INF] HTTP GET /api/employee/lookup responded 200 in 850.1517 ms
2026-10-09 05:59:11.080 [INF] HTTP GET /api/employee/lookup responded 200 in 298.7554 ms
2026-10-09 05:59:40.989 [INF] HTTP GET /api/auth/get-profile responded 200 in 155.5255 ms
2026-10-09 06:00:19.206 [INF] HTTP GET /api/employee/lookup responded 200 in 420.0099 ms
2026-10-09 06:00:55.293 [INF] HTTP GET /api/auth/get-profile responded 200 in 463.2489 ms
2026-10-09 06:00:55.440 [INF] HTTP GET /api/employee/lookup responded 200 in 610.6231 ms
2026-10-09 06:05:13.187 [INF] HTTP GET /api/auth/get-profile responded 200 in 403.1015 ms
2026-10-09 06:05:13.293 [INF] HTTP GET /api/employee/lookup responded 200 in 508.5278 ms
2026-10-09 06:06:56.896 [INF] HTTP GET /api/auth/get-profile responded 200 in 611.3886 ms
2026-10-09 06:06:56.984 [INF] HTTP GET /api/employee/lookup responded 200 in 698.9253 ms
2026-10-09 06:08:11.737 [INF] HTTP GET /api/employee/lookup responded 200 in 363.2653 ms
2026-10-09 06:08:11.971 [INF] HTTP GET /api/auth/get-profile responded 200 in 596.5343 ms
2026-10-09 06:09:22.371 [INF] HTTP GET /api/auth/get-profile responded 200 in 418.5222 ms
2026-10-09 06:09:22.448 [INF] HTTP GET /api/employee/lookup responded 200 in 493.7445 ms
2026-10-09 06:12:49.925 [INF] HTTP GET /api/auth/get-profile responded 200 in 451.9492 ms
2026-10-09 06:12:50.011 [INF] HTTP GET /api/employee/lookup responded 200 in 537.5362 ms
2026-10-09 06:14:19.894 [INF] HTTP GET /api/auth/get-profile responded 200 in 340.2269 ms
2026-10-09 06:14:19.999 [INF] HTTP GET /api/employee/lookup responded 200 in 444.7741 ms
2026-10-09 06:15:27.369 [INF] HTTP GET /api/auth/get-profile responded 200 in 401.4859 ms
2026-10-09 06:15:27.414 [INF] HTTP GET /api/employee/lookup responded 200 in 446.0949 ms
2026-10-09 06:17:20.128 [INF] HTTP GET /api/auth/get-profile responded 200 in 270.6846 ms
2026-10-09 06:17:20.297 [INF] HTTP GET /api/employee/lookup responded 200 in 439.6689 ms
2026-10-09 06:19:49.040 [INF] HTTP GET /api/auth/get-profile responded 200 in 435.0760 ms
2026-10-09 06:19:49.116 [INF] HTTP GET /api/employee/lookup responded 200 in 509.9116 ms
2026-10-09 06:21:00.805 [INF] HTTP POST /api/meeting responded 404 in 0.3256 ms
2026-10-09 06:21:10.814 [INF] HTTP GET /api/auth/csrf responded 404 in 0.0683 ms
2026-10-09 06:21:11.038 [INF] Gernerate new refresh token- 
2026-10-09 06:21:11.038 [INF] HTTP POST /api/auth/refresh responded 200 in 218.7443 ms
2026-10-09 06:21:11.128 [INF] Workspace List fetched successfully : For Emplyee "08df046f-470d-4db0-8286-3135ffb6f6ce"
2026-10-09 06:21:11.128 [INF] HTTP GET /api/auth/get-workspace responded 200 in 75.9262 ms
2026-10-09 06:22:25.441 [INF] Starting database seeding process...
2026-10-09 06:22:26.586 [INF] Seeding Super Admin user: codedev90@gmail.com
2026-10-09 06:22:26.746 [INF] Super Admin user already exists.
2026-10-09 06:22:27.127 [INF] Super Application Role already has all permisson
2026-10-09 06:22:27.230 [INF] Super Admin user created successfully.
2026-10-09 06:22:27.322 [WRN] The ASP.NET Core developer certificate is not trusted. For information about trusting the ASP.NET Core developer certificate, see https://aka.ms/aspnet/https-trust-dev-cert.
2026-10-09 06:22:57.056 [WRN] You do not have a valid license key for the Lucky Penny software MediatR. This is allowed for development and testing scenarios. If you are running in production you are required to have a licensed version. Please visit https://luckypennysoftware.com to obtain a valid license.
2026-10-09 06:22:57.466 [WRN] You do not have a valid license key for the Lucky Penny software AutoMapper. This is allowed for development and testing scenarios. If you are running in production you are required to have a licensed version. Please visit https://luckypennysoftware.com to obtain a valid license.
2026-10-09 06:22:57.701 [ERR] Meeting created failed : Prospect not found "00000000-0000-0000-0000-000000000000"
2026-10-09 06:22:57.795 [INF] HTTP POST /api/meeting responded 400 in 866.7798 ms
2026-10-09 06:23:41.803 [INF] HTTP GET /api/employee/lookup responded 200 in 1186.7295 ms
2026-10-09 06:23:41.808 [INF] HTTP GET /api/auth/get-profile responded 200 in 1191.7916 ms
2026-10-09 06:24:15.707 [INF] HTTP GET /api/employee/lookup responded 200 in 511.0871 ms
2026-10-09 06:25:07.905 [INF] HTTP GET /api/employee/lookup responded 200 in 1159.7234 ms
2026-10-09 06:25:07.905 [INF] HTTP GET /api/auth/get-profile responded 200 in 1183.1352 ms
2026-10-09 06:27:28.782 [INF] HTTP GET /api/auth/get-profile responded 200 in 1730.3261 ms
2026-10-09 06:27:29.029 [INF] HTTP GET /api/employee/lookup responded 200 in 1998.1784 ms
2026-10-09 06:27:29.295 [INF] Fetched {Count} Prospect Temperatures 
2026-10-09 06:27:29.295 [INF] Fetched {Count} Prospect Status 
2026-10-09 06:27:29.298 [INF] HTTP GET /api/master/prospect-status responded 200 in 2370.5499 ms
2026-10-09 06:27:29.298 [INF] HTTP GET /api/master/temperatures responded 200 in 2244.4215 ms
2026-10-09 06:27:29.403 [INF] Prospect  fetched successfully : Organization "c84c9fae-750c-4327-b3fd-338517be8161"
2026-10-09 06:27:29.412 [INF] HTTP GET /api/prospects/6f88cef5-9ba5-4607-b54b-a45e3f61448d responded 200 in 2380.5995 ms
2026-10-09 06:28:05.367 [ERR] Failed executing DbCommand (5ms) [Parameters=[@p0='?' (DbType = Guid), @p1='?' (Size = 4000), @p2='?' (DbType = DateTime), @p3='?' (DbType = Guid), @p4='?' (Size = 4000), @p5='?' (DbType = Guid), @p6='?' (Size = 4000), @p7='?' (DbType = Guid), @p8='?' (DbType = Int32), @p9='?' (Size = 4000), @p10='?' (DbType = DateTime), @p11='?' (DbType = Guid), @p12='?' (DbType = DateTime), @p13='?' (DbType = Guid), @p14='?' (DbType = Int32), @p15='?' (Size = 4000), @p16='?' (DbType = DateTime), @p17='?' (DbType = Guid), @p18='?' (DbType = Guid), @p19='?' (DbType = Guid), @p20='?' (DbType = Int32), @p21='?' (Size = 2000), @p22='?' (Size = 500)], CommandType='"Text"', CommandTimeout='30']
INSERT INTO `Meetings` (`Id`, `Agenda`, `CreatedAt`, `CreatedById`, `Location`, `OrganizationId`, `Output`, `ProspectId`, `Status`, `Subject`, `When`)
VALUES (@p0, @p1, @p2, @p3, @p4, @p5, @p6, @p7, @p8, @p9, @p10);
INSERT INTO `ProspectTimeLines` (`Id`, `CreatedAt`, `EmployeeId`, `EventType`, `Metadata`, `OccurredAt`, `OrganizationId`, `ProspectId`, `SourceEntityId`, `SourceEntityType`, `Summary`, `Title`)
VALUES (@p11, @p12, @p13, @p14, @p15, @p16, @p17, @p18, @p19, @p20, @p21, @p22);
2026-10-09 06:28:05.439 [ERR] An exception occurred in the database while saving changes for context type 'Adveshta.DataAccess.Data.ApplicationDbContext'.
Microsoft.EntityFrameworkCore.DbUpdateException: An error occurred while saving the entity changes. See the inner exception for details.
 ---> MySqlConnector.MySqlException (0x80004005): Cannot add or update a child row: a foreign key constraint fails (`AegisDb`.`Meetings`, CONSTRAINT `FK_Meetings_Organizations_OrganizationId` FOREIGN KEY (`OrganizationId`) REFERENCES `Organizations` (`Id`) ON DELETE CASCADE)
   at MySqlConnector.Core.ServerSession.ReceiveReplyAsync(IOBehavior ioBehavior, CancellationToken cancellationToken) in /_/src/MySqlConnector/Core/ServerSession.cs:line 894
   at MySqlConnector.Core.ResultSet.ReadResultSetHeaderAsync(IOBehavior ioBehavior) in /_/src/MySqlConnector/Core/ResultSet.cs:line 37
   at MySqlConnector.MySqlDataReader.ActivateResultSet(CancellationToken cancellationToken) in /_/src/MySqlConnector/MySqlDataReader.cs:line 130
   at MySqlConnector.MySqlDataReader.InitAsync(CommandListPosition commandListPosition, ICommandPayloadCreator payloadCreator, IDictionary`2 cachedProcedures, IMySqlCommand command, CommandBehavior behavior, Activity activity, IOBehavior ioBehavior, CancellationToken cancellationToken) in /_/src/MySqlConnector/MySqlDataReader.cs:line 483
   at MySqlConnector.Core.CommandExecutor.ExecuteReaderAsync(CommandListPosition commandListPosition, ICommandPayloadCreator payloadCreator, CommandBehavior behavior, Activity activity, IOBehavior ioBehavior, CancellationToken cancellationToken) in /_/src/MySqlConnector/Core/CommandExecutor.cs:line 56
   at MySqlConnector.MySqlCommand.ExecuteReaderAsync(CommandBehavior behavior, IOBehavior ioBehavior, CancellationToken cancellationToken) in /_/src/MySqlConnector/MySqlCommand.cs:line 357
   at MySqlConnector.MySqlCommand.ExecuteDbDataReaderAsync(CommandBehavior behavior, CancellationToken cancellationToken) in /_/src/MySqlConnector/MySqlCommand.cs:line 350
   at Microsoft.EntityFrameworkCore.Storage.RelationalCommand.ExecuteReaderAsync(RelationalCommandParameterObject parameterObject, CancellationToken cancellationToken)
   at Microsoft.EntityFrameworkCore.Storage.RelationalCommand.ExecuteReaderAsync(RelationalCommandParameterObject parameterObject, CancellationToken cancellationToken)
   at Microsoft.EntityFrameworkCore.Update.ReaderModificationCommandBatch.ExecuteAsync(IRelationalConnection connection, CancellationToken cancellationToken)
   --- End of inner exception stack trace ---
   at Microsoft.EntityFrameworkCore.Update.ReaderModificationCommandBatch.ExecuteAsync(IRelationalConnection connection, CancellationToken cancellationToken)
   at Microsoft.EntityFrameworkCore.Update.Internal.BatchExecutor.ExecuteAsync(IEnumerable`1 commandBatches, IRelationalConnection connection, CancellationToken cancellationToken)
   at Microsoft.EntityFrameworkCore.Update.Internal.BatchExecutor.ExecuteAsync(IEnumerable`1 commandBatches, IRelationalConnection connection, CancellationToken cancellationToken)
   at Microsoft.EntityFrameworkCore.Update.Internal.BatchExecutor.ExecuteAsync(IEnumerable`1 commandBatches, IRelationalConnection connection, CancellationToken cancellationToken)
   at Microsoft.EntityFrameworkCore.ChangeTracking.Internal.StateManager.SaveChangesAsync(IList`1 entriesToSave, CancellationToken cancellationToken)
   at Microsoft.EntityFrameworkCore.ChangeTracking.Internal.StateManager.SaveChangesAsync(StateManager stateManager, Boolean acceptAllChangesOnSuccess, CancellationToken cancellationToken)
   at Pomelo.EntityFrameworkCore.MySql.Storage.Internal.MySqlExecutionStrategy.ExecuteAsync[TState,TResult](TState state, Func`4 operation, Func`4 verifySucceeded, CancellationToken cancellationToken)
   at Microsoft.EntityFrameworkCore.DbContext.SaveChangesAsync(Boolean acceptAllChangesOnSuccess, CancellationToken cancellationToken)
Microsoft.EntityFrameworkCore.DbUpdateException: An error occurred while saving the entity changes. See the inner exception for details.
 ---> MySqlConnector.MySqlException (0x80004005): Cannot add or update a child row: a foreign key constraint fails (`AegisDb`.`Meetings`, CONSTRAINT `FK_Meetings_Organizations_OrganizationId` FOREIGN KEY (`OrganizationId`) REFERENCES `Organizations` (`Id`) ON DELETE CASCADE)
   at MySqlConnector.Core.ServerSession.ReceiveReplyAsync(IOBehavior ioBehavior, CancellationToken cancellationToken) in /_/src/MySqlConnector/Core/ServerSession.cs:line 894
   at MySqlConnector.Core.ResultSet.ReadResultSetHeaderAsync(IOBehavior ioBehavior) in /_/src/MySqlConnector/Core/ResultSet.cs:line 37
   at MySqlConnector.MySqlDataReader.ActivateResultSet(CancellationToken cancellationToken) in /_/src/MySqlConnector/MySqlDataReader.cs:line 130
   at MySqlConnector.MySqlDataReader.InitAsync(CommandListPosition commandListPosition, ICommandPayloadCreator payloadCreator, IDictionary`2 cachedProcedures, IMySqlCommand command, CommandBehavior behavior, Activity activity, IOBehavior ioBehavior, CancellationToken cancellationToken) in /_/src/MySqlConnector/MySqlDataReader.cs:line 483
   at MySqlConnector.Core.CommandExecutor.ExecuteReaderAsync(CommandListPosition commandListPosition, ICommandPayloadCreator payloadCreator, CommandBehavior behavior, Activity activity, IOBehavior ioBehavior, CancellationToken cancellationToken) in /_/src/MySqlConnector/Core/CommandExecutor.cs:line 56
   at MySqlConnector.MySqlCommand.ExecuteReaderAsync(CommandBehavior behavior, IOBehavior ioBehavior, CancellationToken cancellationToken) in /_/src/MySqlConnector/MySqlCommand.cs:line 357
   at MySqlConnector.MySqlCommand.ExecuteDbDataReaderAsync(CommandBehavior behavior, CancellationToken cancellationToken) in /_/src/MySqlConnector/MySqlCommand.cs:line 350
   at Microsoft.EntityFrameworkCore.Storage.RelationalCommand.ExecuteReaderAsync(RelationalCommandParameterObject parameterObject, CancellationToken cancellationToken)
   at Microsoft.EntityFrameworkCore.Storage.RelationalCommand.ExecuteReaderAsync(RelationalCommandParameterObject parameterObject, CancellationToken cancellationToken)
   at Microsoft.EntityFrameworkCore.Update.ReaderModificationCommandBatch.ExecuteAsync(IRelationalConnection connection, CancellationToken cancellationToken)
   --- End of inner exception stack trace ---
   at Microsoft.EntityFrameworkCore.Update.ReaderModificationCommandBatch.ExecuteAsync(IRelationalConnection connection, CancellationToken cancellationToken)
   at Microsoft.EntityFrameworkCore.Update.Internal.BatchExecutor.ExecuteAsync(IEnumerable`1 commandBatches, IRelationalConnection connection, CancellationToken cancellationToken)
   at Microsoft.EntityFrameworkCore.Update.Internal.BatchExecutor.ExecuteAsync(IEnumerable`1 commandBatches, IRelationalConnection connection, CancellationToken cancellationToken)
   at Microsoft.EntityFrameworkCore.Update.Internal.BatchExecutor.ExecuteAsync(IEnumerable`1 commandBatches, IRelationalConnection connection, CancellationToken cancellationToken)
   at Microsoft.EntityFrameworkCore.ChangeTracking.Internal.StateManager.SaveChangesAsync(IList`1 entriesToSave, CancellationToken cancellationToken)
   at Microsoft.EntityFrameworkCore.ChangeTracking.Internal.StateManager.SaveChangesAsync(StateManager stateManager, Boolean acceptAllChangesOnSuccess, CancellationToken cancellationToken)
   at Pomelo.EntityFrameworkCore.MySql.Storage.Internal.MySqlExecutionStrategy.ExecuteAsync[TState,TResult](TState state, Func`4 operation, Func`4 verifySucceeded, CancellationToken cancellationToken)
   at Microsoft.EntityFrameworkCore.DbContext.SaveChangesAsync(Boolean acceptAllChangesOnSuccess, CancellationToken cancellationToken)
   at Microsoft.EntityFrameworkCore.DbContext.SaveChangesAsync(Boolean acceptAllChangesOnSuccess, CancellationToken cancellationToken)
   at Adveshta.Services.Features.MeetingManagement.CreateMeeting.CreateMeetingHandler.Handle(CreateMeetingCommand request, CancellationToken cancellationToken) in /home/admin1/Projects/Adveshta/Adveshta.Services/Features/MeetingManagement/CreateMeeting.cs:line 87
2026-10-09 06:28:05.535 [ERR] Meeting created failed : Error An error occurred while saving the entity changes. See the inner exception for details.
2026-10-09 06:28:05.536 [ERR] HTTP POST /api/meeting responded 500 in 645.2890 ms
2026-10-09 06:29:46.601 [INF] HTTP GET /api/auth/csrf responded 404 in 0.5236 ms
2026-10-09 06:29:48.066 [WRN] Refresh token Rotation failed: Token not found dqY_GaohupMif3qDOyM1028L4o07JQwRGje1Kw8a8bmp0zjplHTJZClXXuy_9zyO_7E2ibkHVHG77IaEDXJiuQ
2026-10-09 06:29:48.081 [INF] HTTP POST /api/auth/refresh responded 400 in 294.2123 ms
2026-10-09 06:29:56.023 [INF] Login Successfully, Employee : "08df046f-470d-4db0-8286-3135ffb6f6ce" , UserId :c8bf23af-b2a7-4b83-a995-8a86dcf7217c
2026-10-09 06:29:56.025 [INF] HTTP POST /api/auth/login responded 200 in 467.1501 ms
2026-10-09 06:29:56.390 [INF] Workspace List fetched successfully : For Emplyee "08df046f-470d-4db0-8286-3135ffb6f6ce"
2026-10-09 06:29:56.394 [INF] HTTP GET /api/auth/get-workspace responded 200 in 330.1972 ms
2026-10-09 06:29:58.737 [INF] Workspace selection successfuly open - "c84c9fae-750c-4327-b3fd-338517be8161"
2026-10-09 06:29:58.738 [INF] HTTP POST /api/auth/select-workspace responded 200 in 432.4106 ms
2026-10-09 06:30:09.720 [INF] Prospect List fetched successfully : Organization "c84c9fae-750c-4327-b3fd-338517be8161"
2026-10-09 06:30:09.724 [INF] HTTP GET /api/prospects/list responded 200 in 289.2148 ms
2026-10-09 06:30:12.243 [INF] Fetched {Count} Prospect Status 
2026-10-09 06:30:12.330 [INF] Fetched {Count} Prospect Temperatures 
2026-10-09 06:30:12.330 [INF] HTTP GET /api/master/prospect-status responded 200 in 457.9680 ms
2026-10-09 06:30:12.392 [INF] HTTP GET /api/master/temperatures responded 200 in 519.9035 ms
2026-10-09 06:30:12.421 [INF] Prospect  fetched successfully : Organization "c84c9fae-750c-4327-b3fd-338517be8161"
2026-10-09 06:30:12.422 [INF] HTTP GET /api/prospects/6f88cef5-9ba5-4607-b54b-a45e3f61448d responded 200 in 551.2757 ms
2026-10-09 06:30:16.746 [INF] HTTP GET /api/auth/get-profile responded 200 in 450.5778 ms
2026-10-09 06:30:16.839 [INF] HTTP GET /api/employee/lookup responded 200 in 542.0534 ms
2026-10-09 06:30:50.121 [ERR] Failed executing DbCommand (2ms) [Parameters=[@p0='?' (DbType = Guid), @p1='?' (Size = 4000), @p2='?' (DbType = DateTime), @p3='?' (DbType = Guid), @p4='?' (Size = 4000), @p5='?' (DbType = Guid), @p6='?' (Size = 4000), @p7='?' (DbType = Guid), @p8='?' (DbType = Int32), @p9='?' (Size = 4000), @p10='?' (DbType = DateTime), @p11='?' (DbType = Guid), @p12='?' (DbType = DateTime), @p13='?' (DbType = Guid), @p14='?' (DbType = Int32), @p15='?' (Size = 4000), @p16='?' (DbType = DateTime), @p17='?' (DbType = Guid), @p18='?' (DbType = Guid), @p19='?' (DbType = Guid), @p20='?' (DbType = Int32), @p21='?' (Size = 2000), @p22='?' (Size = 500)], CommandType='"Text"', CommandTimeout='30']
INSERT INTO `Meetings` (`Id`, `Agenda`, `CreatedAt`, `CreatedById`, `Location`, `OrganizationId`, `Output`, `ProspectId`, `Status`, `Subject`, `When`)
VALUES (@p0, @p1, @p2, @p3, @p4, @p5, @p6, @p7, @p8, @p9, @p10);
INSERT INTO `ProspectTimeLines` (`Id`, `CreatedAt`, `EmployeeId`, `EventType`, `Metadata`, `OccurredAt`, `OrganizationId`, `ProspectId`, `SourceEntityId`, `SourceEntityType`, `Summary`, `Title`)
VALUES (@p11, @p12, @p13, @p14, @p15, @p16, @p17, @p18, @p19, @p20, @p21, @p22);
2026-10-09 06:30:50.125 [ERR] An exception occurred in the database while saving changes for context type 'Adveshta.DataAccess.Data.ApplicationDbContext'.
Microsoft.EntityFrameworkCore.DbUpdateException: An error occurred while saving the entity changes. See the inner exception for details.
 ---> MySqlConnector.MySqlException (0x80004005): Cannot add or update a child row: a foreign key constraint fails (`AegisDb`.`Meetings`, CONSTRAINT `FK_Meetings_Organizations_OrganizationId` FOREIGN KEY (`OrganizationId`) REFERENCES `Organizations` (`Id`) ON DELETE CASCADE)
   at MySqlConnector.Core.ServerSession.ReceiveReplyAsync(IOBehavior ioBehavior, CancellationToken cancellationToken) in /_/src/MySqlConnector/Core/ServerSession.cs:line 894
   at MySqlConnector.Core.ResultSet.ReadResultSetHeaderAsync(IOBehavior ioBehavior) in /_/src/MySqlConnector/Core/ResultSet.cs:line 37
   at MySqlConnector.MySqlDataReader.ActivateResultSet(CancellationToken cancellationToken) in /_/src/MySqlConnector/MySqlDataReader.cs:line 130
   at MySqlConnector.MySqlDataReader.InitAsync(CommandListPosition commandListPosition, ICommandPayloadCreator payloadCreator, IDictionary`2 cachedProcedures, IMySqlCommand command, CommandBehavior behavior, Activity activity, IOBehavior ioBehavior, CancellationToken cancellationToken) in /_/src/MySqlConnector/MySqlDataReader.cs:line 483
   at MySqlConnector.Core.CommandExecutor.ExecuteReaderAsync(CommandListPosition commandListPosition, ICommandPayloadCreator payloadCreator, CommandBehavior behavior, Activity activity, IOBehavior ioBehavior, CancellationToken cancellationToken) in /_/src/MySqlConnector/Core/CommandExecutor.cs:line 56
   at MySqlConnector.MySqlCommand.ExecuteReaderAsync(CommandBehavior behavior, IOBehavior ioBehavior, CancellationToken cancellationToken) in /_/src/MySqlConnector/MySqlCommand.cs:line 357
   at MySqlConnector.MySqlCommand.ExecuteDbDataReaderAsync(CommandBehavior behavior, CancellationToken cancellationToken) in /_/src/MySqlConnector/MySqlCommand.cs:line 350
   at Microsoft.EntityFrameworkCore.Storage.RelationalCommand.ExecuteReaderAsync(RelationalCommandParameterObject parameterObject, CancellationToken cancellationToken)
   at Microsoft.EntityFrameworkCore.Storage.RelationalCommand.ExecuteReaderAsync(RelationalCommandParameterObject parameterObject, CancellationToken cancellationToken)
   at Microsoft.EntityFrameworkCore.Update.ReaderModificationCommandBatch.ExecuteAsync(IRelationalConnection connection, CancellationToken cancellationToken)
   --- End of inner exception stack trace ---
   at Microsoft.EntityFrameworkCore.Update.ReaderModificationCommandBatch.ExecuteAsync(IRelationalConnection connection, CancellationToken cancellationToken)
   at Microsoft.EntityFrameworkCore.Update.Internal.BatchExecutor.ExecuteAsync(IEnumerable`1 commandBatches, IRelationalConnection connection, CancellationToken cancellationToken)
   at Microsoft.EntityFrameworkCore.Update.Internal.BatchExecutor.ExecuteAsync(IEnumerable`1 commandBatches, IRelationalConnection connection, CancellationToken cancellationToken)
   at Microsoft.EntityFrameworkCore.Update.Internal.BatchExecutor.ExecuteAsync(IEnumerable`1 commandBatches, IRelationalConnection connection, CancellationToken cancellationToken)
   at Microsoft.EntityFrameworkCore.ChangeTracking.Internal.StateManager.SaveChangesAsync(IList`1 entriesToSave, CancellationToken cancellationToken)
   at Microsoft.EntityFrameworkCore.ChangeTracking.Internal.StateManager.SaveChangesAsync(StateManager stateManager, Boolean acceptAllChangesOnSuccess, CancellationToken cancellationToken)
   at Pomelo.EntityFrameworkCore.MySql.Storage.Internal.MySqlExecutionStrategy.ExecuteAsync[TState,TResult](TState state, Func`4 operation, Func`4 verifySucceeded, CancellationToken cancellationToken)
   at Microsoft.EntityFrameworkCore.DbContext.SaveChangesAsync(Boolean acceptAllChangesOnSuccess, CancellationToken cancellationToken)
Microsoft.EntityFrameworkCore.DbUpdateException: An error occurred while saving the entity changes. See the inner exception for details.
 ---> MySqlConnector.MySqlException (0x80004005): Cannot add or update a child row: a foreign key constraint fails (`AegisDb`.`Meetings`, CONSTRAINT `FK_Meetings_Organizations_OrganizationId` FOREIGN KEY (`OrganizationId`) REFERENCES `Organizations` (`Id`) ON DELETE CASCADE)
   at MySqlConnector.Core.ServerSession.ReceiveReplyAsync(IOBehavior ioBehavior, CancellationToken cancellationToken) in /_/src/MySqlConnector/Core/ServerSession.cs:line 894
   at MySqlConnector.Core.ResultSet.ReadResultSetHeaderAsync(IOBehavior ioBehavior) in /_/src/MySqlConnector/Core/ResultSet.cs:line 37
   at MySqlConnector.MySqlDataReader.ActivateResultSet(CancellationToken cancellationToken) in /_/src/MySqlConnector/MySqlDataReader.cs:line 130
   at MySqlConnector.MySqlDataReader.InitAsync(CommandListPosition commandListPosition, ICommandPayloadCreator payloadCreator, IDictionary`2 cachedProcedures, IMySqlCommand command, CommandBehavior behavior, Activity activity, IOBehavior ioBehavior, CancellationToken cancellationToken) in /_/src/MySqlConnector/MySqlDataReader.cs:line 483
   at MySqlConnector.Core.CommandExecutor.ExecuteReaderAsync(CommandListPosition commandListPosition, ICommandPayloadCreator payloadCreator, CommandBehavior behavior, Activity activity, IOBehavior ioBehavior, CancellationToken cancellationToken) in /_/src/MySqlConnector/Core/CommandExecutor.cs:line 56
   at MySqlConnector.MySqlCommand.ExecuteReaderAsync(CommandBehavior behavior, IOBehavior ioBehavior, CancellationToken cancellationToken) in /_/src/MySqlConnector/MySqlCommand.cs:line 357
   at MySqlConnector.MySqlCommand.ExecuteDbDataReaderAsync(CommandBehavior behavior, CancellationToken cancellationToken) in /_/src/MySqlConnector/MySqlCommand.cs:line 350
   at Microsoft.EntityFrameworkCore.Storage.RelationalCommand.ExecuteReaderAsync(RelationalCommandParameterObject parameterObject, CancellationToken cancellationToken)
   at Microsoft.EntityFrameworkCore.Storage.RelationalCommand.ExecuteReaderAsync(RelationalCommandParameterObject parameterObject, CancellationToken cancellationToken)
   at Microsoft.EntityFrameworkCore.Update.ReaderModificationCommandBatch.ExecuteAsync(IRelationalConnection connection, CancellationToken cancellationToken)
   --- End of inner exception stack trace ---
   at Microsoft.EntityFrameworkCore.Update.ReaderModificationCommandBatch.ExecuteAsync(IRelationalConnection connection, CancellationToken cancellationToken)
   at Microsoft.EntityFrameworkCore.Update.Internal.BatchExecutor.ExecuteAsync(IEnumerable`1 commandBatches, IRelationalConnection connection, CancellationToken cancellationToken)
   at Microsoft.EntityFrameworkCore.Update.Internal.BatchExecutor.ExecuteAsync(IEnumerable`1 commandBatches, IRelationalConnection connection, CancellationToken cancellationToken)
   at Microsoft.EntityFrameworkCore.Update.Internal.BatchExecutor.ExecuteAsync(IEnumerable`1 commandBatches, IRelationalConnection connection, CancellationToken cancellationToken)
   at Microsoft.EntityFrameworkCore.ChangeTracking.Internal.StateManager.SaveChangesAsync(IList`1 entriesToSave, CancellationToken cancellationToken)
   at Microsoft.EntityFrameworkCore.ChangeTracking.Internal.StateManager.SaveChangesAsync(StateManager stateManager, Boolean acceptAllChangesOnSuccess, CancellationToken cancellationToken)
   at Pomelo.EntityFrameworkCore.MySql.Storage.Internal.MySqlExecutionStrategy.ExecuteAsync[TState,TResult](TState state, Func`4 operation, Func`4 verifySucceeded, CancellationToken cancellationToken)
   at Microsoft.EntityFrameworkCore.DbContext.SaveChangesAsync(Boolean acceptAllChangesOnSuccess, CancellationToken cancellationToken)
   at Microsoft.EntityFrameworkCore.DbContext.SaveChangesAsync(Boolean acceptAllChangesOnSuccess, CancellationToken cancellationToken)
   at Adveshta.Services.Features.MeetingManagement.CreateMeeting.CreateMeetingHandler.Handle(CreateMeetingCommand request, CancellationToken cancellationToken) in /home/admin1/Projects/Adveshta/Adveshta.Services/Features/MeetingManagement/CreateMeeting.cs:line 87
2026-10-09 06:30:50.177 [ERR] Meeting created failed : Error An error occurred while saving the entity changes. See the inner exception for details.
2026-10-09 06:30:50.177 [ERR] HTTP POST /api/meeting responded 500 in 330.7711 ms
2026-10-09 06:31:03.188 [INF] HTTP GET /api/auth/csrf responded 404 in 0.1344 ms
2026-10-09 06:31:03.608 [INF] Gernerate new refresh token- 
2026-10-09 06:31:03.609 [INF] HTTP POST /api/auth/refresh responded 200 in 340.3654 ms
2026-10-09 06:31:04.748 [INF] Workspace List fetched successfully : For Emplyee "08df046f-470d-4db0-8286-3135ffb6f6ce"
2026-10-09 06:31:04.749 [INF] HTTP GET /api/auth/get-workspace responded 200 in 277.4390 ms
2026-10-09 07:20:03.378 [INF] HTTP GET /api/auth/csrf responded 404 in 0.0947 ms
2026-10-09 07:20:03.474 [WRN] Refresh token Rotation failed: Token not found BVd6xgX8QjchfsQi5i8aysH9GHkWCO2mh51hVZzxCcqMKkrXYWuJ7xCZGiBEVrss2_cVmzQ48RaxmawVyDdOxw
2026-10-09 07:20:03.474 [INF] HTTP POST /api/auth/refresh responded 400 in 46.2950 ms
2026-10-09 07:20:05.596 [INF] Login Successfully, Employee : "08df046f-470d-4db0-8286-3135ffb6f6ce" , UserId :c8bf23af-b2a7-4b83-a995-8a86dcf7217c
2026-10-09 07:20:05.597 [INF] HTTP POST /api/auth/login responded 200 in 279.5547 ms
2026-10-09 07:20:05.868 [INF] Workspace List fetched successfully : For Emplyee "08df046f-470d-4db0-8286-3135ffb6f6ce"
2026-10-09 07:20:05.868 [INF] HTTP GET /api/auth/get-workspace responded 200 in 244.7716 ms
2026-10-09 07:20:07.245 [INF] Workspace selection successfuly open - "c84c9fae-750c-4327-b3fd-338517be8161"
2026-10-09 07:20:07.245 [INF] HTTP POST /api/auth/select-workspace responded 200 in 200.2727 ms
2026-10-09 07:20:11.771 [INF] Prospect List fetched successfully : Organization "c84c9fae-750c-4327-b3fd-338517be8161"
2026-10-09 07:20:11.771 [INF] HTTP GET /api/prospects/list responded 200 in 89.2465 ms
2026-10-09 07:20:12.999 [INF] Fetched {Count} Prospect Temperatures 
2026-10-09 07:20:13.020 [INF] Fetched {Count} Prospect Status 
2026-10-09 07:20:13.025 [INF] HTTP GET /api/master/temperatures responded 200 in 233.5191 ms
2026-10-09 07:20:13.026 [INF] HTTP GET /api/master/prospect-status responded 200 in 191.5641 ms
2026-10-09 07:20:13.102 [INF] Prospect  fetched successfully : Organization "c84c9fae-750c-4327-b3fd-338517be8161"
2026-10-09 07:20:13.102 [INF] HTTP GET /api/prospects/6f88cef5-9ba5-4607-b54b-a45e3f61448d responded 200 in 335.8479 ms
2026-10-09 07:20:17.154 [INF] HTTP GET /api/auth/get-profile responded 200 in 349.3956 ms
2026-10-09 07:20:17.179 [INF] HTTP GET /api/employee/lookup responded 200 in 375.3700 ms
2026-10-09 07:22:59.604 [ERR] Failed executing DbCommand (3ms) [Parameters=[@p0='?' (DbType = Guid), @p1='?' (Size = 4000), @p2='?' (DbType = DateTime), @p3='?' (DbType = Guid), @p4='?' (Size = 4000), @p5='?' (DbType = Guid), @p6='?' (Size = 4000), @p7='?' (DbType = Guid), @p8='?' (DbType = Int32), @p9='?' (Size = 4000), @p10='?' (DbType = DateTime), @p11='?' (DbType = Guid), @p12='?' (DbType = DateTime), @p13='?' (DbType = Guid), @p14='?' (DbType = Int32), @p15='?' (Size = 4000), @p16='?' (DbType = DateTime), @p17='?' (DbType = Guid), @p18='?' (DbType = Guid), @p19='?' (DbType = Guid), @p20='?' (DbType = Int32), @p21='?' (Size = 2000), @p22='?' (Size = 500)], CommandType='"Text"', CommandTimeout='30']
INSERT INTO `Meetings` (`Id`, `Agenda`, `CreatedAt`, `CreatedById`, `Location`, `OrganizationId`, `Output`, `ProspectId`, `Status`, `Subject`, `When`)
VALUES (@p0, @p1, @p2, @p3, @p4, @p5, @p6, @p7, @p8, @p9, @p10);
INSERT INTO `ProspectTimeLines` (`Id`, `CreatedAt`, `EmployeeId`, `EventType`, `Metadata`, `OccurredAt`, `OrganizationId`, `ProspectId`, `SourceEntityId`, `SourceEntityType`, `Summary`, `Title`)
VALUES (@p11, @p12, @p13, @p14, @p15, @p16, @p17, @p18, @p19, @p20, @p21, @p22);
2026-10-09 07:22:59.628 [ERR] An exception occurred in the database while saving changes for context type 'Adveshta.DataAccess.Data.ApplicationDbContext'.
Microsoft.EntityFrameworkCore.DbUpdateException: An error occurred while saving the entity changes. See the inner exception for details.
 ---> MySqlConnector.MySqlException (0x80004005): Cannot add or update a child row: a foreign key constraint fails (`AegisDb`.`Meetings`, CONSTRAINT `FK_Meetings_Organizations_OrganizationId` FOREIGN KEY (`OrganizationId`) REFERENCES `Organizations` (`Id`) ON DELETE CASCADE)
   at MySqlConnector.Core.ServerSession.ReceiveReplyAsync(IOBehavior ioBehavior, CancellationToken cancellationToken) in /_/src/MySqlConnector/Core/ServerSession.cs:line 894
   at MySqlConnector.Core.ResultSet.ReadResultSetHeaderAsync(IOBehavior ioBehavior) in /_/src/MySqlConnector/Core/ResultSet.cs:line 37
   at MySqlConnector.MySqlDataReader.ActivateResultSet(CancellationToken cancellationToken) in /_/src/MySqlConnector/MySqlDataReader.cs:line 130
   at MySqlConnector.MySqlDataReader.InitAsync(CommandListPosition commandListPosition, ICommandPayloadCreator payloadCreator, IDictionary`2 cachedProcedures, IMySqlCommand command, CommandBehavior behavior, Activity activity, IOBehavior ioBehavior, CancellationToken cancellationToken) in /_/src/MySqlConnector/MySqlDataReader.cs:line 483
   at MySqlConnector.Core.CommandExecutor.ExecuteReaderAsync(CommandListPosition commandListPosition, ICommandPayloadCreator payloadCreator, CommandBehavior behavior, Activity activity, IOBehavior ioBehavior, CancellationToken cancellationToken) in /_/src/MySqlConnector/Core/CommandExecutor.cs:line 56
   at MySqlConnector.MySqlCommand.ExecuteReaderAsync(CommandBehavior behavior, IOBehavior ioBehavior, CancellationToken cancellationToken) in /_/src/MySqlConnector/MySqlCommand.cs:line 357
   at MySqlConnector.MySqlCommand.ExecuteDbDataReaderAsync(CommandBehavior behavior, CancellationToken cancellationToken) in /_/src/MySqlConnector/MySqlCommand.cs:line 350
   at Microsoft.EntityFrameworkCore.Storage.RelationalCommand.ExecuteReaderAsync(RelationalCommandParameterObject parameterObject, CancellationToken cancellationToken)
   at Microsoft.EntityFrameworkCore.Storage.RelationalCommand.ExecuteReaderAsync(RelationalCommandParameterObject parameterObject, CancellationToken cancellationToken)
   at Microsoft.EntityFrameworkCore.Update.ReaderModificationCommandBatch.ExecuteAsync(IRelationalConnection connection, CancellationToken cancellationToken)
   --- End of inner exception stack trace ---
   at Microsoft.EntityFrameworkCore.Update.ReaderModificationCommandBatch.ExecuteAsync(IRelationalConnection connection, CancellationToken cancellationToken)
   at Microsoft.EntityFrameworkCore.Update.Internal.BatchExecutor.ExecuteAsync(IEnumerable`1 commandBatches, IRelationalConnection connection, CancellationToken cancellationToken)
   at Microsoft.EntityFrameworkCore.Update.Internal.BatchExecutor.ExecuteAsync(IEnumerable`1 commandBatches, IRelationalConnection connection, CancellationToken cancellationToken)
   at Microsoft.EntityFrameworkCore.Update.Internal.BatchExecutor.ExecuteAsync(IEnumerable`1 commandBatches, IRelationalConnection connection, CancellationToken cancellationToken)
   at Microsoft.EntityFrameworkCore.ChangeTracking.Internal.StateManager.SaveChangesAsync(IList`1 entriesToSave, CancellationToken cancellationToken)
   at Microsoft.EntityFrameworkCore.ChangeTracking.Internal.StateManager.SaveChangesAsync(StateManager stateManager, Boolean acceptAllChangesOnSuccess, CancellationToken cancellationToken)
   at Pomelo.EntityFrameworkCore.MySql.Storage.Internal.MySqlExecutionStrategy.ExecuteAsync[TState,TResult](TState state, Func`4 operation, Func`4 verifySucceeded, CancellationToken cancellationToken)
   at Microsoft.EntityFrameworkCore.DbContext.SaveChangesAsync(Boolean acceptAllChangesOnSuccess, CancellationToken cancellationToken)
Microsoft.EntityFrameworkCore.DbUpdateException: An error occurred while saving the entity changes. See the inner exception for details.
 ---> MySqlConnector.MySqlException (0x80004005): Cannot add or update a child row: a foreign key constraint fails (`AegisDb`.`Meetings`, CONSTRAINT `FK_Meetings_Organizations_OrganizationId` FOREIGN KEY (`OrganizationId`) REFERENCES `Organizations` (`Id`) ON DELETE CASCADE)
   at MySqlConnector.Core.ServerSession.ReceiveReplyAsync(IOBehavior ioBehavior, CancellationToken cancellationToken) in /_/src/MySqlConnector/Core/ServerSession.cs:line 894
   at MySqlConnector.Core.ResultSet.ReadResultSetHeaderAsync(IOBehavior ioBehavior) in /_/src/MySqlConnector/Core/ResultSet.cs:line 37
   at MySqlConnector.MySqlDataReader.ActivateResultSet(CancellationToken cancellationToken) in /_/src/MySqlConnector/MySqlDataReader.cs:line 130
   at MySqlConnector.MySqlDataReader.InitAsync(CommandListPosition commandListPosition, ICommandPayloadCreator payloadCreator, IDictionary`2 cachedProcedures, IMySqlCommand command, CommandBehavior behavior, Activity activity, IOBehavior ioBehavior, CancellationToken cancellationToken) in /_/src/MySqlConnector/MySqlDataReader.cs:line 483
   at MySqlConnector.Core.CommandExecutor.ExecuteReaderAsync(CommandListPosition commandListPosition, ICommandPayloadCreator payloadCreator, CommandBehavior behavior, Activity activity, IOBehavior ioBehavior, CancellationToken cancellationToken) in /_/src/MySqlConnector/Core/CommandExecutor.cs:line 56
   at MySqlConnector.MySqlCommand.ExecuteReaderAsync(CommandBehavior behavior, IOBehavior ioBehavior, CancellationToken cancellationToken) in /_/src/MySqlConnector/MySqlCommand.cs:line 357
   at MySqlConnector.MySqlCommand.ExecuteDbDataReaderAsync(CommandBehavior behavior, CancellationToken cancellationToken) in /_/src/MySqlConnector/MySqlCommand.cs:line 350
   at Microsoft.EntityFrameworkCore.Storage.RelationalCommand.ExecuteReaderAsync(RelationalCommandParameterObject parameterObject, CancellationToken cancellationToken)
   at Microsoft.EntityFrameworkCore.Storage.RelationalCommand.ExecuteReaderAsync(RelationalCommandParameterObject parameterObject, CancellationToken cancellationToken)
   at Microsoft.EntityFrameworkCore.Update.ReaderModificationCommandBatch.ExecuteAsync(IRelationalConnection connection, CancellationToken cancellationToken)
   --- End of inner exception stack trace ---
   at Microsoft.EntityFrameworkCore.Update.ReaderModificationCommandBatch.ExecuteAsync(IRelationalConnection connection, CancellationToken cancellationToken)
   at Microsoft.EntityFrameworkCore.Update.Internal.BatchExecutor.ExecuteAsync(IEnumerable`1 commandBatches, IRelationalConnection connection, CancellationToken cancellationToken)
   at Microsoft.EntityFrameworkCore.Update.Internal.BatchExecutor.ExecuteAsync(IEnumerable`1 commandBatches, IRelationalConnection connection, CancellationToken cancellationToken)
   at Microsoft.EntityFrameworkCore.Update.Internal.BatchExecutor.ExecuteAsync(IEnumerable`1 commandBatches, IRelationalConnection connection, CancellationToken cancellationToken)
   at Microsoft.EntityFrameworkCore.ChangeTracking.Internal.StateManager.SaveChangesAsync(IList`1 entriesToSave, CancellationToken cancellationToken)
   at Microsoft.EntityFrameworkCore.ChangeTracking.Internal.StateManager.SaveChangesAsync(StateManager stateManager, Boolean acceptAllChangesOnSuccess, CancellationToken cancellationToken)
   at Pomelo.EntityFrameworkCore.MySql.Storage.Internal.MySqlExecutionStrategy.ExecuteAsync[TState,TResult](TState state, Func`4 operation, Func`4 verifySucceeded, CancellationToken cancellationToken)
   at Microsoft.EntityFrameworkCore.DbContext.SaveChangesAsync(Boolean acceptAllChangesOnSuccess, CancellationToken cancellationToken)
   at Microsoft.EntityFrameworkCore.DbContext.SaveChangesAsync(Boolean acceptAllChangesOnSuccess, CancellationToken cancellationToken)
   at Adveshta.Services.Features.MeetingManagement.CreateMeeting.CreateMeetingHandler.Handle(CreateMeetingCommand request, CancellationToken cancellationToken) in /home/admin1/Projects/Adveshta/Adveshta.Services/Features/MeetingManagement/CreateMeeting.cs:line 87
2026-10-09 07:22:59.659 [ERR] Meeting created failed : Error An error occurred while saving the entity changes. See the inner exception for details.
2026-10-09 07:22:59.660 [ERR] HTTP POST /api/meeting responded 500 in 111017.5253 ms
2026-10-09 07:24:02.349 [INF] Starting database seeding process...
2026-10-09 07:24:03.462 [INF] Seeding Super Admin user: codedev90@gmail.com
2026-10-09 07:24:03.606 [INF] Super Admin user already exists.
2026-10-09 07:24:04.062 [INF] Super Application Role already has all permisson
2026-10-09 07:24:04.148 [INF] Super Admin user created successfully.
2026-10-09 07:24:04.250 [WRN] The ASP.NET Core developer certificate is not trusted. For information about trusting the ASP.NET Core developer certificate, see https://aka.ms/aspnet/https-trust-dev-cert.
2026-10-09 07:24:07.272 [WRN] You do not have a valid license key for the Lucky Penny software MediatR. This is allowed for development and testing scenarios. If you are running in production you are required to have a licensed version. Please visit https://luckypennysoftware.com to obtain a valid license.
2026-10-09 07:24:07.667 [WRN] You do not have a valid license key for the Lucky Penny software AutoMapper. This is allowed for development and testing scenarios. If you are running in production you are required to have a licensed version. Please visit https://luckypennysoftware.com to obtain a valid license.
2026-10-09 07:26:04.320 [ERR] Meeting created Successed : Error "962e5438-4fd3-4fd2-9212-1a7d625a1c4c"
2026-10-09 07:26:28.252 [INF] HTTP POST /api/meeting responded 201 in 141124.4596 ms
2026-10-09 07:34:03.908 [INF] HTTP GET /api/auth/get-profile responded 200 in 830.7876 ms
2026-10-09 07:34:03.911 [INF] HTTP GET /api/employee/lookup responded 200 in 834.0172 ms
2026-10-09 07:34:42.971 [INF] Starting database seeding process...
2026-10-09 07:34:44.276 [INF] Seeding Super Admin user: codedev90@gmail.com
2026-10-09 07:34:44.426 [INF] Super Admin user already exists.
2026-10-09 07:34:44.882 [INF] Super Application Role already has all permisson
2026-10-09 07:34:45.009 [INF] Super Admin user created successfully.
2026-10-09 07:34:45.109 [WRN] The ASP.NET Core developer certificate is not trusted. For information about trusting the ASP.NET Core developer certificate, see https://aka.ms/aspnet/https-trust-dev-cert.
2026-10-09 07:35:27.163 [WRN] You do not have a valid license key for the Lucky Penny software MediatR. This is allowed for development and testing scenarios. If you are running in production you are required to have a licensed version. Please visit https://luckypennysoftware.com to obtain a valid license.
2026-10-09 07:35:27.349 [WRN] You do not have a valid license key for the Lucky Penny software AutoMapper. This is allowed for development and testing scenarios. If you are running in production you are required to have a licensed version. Please visit https://luckypennysoftware.com to obtain a valid license.
2026-10-09 07:35:27.988 [INF] HTTP GET /api/employee/lookup responded 200 in 913.8407 ms
2026-10-09 07:35:27.988 [INF] HTTP GET /api/auth/get-profile responded 200 in 913.8479 ms
2026-10-09 07:37:05.985 [INF] HTTP GET /api/auth/get-profile responded 200 in 978.1716 ms
2026-10-09 07:37:06.053 [INF] HTTP GET /api/employee/lookup responded 200 in 1025.0314 ms
2026-10-09 07:37:52.760 [INF] HTTP GET /api/employee/lookup responded 200 in 508.0958 ms
2026-10-09 07:38:09.925 [INF] HTTP GET /api/auth/csrf responded 404 in 0.3104 ms
2026-10-09 07:38:11.554 [INF] Gernerate new refresh token- 
2026-10-09 07:38:11.557 [INF] HTTP POST /api/auth/refresh responded 200 in 415.1803 ms
2026-10-09 07:38:12.721 [INF] Workspace List fetched successfully : For Emplyee "08df046f-470d-4db0-8286-3135ffb6f6ce"
2026-10-09 07:38:12.725 [INF] HTTP GET /api/auth/get-workspace responded 200 in 283.1034 ms
2026-10-09 07:38:16.270 [INF] Workspace selection successfuly open - "c84c9fae-750c-4327-b3fd-338517be8161"
2026-10-09 07:38:16.272 [INF] HTTP POST /api/auth/select-workspace responded 200 in 395.1058 ms
2026-10-09 07:38:18.529 [INF] Prospect List fetched successfully : Organization "c84c9fae-750c-4327-b3fd-338517be8161"
2026-10-09 07:38:18.535 [INF] HTTP GET /api/prospects/list responded 200 in 200.9082 ms
2026-10-09 07:38:20.704 [INF] Fetched {Count} Prospect Temperatures 
2026-10-09 07:38:20.704 [INF] Fetched {Count} Prospect Status 
2026-10-09 07:38:20.710 [INF] HTTP GET /api/master/temperatures responded 200 in 606.6767 ms
2026-10-09 07:38:20.710 [INF] HTTP GET /api/master/prospect-status responded 200 in 670.7685 ms
2026-10-09 07:38:20.804 [INF] Prospect  fetched successfully : Organization "c84c9fae-750c-4327-b3fd-338517be8161"
2026-10-09 07:38:20.810 [INF] HTTP GET /api/prospects/6f88cef5-9ba5-4607-b54b-a45e3f61448d responded 200 in 834.7433 ms
2026-10-09 07:38:22.990 [INF] HTTP GET /api/auth/get-profile responded 200 in 663.6666 ms
2026-10-09 07:38:23.079 [INF] HTTP GET /api/employee/lookup responded 200 in 751.9031 ms
2026-10-09 07:39:32.594 [INF] Starting database seeding process...
2026-10-09 07:39:33.729 [INF] Seeding Super Admin user: codedev90@gmail.com
2026-10-09 07:39:33.845 [INF] Super Admin user already exists.
2026-10-09 07:39:34.243 [INF] Super Application Role already has all permisson
2026-10-09 07:39:34.334 [INF] Super Admin user created successfully.
2026-10-09 07:39:34.421 [WRN] The ASP.NET Core developer certificate is not trusted. For information about trusting the ASP.NET Core developer certificate, see https://aka.ms/aspnet/https-trust-dev-cert.
2026-10-09 07:39:47.204 [WRN] You do not have a valid license key for the Lucky Penny software MediatR. This is allowed for development and testing scenarios. If you are running in production you are required to have a licensed version. Please visit https://luckypennysoftware.com to obtain a valid license.
2026-10-09 07:39:47.644 [WRN] You do not have a valid license key for the Lucky Penny software AutoMapper. This is allowed for development and testing scenarios. If you are running in production you are required to have a licensed version. Please visit https://luckypennysoftware.com to obtain a valid license.
2026-10-09 07:39:48.075 [ERR] Meeting created Successed : Error "4017cdfe-931c-4839-b23a-0c902bb3e3c5"
2026-10-09 07:39:48.108 [INF] HTTP POST /api/meeting responded 201 in 1021.6385 ms
2026-10-09 07:40:33.187 [INF] Fetched {Count} Prospect Status 
2026-10-09 07:40:33.342 [INF] HTTP GET /api/master/prospect-status responded 200 in 980.2532 ms
2026-10-09 07:40:33.487 [INF] Fetched {Count} Prospect Temperatures 
2026-10-09 07:40:33.487 [INF] HTTP GET /api/master/temperatures responded 200 in 1125.5777 ms
2026-10-09 07:42:03.014 [WRN] The query uses a row limiting operator ('Skip'/'Take') without an 'OrderBy' operator. This may lead to unpredictable results. If the 'Distinct' operator is used after 'OrderBy', then make sure to use the 'OrderBy' operator after 'Distinct' as the ordering would otherwise get erased.
2026-10-09 07:42:03.016 [WRN] The query uses a row limiting operator ('Skip'/'Take') without an 'OrderBy' operator. This may lead to unpredictable results. If the 'Distinct' operator is used after 'OrderBy', then make sure to use the 'OrderBy' operator after 'Distinct' as the ordering would otherwise get erased.
2026-10-09 07:42:03.103 [INF] HTTP GET /api/contact responded 200 in 557.0776 ms
2026-10-09 07:42:12.860 [INF] HTTP GET /api/contact responded 200 in 243.1008 ms
2026-10-09 07:42:15.014 [INF] HTTP GET /api/contact responded 200 in 254.4123 ms
2026-10-09 07:42:35.160 [INF] HTTP GET /api/prospects/dropdown responded 200 in 670.9330 ms
2026-10-09 07:42:35.344 [INF] Fetched 10 job roles for organization "c84c9fae-750c-4327-b3fd-338517be8161"
2026-10-09 07:42:35.435 [INF] HTTP GET /api/contact/12c4da2e-b589-4f18-af75-144594ec2f4a responded 200 in 946.1214 ms
2026-10-09 07:42:35.442 [INF] HTTP GET /api/master/get-jobroles responded 200 in 949.9719 ms
2026-10-09 07:46:08.568 [INF] Prospect List fetched successfully : Organization "c84c9fae-750c-4327-b3fd-338517be8161"
2026-10-09 07:46:08.581 [INF] HTTP GET /api/prospects/list responded 200 in 133.3001 ms
2026-10-09 07:47:48.245 [INF] HTTP GET /api/auth/csrf responded 404 in 0.7802 ms
2026-10-09 07:47:48.749 [INF] Gernerate new refresh token- 
2026-10-09 07:47:48.750 [INF] HTTP POST /api/auth/refresh responded 200 in 482.6780 ms
2026-10-09 07:47:51.025 [INF] Workspace List fetched successfully : For Emplyee "08df046f-470d-4db0-8286-3135ffb6f6ce"
2026-10-09 07:47:51.028 [INF] HTTP GET /api/auth/get-workspace responded 200 in 290.0957 ms
2026-10-09 07:47:54.856 [INF] Workspace selection successfuly open - "c84c9fae-750c-4327-b3fd-338517be8161"
2026-10-09 07:47:54.859 [INF] HTTP POST /api/auth/select-workspace responded 200 in 542.5308 ms
2026-10-09 07:47:57.873 [INF] Prospect List fetched successfully : Organization "c84c9fae-750c-4327-b3fd-338517be8161"
2026-10-09 07:47:57.875 [INF] HTTP GET /api/prospects/list responded 200 in 256.2303 ms
2026-10-09 07:48:31.194 [INF] Fetched {Count} Prospect Temperatures 
2026-10-09 07:48:31.236 [INF] HTTP GET /api/master/temperatures responded 200 in 247.2426 ms
2026-10-09 07:48:31.524 [INF] Prospect  fetched successfully : Organization "c84c9fae-750c-4327-b3fd-338517be8161"
2026-10-09 07:48:31.530 [INF] HTTP GET /api/prospects/bfeaf259-5ba0-4022-b747-67834bd2f093 responded 200 in 584.4054 ms
2026-10-09 07:48:31.614 [INF] Fetched {Count} Prospect Status 
2026-10-09 07:48:31.614 [INF] HTTP GET /api/master/prospect-status responded 200 in 624.9551 ms
2026-10-09 07:48:35.221 [INF] HTTP GET /api/contact responded 200 in 199.0945 ms
2026-10-09 07:48:45.337 [INF] Fetched 10 job roles for organization "c84c9fae-750c-4327-b3fd-338517be8161"
2026-10-09 07:48:45.359 [INF] HTTP GET /api/prospects/dropdown responded 200 in 277.8496 ms
2026-10-09 07:48:45.363 [INF] HTTP GET /api/master/get-jobroles responded 200 in 282.9462 ms
2026-10-09 07:48:45.462 [INF] HTTP GET /api/contact/f1fd62ba-1376-4ce8-b103-376828d5e540 responded 200 in 377.0644 ms
2026-10-09 07:48:54.586 [INF] Fetched {Count} Prospect sources 
2026-10-09 07:48:54.607 [INF] HTTP GET /api/master/sources responded 200 in 119.5618 ms
2026-10-09 07:48:54.609 [WRN] Project Stages fetched successfully
2026-10-09 07:48:54.718 [INF] HTTP GET /api/master/project-stages responded 200 in 229.8316 ms
2026-10-09 07:49:19.177 [INF] Fetched {Count} Prospect Temperatures 
2026-10-09 07:49:19.242 [INF] HTTP GET /api/master/temperatures responded 200 in 246.0348 ms
2026-10-09 07:49:19.243 [INF] Fetched {Count} Prospect Status 
2026-10-09 07:49:19.243 [INF] HTTP GET /api/master/prospect-status responded 200 in 268.1451 ms
2026-10-09 07:49:19.273 [INF] HTTP GET /api/prospects/p-summit responded 400 in 319.5851 ms
2026-10-09 07:49:51.494 [INF] HTTP GET /api/prospects/p-greenfield responded 400 in 1.4181 ms
2026-10-09 07:49:52.029 [INF] Fetched {Count} Prospect Status 
2026-10-09 07:49:52.029 [INF] HTTP GET /api/master/prospect-status responded 200 in 536.1696 ms
2026-10-09 07:49:52.094 [INF] Fetched {Count} Prospect Temperatures 
2026-10-09 07:49:52.095 [INF] HTTP GET /api/master/temperatures responded 200 in 455.3013 ms
2026-10-09 07:50:08.173 [INF] Prospect  fetched successfully : Organization "c84c9fae-750c-4327-b3fd-338517be8161"
2026-10-09 07:50:08.173 [INF] HTTP GET /api/prospects/6f88cef5-9ba5-4607-b54b-a45e3f61448d responded 200 in 248.1266 ms
2026-10-09 07:50:12.366 [INF] HTTP GET /api/contact responded 200 in 158.3434 ms
2026-10-09 07:50:26.240 [INF] HTTP GET /api/auth/get-profile responded 200 in 453.7902 ms
2026-10-09 07:50:26.326 [INF] HTTP GET /api/employee/lookup responded 200 in 538.6409 ms
2026-10-09 07:51:40.965 [INF] HTTP GET /api/contact responded 200 in 138.3473 ms
2026-10-09 07:52:03.038 [INF] Fetched 10 job roles for organization "c84c9fae-750c-4327-b3fd-338517be8161"
2026-10-09 07:52:03.040 [INF] HTTP GET /api/master/get-jobroles responded 200 in 120.7146 ms
2026-10-09 07:52:16.855 [INF] HTTP GET /api/auth/get-profile responded 200 in 331.1545 ms
2026-10-09 07:52:16.904 [INF] HTTP GET /api/employee/lookup responded 200 in 377.9277 ms
2026-10-09 07:57:51.807 [INF] HTTP GET /api/auth/get-profile responded 200 in 660.0251 ms
2026-10-09 07:57:51.819 [INF] HTTP GET /api/employee/lookup responded 200 in 587.2156 ms
2026-10-09 08:03:30.982 [INF] HTTP GET /api/auth/csrf responded 404 in 0.2452 ms
2026-10-09 08:03:31.339 [INF] Gernerate new refresh token- 
2026-10-09 08:03:31.340 [INF] HTTP POST /api/auth/refresh responded 200 in 317.9065 ms
2026-10-09 08:03:33.072 [INF] Workspace List fetched successfully : For Emplyee "08df046f-470d-4db0-8286-3135ffb6f6ce"
2026-10-09 08:03:33.073 [INF] HTTP GET /api/auth/get-workspace responded 200 in 241.5031 ms
2026-10-09 08:19:53.759 [INF] HTTP GET /api/auth/csrf responded 404 in 0.0965 ms
2026-10-09 08:41:10.484 [WRN] Refresh token Rotation failed: Token not found R67w5beWyrVpq3Ug2Vn_hfwtjgBit_jPkDVfbRoR0oaYnZMm50UvRjBJzvIQd_9b2C7YHIBOuFvsP6Yz3b5T0A
2026-10-09 08:41:10.485 [INF] HTTP POST /api/auth/refresh responded 400 in 271.5476 ms
2026-10-09 08:44:02.252 [INF] HTTP GET /api/auth/csrf responded 404 in 0.0999 ms
2026-10-09 08:44:02.278 [WRN] Refresh token Rotation failed: Token not found 
2026-10-09 08:44:02.279 [INF] HTTP POST /api/auth/refresh responded 400 in 1.3485 ms
2026-10-09 08:47:02.196 [INF] Login Successfully, Employee : "08df046f-470d-4db0-8286-3135ffb6f6ce" , UserId :c8bf23af-b2a7-4b83-a995-8a86dcf7217c
2026-10-09 08:47:02.196 [INF] HTTP POST /api/auth/login responded 200 in 592.8718 ms
2026-10-09 08:47:02.491 [INF] Workspace List fetched successfully : For Emplyee "08df046f-470d-4db0-8286-3135ffb6f6ce"
2026-10-09 08:47:02.491 [INF] HTTP GET /api/auth/get-workspace responded 200 in 240.1971 ms
2026-10-09 08:47:04.051 [INF] Workspace selection successfuly open - "c84c9fae-750c-4327-b3fd-338517be8161"
2026-10-09 08:47:04.052 [INF] HTTP POST /api/auth/select-workspace responded 200 in 177.5289 ms
2026-10-09 08:48:09.570 [INF] HTTP GET /api/prospects/p-metroplaza responded 400 in 65.8204 ms
2026-10-09 08:48:09.660 [INF] Fetched {Count} Prospect Status 
2026-10-09 08:48:09.764 [INF] HTTP GET /api/master/prospect-status responded 200 in 259.1496 ms
2026-10-09 08:48:09.792 [INF] Fetched {Count} Prospect Temperatures 
2026-10-09 08:48:09.835 [INF] HTTP GET /api/master/temperatures responded 200 in 196.8525 ms
2026-10-09 08:48:49.925 [INF] HTTP GET /api/prospects/p-metroplaza responded 400 in 23.2215 ms
2026-10-09 08:48:50.108 [INF] Fetched {Count} Prospect Temperatures 
2026-10-09 08:48:50.109 [INF] HTTP GET /api/master/temperatures responded 200 in 186.1475 ms
2026-10-09 08:48:50.165 [INF] Fetched {Count} Prospect Status 
2026-10-09 08:48:50.166 [INF] HTTP GET /api/master/prospect-status responded 200 in 264.4314 ms
2026-10-09 08:49:56.911 [INF] HTTP GET /api/auth/csrf responded 404 in 0.1773 ms
2026-10-09 08:49:57.194 [INF] Gernerate new refresh token- 
2026-10-09 08:49:57.194 [INF] HTTP POST /api/auth/refresh responded 200 in 262.1912 ms
2026-10-09 08:49:57.559 [INF] Workspace List fetched successfully : For Emplyee "08df046f-470d-4db0-8286-3135ffb6f6ce"
2026-10-09 08:49:57.559 [INF] HTTP GET /api/auth/get-workspace responded 200 in 339.7910 ms
2026-10-09 08:49:57.817 [INF] HTTP GET /api/auth/csrf responded 404 in 0.0910 ms
2026-10-09 08:49:57.872 [WRN] Refresh token Rotation failed: Token not found ADlF_84YqxXUSV_qmv6b0Dsy3pgFe79gub9s0ewBCcHxaE5aYo3mLfxR4_wqyN89h0ZPNoHXvw_phrKJBJaCrg
2026-10-09 08:49:57.914 [INF] HTTP POST /api/auth/refresh responded 400 in 68.0259 ms
2026-10-09 09:01:25.038 [INF] HTTP GET /api/auth/csrf responded 404 in 0.1367 ms
2026-10-09 09:01:25.105 [WRN] Refresh token Rotation failed: Token not found 
2026-10-09 09:01:25.106 [INF] HTTP POST /api/auth/refresh responded 400 in 22.9846 ms
2026-10-09 09:14:59.831 [INF] Login Successfully, Employee : "08df046f-470d-4db0-8286-3135ffb6f6ce" , UserId :c8bf23af-b2a7-4b83-a995-8a86dcf7217c
2026-10-09 09:14:59.831 [INF] HTTP POST /api/auth/login responded 200 in 291.6009 ms
2026-10-09 09:15:00.073 [INF] Workspace List fetched successfully : For Emplyee "08df046f-470d-4db0-8286-3135ffb6f6ce"
2026-10-09 09:15:00.074 [INF] HTTP GET /api/auth/get-workspace responded 200 in 210.9217 ms
2026-10-09 09:15:01.775 [INF] Workspace selection successfuly open - "c84c9fae-750c-4327-b3fd-338517be8161"
2026-10-09 09:15:01.776 [INF] HTTP POST /api/auth/select-workspace responded 200 in 193.1321 ms
2026-10-09 09:20:09.250 [INF] HTTP GET /api/prospects/p-abc-tower responded 400 in 24.0139 ms
2026-10-09 09:20:09.405 [INF] Fetched {Count} Prospect Temperatures 
2026-10-09 09:20:09.405 [INF] Fetched {Count} Prospect Status 
2026-10-09 09:20:09.406 [INF] HTTP GET /api/master/temperatures responded 200 in 156.7169 ms
2026-10-09 09:20:09.406 [INF] HTTP GET /api/master/prospect-status responded 200 in 156.7169 ms
2026-10-09 09:23:38.536 [INF] Prospect List fetched successfully : Organization "c84c9fae-750c-4327-b3fd-338517be8161"
2026-10-09 09:23:38.537 [INF] HTTP GET /api/prospects/list responded 200 in 89.1058 ms
2026-10-09 09:24:15.369 [INF] HTTP GET /api/prospects/p-abc-tower responded 400 in 22.0579 ms
2026-10-09 09:24:15.442 [INF] Fetched {Count} Prospect Temperatures 
2026-10-09 09:24:15.489 [INF] HTTP GET /api/master/temperatures responded 200 in 141.6727 ms
2026-10-09 09:24:15.498 [INF] Fetched {Count} Prospect Status 
2026-10-09 09:24:15.499 [INF] HTTP GET /api/master/prospect-status responded 200 in 151.7985 ms
2026-10-09 09:27:00.631 [INF] HTTP GET /api/employee/lookup responded 400 in 22.7226 ms
2026-10-09 09:27:00.682 [INF] HTTP GET /api/auth/get-profile responded 200 in 73.9841 ms
2026-10-09 09:27:01.642 [INF] HTTP GET /api/employee/lookup responded 400 in 1.7976 ms
2026-10-09 09:27:24.703 [INF] HTTP GET /api/employee/lookup responded 400 in 0.9425 ms
2026-10-09 09:27:25.714 [INF] HTTP GET /api/employee/lookup responded 400 in 2.7628 ms
2026-10-09 09:28:24.730 [WRN] Project Stages fetched successfully
2026-10-09 09:28:24.775 [INF] HTTP GET /api/master/project-stages responded 200 in 219.4615 ms
2026-10-09 09:28:24.788 [INF] Fetched 10 job roles for organization "c84c9fae-750c-4327-b3fd-338517be8161"
2026-10-09 09:28:24.788 [INF] HTTP GET /api/master/get-jobroles responded 200 in 207.8667 ms
2026-10-09 09:29:36.163 [INF] HTTP POST /api/auth/logout responded 404 in 0.2621 ms
2026-10-09 09:34:10.935 [INF] Login Successfully, Employee : "08df046f-470d-4db0-8286-3135ffb6f6ce" , UserId :c8bf23af-b2a7-4b83-a995-8a86dcf7217c
2026-10-09 09:34:10.936 [INF] HTTP POST /api/auth/login responded 200 in 390.1110 ms
2026-10-09 09:34:11.126 [INF] Workspace List fetched successfully : For Emplyee "08df046f-470d-4db0-8286-3135ffb6f6ce"
2026-10-09 09:34:11.126 [INF] HTTP GET /api/auth/get-workspace responded 200 in 155.3585 ms
2026-10-09 09:34:14.864 [INF] Workspace selection successfuly open - "c84c9fae-750c-4327-b3fd-338517be8161"
2026-10-09 09:34:14.865 [INF] HTTP POST /api/auth/select-workspace responded 200 in 194.6071 ms
2026-10-09 09:34:20.932 [INF] HTTP POST /api/auth/logout responded 404 in 0.2787 ms
2026-10-09 09:35:36.510 [INF] Login Successfully, Employee : "08df046f-470d-4db0-8286-3135ffb6f6ce" , UserId :c8bf23af-b2a7-4b83-a995-8a86dcf7217c
2026-10-09 09:35:36.510 [INF] HTTP POST /api/auth/login responded 200 in 253.9103 ms
2026-10-09 09:35:36.680 [INF] Workspace List fetched successfully : For Emplyee "08df046f-470d-4db0-8286-3135ffb6f6ce"
2026-10-09 09:35:36.680 [INF] HTTP GET /api/auth/get-workspace responded 200 in 147.8256 ms
2026-10-09 09:36:25.567 [INF] Workspace selection successfuly open - "c84c9fae-750c-4327-b3fd-338517be8161"
2026-10-09 09:36:25.567 [INF] HTTP POST /api/auth/select-workspace responded 200 in 347.3977 ms
2026-10-09 09:41:39.258 [INF] HTTP GET /api/prospects/p-abc-tower responded 400 in 21.7631 ms
2026-10-09 09:41:39.550 [INF] Fetched {Count} Prospect Temperatures 
2026-10-09 09:41:39.550 [INF] Fetched {Count} Prospect Status 
2026-10-09 09:41:39.572 [INF] HTTP GET /api/master/temperatures responded 200 in 335.5772 ms
2026-10-09 09:41:39.572 [INF] HTTP GET /api/master/prospect-status responded 200 in 335.6380 ms
2026-10-09 10:04:27.884 [INF] HTTP POST /api/auth/logout responded 404 in 0.2625 ms
2026-10-09 10:05:58.462 [INF] HTTP GET /api/auth/csrf responded 404 in 0.0531 ms
2026-10-09 10:05:59.648 [WRN] Refresh token Rotation failed: Token not found 
2026-10-09 10:05:59.648 [INF] HTTP POST /api/auth/refresh responded 400 in 1.2270 ms
2026-10-09 10:06:44.733 [INF] Login Successfully, Employee : "08df046f-470d-4db0-8286-3135ffb6f6ce" , UserId :c8bf23af-b2a7-4b83-a995-8a86dcf7217c
2026-10-09 10:06:44.734 [INF] HTTP POST /api/auth/login responded 200 in 378.7240 ms
2026-10-09 10:06:45.186 [INF] Workspace List fetched successfully : For Emplyee "08df046f-470d-4db0-8286-3135ffb6f6ce"
2026-10-09 10:06:45.186 [INF] HTTP GET /api/auth/get-workspace responded 200 in 400.5291 ms
2026-10-09 10:06:48.757 [INF] Workspace selection successfuly open - "c84c9fae-750c-4327-b3fd-338517be8161"
2026-10-09 10:06:48.758 [INF] HTTP POST /api/auth/select-workspace responded 200 in 285.3403 ms
2026-10-09 22:26:13.471 [INF] Starting database seeding process...
2026-10-09 22:26:14.988 [INF] Seeding Super Admin user: codedev90@gmail.com
2026-10-09 22:26:15.113 [INF] Super Admin user already exists.
2026-10-09 22:26:15.295 [INF] Super Application Role already has all permisson
2026-10-09 22:26:15.428 [INF] Super Admin user created successfully.
2026-10-09 22:26:15.571 [WRN] The ASP.NET Core developer certificate is not trusted. For information about trusting the ASP.NET Core developer certificate, see https://aka.ms/aspnet/https-trust-dev-cert.
2026-10-09 22:26:21.773 [WRN] You do not have a valid license key for the Lucky Penny software AutoMapper. This is allowed for development and testing scenarios. If you are running in production you are required to have a licensed version. Please visit https://luckypennysoftware.com to obtain a valid license.
2026-10-09 22:26:22.454 [INF] Login Successfully, Employee : "08df046f-470d-4db0-8286-3135ffb6f6ce" , UserId :c8bf23af-b2a7-4b83-a995-8a86dcf7217c
2026-10-09 22:26:22.493 [INF] HTTP POST /api/auth/login responded 200 in 866.9459 ms
2026-10-09 22:26:23.087 [INF] Workspace List fetched successfully : For Emplyee "08df046f-470d-4db0-8286-3135ffb6f6ce"
2026-10-09 22:26:23.095 [INF] HTTP GET /api/auth/get-workspace responded 200 in 566.6744 ms
2026-10-09 22:26:24.935 [INF] Workspace selection successfuly open - "c84c9fae-750c-4327-b3fd-338517be8161"
2026-10-09 22:26:24.936 [INF] HTTP POST /api/auth/select-workspace responded 200 in 501.0307 ms
2026-10-09 23:02:01.374 [WRN] You do not have a valid license key for the Lucky Penny software MediatR. This is allowed for development and testing scenarios. If you are running in production you are required to have a licensed version. Please visit https://luckypennysoftware.com to obtain a valid license.
2026-10-09 23:02:01.756 [INF] Prospect List fetched successfully : Organization "c84c9fae-750c-4327-b3fd-338517be8161"
2026-10-09 23:02:01.768 [INF] HTTP GET /api/prospects/list responded 200 in 428.7152 ms
2026-10-09 23:02:03.332 [INF] Fetched {Count} Prospect Status 
2026-10-09 23:02:03.377 [INF] Fetched {Count} Prospect Temperatures 
2026-10-09 23:02:03.447 [INF] HTTP GET /api/master/temperatures responded 200 in 729.3235 ms
2026-10-09 23:02:03.447 [INF] HTTP GET /api/master/prospect-status responded 200 in 729.5535 ms
2026-10-09 23:02:03.520 [INF] Prospect  fetched successfully : Organization "c84c9fae-750c-4327-b3fd-338517be8161"
2026-10-09 23:02:03.537 [INF] HTTP GET /api/prospects/6f88cef5-9ba5-4607-b54b-a45e3f61448d responded 200 in 853.1966 ms
2026-10-09 23:02:06.494 [INF] HTTP GET /api/employee/lookup responded 200 in 437.0785 ms
2026-10-09 23:02:06.497 [INF] HTTP GET /api/auth/get-profile responded 200 in 441.4537 ms
2026-10-09 23:02:11.475 [INF] Fetched 10 job roles for organization "c84c9fae-750c-4327-b3fd-338517be8161"
2026-10-09 23:02:11.479 [INF] HTTP GET /api/prospects/dropdown responded 200 in 214.5464 ms
2026-10-09 23:02:11.481 [INF] HTTP GET /api/master/get-jobroles responded 200 in 217.0329 ms
