2026-10-02 22:52:53.285 [INF] Starting database seeding process...
2026-10-02 22:52:55.523 [INF] Seeding Super Admin user: codedev90@gmail.com
2026-10-02 22:52:55.644 [INF] Super Admin user already exists.
2026-10-02 22:52:55.806 [INF] Super Application Role already has all permisson
2026-10-02 22:52:55.889 [INF] Super Admin user created successfully.
2026-10-02 22:52:56.095 [WRN] The ASP.NET Core developer certificate is not trusted. For information about trusting the ASP.NET Core developer certificate, see https://aka.ms/aspnet/https-trust-dev-cert.
2026-10-02 22:53:53.360 [INF] HTTP GET /api/auth/csrf responded 404 in 62.8739 ms
2026-10-02 22:53:53.562 [WRN] Refresh token Rotation failed: Token not found 
2026-10-02 22:53:53.605 [INF] HTTP POST /api/auth/refresh responded 400 in 189.8594 ms
2026-10-02 23:15:59.642 [INF] HTTP GET /api/auth/csrf responded 404 in 2.9020 ms
2026-10-02 23:15:59.660 [WRN] Refresh token Rotation failed: Token not found 
2026-10-02 23:15:59.661 [INF] HTTP POST /api/auth/refresh responded 400 in 8.6311 ms
2026-10-02 23:37:23.941 [INF] Login Successfully, Employee : "08df046f-470d-4db0-8286-3135ffb6f6ce" , UserId :c8bf23af-b2a7-4b83-a995-8a86dcf7217c
2026-10-02 23:37:23.949 [INF] HTTP POST /api/auth/login responded 200 in 768.6839 ms
2026-10-02 23:37:24.466 [INF] Workspace List fetched successfully : For Emplyee "08df046f-470d-4db0-8286-3135ffb6f6ce"
2026-10-02 23:37:24.481 [INF] HTTP GET /api/auth/get-workspace responded 200 in 486.1772 ms
2026-10-02 23:37:26.332 [INF] Workspace selection successfuly open - "c84c9fae-750c-4327-b3fd-338517be8161"
2026-10-02 23:37:26.333 [INF] HTTP POST /api/auth/select-workspace responded 200 in 594.6484 ms
2026-10-02 23:37:29.378 [WRN] You do not have a valid license key for the Lucky Penny software MediatR. This is allowed for development and testing scenarios. If you are running in production you are required to have a licensed version. Please visit https://luckypennysoftware.com to obtain a valid license.
2026-10-02 23:37:29.469 [WRN] You do not have a valid license key for the Lucky Penny software AutoMapper. This is allowed for development and testing scenarios. If you are running in production you are required to have a licensed version. Please visit https://luckypennysoftware.com to obtain a valid license.
2026-10-02 23:37:29.563 [INF] Prospect List fetched successfully : Organization "c84c9fae-750c-4327-b3fd-338517be8161"
2026-10-02 23:37:29.572 [INF] HTTP GET /api/prospects/list responded 200 in 207.3769 ms
2026-10-02 23:37:31.016 [INF] Fetched {Count} Prospect Temperatures 
2026-10-02 23:37:31.089 [INF] Fetched {Count} Prospect Status 
2026-10-02 23:37:31.093 [INF] HTTP GET /api/master/prospect-status responded 200 in 462.1077 ms
2026-10-02 23:37:31.093 [INF] HTTP GET /api/master/temperatures responded 200 in 462.4470 ms
2026-10-02 23:37:31.194 [INF] Prospect  fetched successfully : Organization "c84c9fae-750c-4327-b3fd-338517be8161"
2026-10-02 23:37:31.201 [INF] HTTP GET /api/prospects/6f88cef5-9ba5-4607-b54b-a45e3f61448d responded 200 in 596.2883 ms
2026-10-02 23:45:01.169 [INF] Fetched {Count} Prospect Status 
2026-10-02 23:45:01.212 [INF] Fetched {Count} Prospect Temperatures 
2026-10-02 23:45:01.276 [INF] HTTP GET /api/master/prospect-status responded 200 in 532.0806 ms
2026-10-02 23:45:01.276 [INF] HTTP GET /api/master/temperatures responded 200 in 489.2366 ms
2026-10-02 23:45:01.377 [INF] Prospect  fetched successfully : Organization "c84c9fae-750c-4327-b3fd-338517be8161"
2026-10-02 23:45:01.377 [INF] HTTP GET /api/prospects/6f88cef5-9ba5-4607-b54b-a45e3f61448d responded 200 in 633.1854 ms
2026-10-02 23:45:34.518 [INF] Fetched {Count} Prospect Temperatures 
2026-10-02 23:45:34.668 [INF] HTTP GET /api/master/temperatures responded 200 in 221.5524 ms
2026-10-02 23:45:34.670 [INF] Fetched {Count} Prospect Status 
2026-10-02 23:45:34.671 [INF] HTTP GET /api/master/prospect-status responded 200 in 224.9936 ms
2026-10-02 23:46:26.273 [INF] Fetched {Count} Prospect Status 
2026-10-02 23:46:26.295 [INF] HTTP GET /api/master/prospect-status responded 200 in 257.2012 ms
2026-10-02 23:46:26.345 [INF] Fetched {Count} Prospect Temperatures 
2026-10-02 23:46:26.345 [INF] HTTP GET /api/master/temperatures responded 200 in 259.6878 ms
2026-10-02 23:46:26.381 [INF] HTTP GET /api/employee/lookup responded 400 in 108.0795 ms
2026-10-02 23:46:27.391 [INF] HTTP GET /api/employee/lookup responded 400 in 1.5231 ms
2026-10-02 23:46:42.548 [INF] HTTP GET /api/employee/lookup responded 400 in 1.7136 ms
2026-10-02 23:46:43.555 [INF] HTTP GET /api/employee/lookup responded 400 in 1.3599 ms
2026-10-02 23:46:44.953 [INF] HTTP GET /api/employee/lookup responded 400 in 1.3480 ms
2026-10-02 23:46:45.962 [INF] HTTP GET /api/employee/lookup responded 400 in 1.6922 ms
2026-10-02 23:48:21.168 [INF] Starting database seeding process...
2026-10-02 23:48:22.468 [INF] Seeding Super Admin user: codedev90@gmail.com
2026-10-02 23:48:22.627 [INF] Super Admin user already exists.
2026-10-02 23:48:23.028 [INF] Super Application Role already has all permisson
2026-10-02 23:48:23.156 [INF] Super Admin user created successfully.
2026-10-02 23:48:23.316 [WRN] The ASP.NET Core developer certificate is not trusted. For information about trusting the ASP.NET Core developer certificate, see https://aka.ms/aspnet/https-trust-dev-cert.
2026-10-02 23:48:41.339 [WRN] You do not have a valid license key for the Lucky Penny software MediatR. This is allowed for development and testing scenarios. If you are running in production you are required to have a licensed version. Please visit https://luckypennysoftware.com to obtain a valid license.
2026-10-02 23:48:41.473 [INF] HTTP GET /api/employee/lookup responded 400 in 288.9858 ms
2026-10-02 23:48:43.796 [INF] HTTP GET /api/employee/lookup responded 400 in 10.1359 ms
2026-10-02 23:50:55.892 [INF] Starting database seeding process...
2026-10-02 23:50:57.534 [INF] Seeding Super Admin user: codedev90@gmail.com
2026-10-02 23:50:57.654 [INF] Super Admin user already exists.
2026-10-02 23:50:58.115 [INF] Super Application Role already has all permisson
2026-10-02 23:50:58.194 [INF] Super Admin user created successfully.
2026-10-02 23:50:58.318 [WRN] The ASP.NET Core developer certificate is not trusted. For information about trusting the ASP.NET Core developer certificate, see https://aka.ms/aspnet/https-trust-dev-cert.
2026-10-02 23:51:03.971 [WRN] You do not have a valid license key for the Lucky Penny software MediatR. This is allowed for development and testing scenarios. If you are running in production you are required to have a licensed version. Please visit https://luckypennysoftware.com to obtain a valid license.
2026-10-02 23:51:04.391 [ERR] HTTP GET /api/employee/lookup responded 500 in 558.8260 ms
2026-10-02 23:51:06.798 [ERR] HTTP GET /api/employee/lookup responded 500 in 375.2336 ms
2026-10-02 23:54:54.511 [ERR] HTTP GET /api/employee/lookup responded 500 in 172167.7643 ms
2026-10-02 23:55:40.735 [ERR] HTTP GET /api/employee/lookup responded 500 in 46210.8339 ms
2026-10-02 23:57:39.363 [ERR] HTTP GET /api/employee/lookup responded 500 in 6000.1274 ms
2026-10-02 23:57:48.891 [ERR] HTTP GET /api/employee/lookup responded 500 in 8512.3780 ms
2026-10-02 23:58:33.840 [ERR] HTTP GET /api/employee/lookup responded 500 in 10011.8088 ms
2026-10-02 23:58:39.355 [ERR] HTTP GET /api/employee/lookup responded 500 in 4496.4997 ms
2026-10-02 23:59:51.057 [ERR] HTTP GET /api/employee/lookup responded 500 in 17917.7663 ms
2026-10-02 23:59:52.307 [ERR] HTTP GET /api/employee/lookup responded 500 in 233.5788 ms
