2026-09-09 00:12:04.844 [INF] HTTP GET /api/auth/csrf responded 404 in 0.3196 ms
2026-09-09 00:12:05.012 [WRN] Refresh token Rotation failed: Token not found b9XU0KzmZqkwYeaJUAb7NNNVG0nkKqFHpaWgt_kgOsZBGYHmxptK3NPVM0RAQggPkB_6Mg_Zle_jKWJsF2zbzA
2026-09-09 00:12:05.015 [INF] HTTP POST /api/auth/refresh responded 400 in 111.6179 ms
2026-09-09 00:12:11.062 [INF] HTTP GET /api/auth/csrf responded 404 in 0.2210 ms
2026-09-09 00:12:11.100 [WRN] Refresh token Rotation failed: Token not found 
2026-09-09 00:12:11.100 [INF] HTTP POST /api/auth/refresh responded 400 in 1.3492 ms
2026-09-09 00:12:13.487 [INF] Login Successfully, Employee : "08df046f-470d-4db0-8286-3135ffb6f6ce" , UserId :c8bf23af-b2a7-4b83-a995-8a86dcf7217c
2026-09-09 00:12:13.488 [INF] HTTP POST /api/auth/login responded 200 in 88.7105 ms
2026-09-09 00:12:13.533 [INF] Workspace List fetched successfully : For Emplyee "08df046f-470d-4db0-8286-3135ffb6f6ce"
2026-09-09 00:12:13.533 [INF] HTTP GET /api/auth/get-workspace responded 200 in 8.6548 ms
2026-09-09 00:12:14.900 [INF] Workspace selection successfuly open - "c84c9fae-750c-4327-b3fd-338517be8161"
2026-09-09 00:12:14.901 [INF] HTTP POST /api/auth/select-workspace responded 200 in 11.4252 ms
2026-09-09 00:12:21.034 [INF] Fetched 5 job roles for organization "c84c9fae-750c-4327-b3fd-338517be8161"
2026-09-09 00:12:21.034 [INF] HTTP GET /api/master/get-jobroles responded 200 in 4.6295 ms
2026-09-09 00:12:35.670 [INF] HTTP GET /api/employee/get-employees responded 200 in 4.6862 ms
2026-09-09 00:14:46.371 [INF] Fetched 5 job roles for organization "c84c9fae-750c-4327-b3fd-338517be8161"
2026-09-09 00:14:46.371 [INF] HTTP GET /api/master/get-jobroles responded 200 in 4.7609 ms
2026-09-09 00:14:46.923 [INF] HTTP GET /api/employee/get-employees responded 200 in 3.1601 ms
2026-09-09 00:15:22.514 [INF] HTTP GET /api/auth/csrf responded 404 in 0.1063 ms
2026-09-09 00:15:22.563 [INF] Gernerate new refresh token- 
2026-09-09 00:15:22.565 [INF] HTTP POST /api/auth/refresh responded 200 in 17.6575 ms
2026-09-09 00:15:22.588 [INF] Workspace List fetched successfully : For Emplyee "08df046f-470d-4db0-8286-3135ffb6f6ce"
2026-09-09 00:15:22.589 [INF] HTTP GET /api/auth/get-workspace responded 200 in 9.4426 ms
2026-09-09 00:15:44.647 [INF] Workspace selection successfuly open - "c84c9fae-750c-4327-b3fd-338517be8161"
2026-09-09 00:15:44.647 [INF] HTTP POST /api/auth/select-workspace responded 200 in 11.5288 ms
2026-09-09 00:15:49.008 [INF] HTTP GET /api/employee/get-employees responded 200 in 3.1610 ms
2026-09-09 00:16:24.640 [INF] Fetched 5 job roles for organization "c84c9fae-750c-4327-b3fd-338517be8161"
2026-09-09 00:16:24.641 [INF] HTTP GET /api/master/get-jobroles responded 200 in 2.8873 ms
2026-09-09 00:21:43.517 [INF] HTTP GET /api/auth/csrf responded 404 in 0.1319 ms
2026-09-09 00:21:43.589 [INF] Gernerate new refresh token- 
2026-09-09 00:21:43.589 [INF] HTTP POST /api/auth/refresh responded 200 in 61.3480 ms
2026-09-09 00:21:43.632 [INF] Workspace List fetched successfully : For Emplyee "08df046f-470d-4db0-8286-3135ffb6f6ce"
2026-09-09 00:21:43.632 [INF] HTTP GET /api/auth/get-workspace responded 200 in 5.9392 ms
2026-09-09 00:49:33.171 [INF] Workspace selection successfuly open - "c84c9fae-750c-4327-b3fd-338517be8161"
2026-09-09 00:49:33.172 [INF] HTTP POST /api/auth/select-workspace responded 200 in 43.6552 ms
2026-09-09 00:49:43.434 [INF] Fetched 5 job roles for organization "c84c9fae-750c-4327-b3fd-338517be8161"
2026-09-09 00:49:43.435 [INF] HTTP GET /api/master/get-jobroles responded 200 in 2.8424 ms
2026-09-09 00:50:53.770 [INF] Fetched 5 job roles for organization "c84c9fae-750c-4327-b3fd-338517be8161"
2026-09-09 00:50:53.771 [INF] HTTP GET /api/master/get-jobroles responded 200 in 3.3396 ms
2026-09-09 00:50:54.771 [INF] HTTP GET /api/employee/get-employees responded 200 in 3.9256 ms
2026-09-09 00:53:15.964 [INF] HTTP GET /api/employee/get-employees responded 200 in 3.5884 ms
2026-09-09 00:53:34.446 [INF] Fetched 5 job roles for organization "c84c9fae-750c-4327-b3fd-338517be8161"
2026-09-09 00:53:34.447 [INF] HTTP GET /api/master/get-jobroles responded 200 in 3.6480 ms
2026-09-09 00:54:09.864 [INF] Fetched 5 job roles for organization "c84c9fae-750c-4327-b3fd-338517be8161"
2026-09-09 00:54:09.865 [INF] HTTP GET /api/master/get-jobroles responded 200 in 3.5466 ms
2026-09-09 00:54:10.471 [INF] HTTP GET /api/employee/get-employees responded 200 in 2.9951 ms
2026-09-09 00:54:52.450 [INF] HTTP GET /api/auth/csrf responded 404 in 0.0926 ms
2026-09-09 00:54:52.478 [INF] Gernerate new refresh token- 
2026-09-09 00:54:52.479 [INF] HTTP POST /api/auth/refresh responded 200 in 13.4524 ms
2026-09-09 00:54:52.546 [INF] Workspace List fetched successfully : For Emplyee "08df046f-470d-4db0-8286-3135ffb6f6ce"
2026-09-09 00:54:52.546 [INF] HTTP GET /api/auth/get-workspace responded 200 in 5.5418 ms
2026-09-09 00:54:56.852 [INF] Workspace selection successfuly open - "c84c9fae-750c-4327-b3fd-338517be8161"
2026-09-09 00:54:56.852 [INF] HTTP POST /api/auth/select-workspace responded 200 in 10.8350 ms
2026-09-09 00:55:18.137 [INF] Fetched 5 job roles for organization "c84c9fae-750c-4327-b3fd-338517be8161"
2026-09-09 00:55:18.137 [INF] HTTP GET /api/master/get-jobroles responded 200 in 2.5513 ms
2026-09-09 00:55:19.109 [INF] HTTP GET /api/employee/get-employees responded 200 in 2.9641 ms
2026-09-09 00:55:31.286 [INF] HTTP GET /api/employee/get-employee/2b28d3e7-38b8-4f04-94fa-af1ac5b0af15 responded 200 in 31.2218 ms
2026-09-09 00:56:55.432 [INF] HTTP GET /api/auth/csrf responded 404 in 0.0871 ms
2026-09-09 00:56:55.457 [INF] Gernerate new refresh token- 
2026-09-09 00:56:55.458 [INF] HTTP POST /api/auth/refresh responded 200 in 13.7845 ms
2026-09-09 00:56:55.496 [INF] Workspace List fetched successfully : For Emplyee "08df046f-470d-4db0-8286-3135ffb6f6ce"
2026-09-09 00:56:55.496 [INF] HTTP GET /api/auth/get-workspace responded 200 in 8.2912 ms
2026-09-09 01:00:07.200 [INF] Workspace selection successfuly open - "c84c9fae-750c-4327-b3fd-338517be8161"
2026-09-09 01:00:07.200 [INF] HTTP POST /api/auth/select-workspace responded 200 in 10.9754 ms
2026-09-09 01:00:11.027 [INF] Fetched 5 job roles for organization "c84c9fae-750c-4327-b3fd-338517be8161"
2026-09-09 01:00:11.027 [INF] HTTP GET /api/master/get-jobroles responded 200 in 2.4297 ms
2026-09-09 01:03:34.584 [INF] HTTP GET /api/employee/get-employees responded 200 in 51.7470 ms
2026-09-09 01:03:35.580 [INF] Fetched 5 job roles for organization "c84c9fae-750c-4327-b3fd-338517be8161"
2026-09-09 01:03:35.580 [INF] HTTP GET /api/master/get-jobroles responded 200 in 2.2565 ms
2026-09-09 01:04:10.987 [INF] HTTP GET /api/employee/get-employees responded 200 in 3.3394 ms
2026-09-09 01:04:12.134 [INF] Fetched 5 job roles for organization "c84c9fae-750c-4327-b3fd-338517be8161"
2026-09-09 01:04:12.135 [INF] HTTP GET /api/master/get-jobroles responded 200 in 3.0944 ms
2026-09-09 01:05:46.990 [INF] Fetched 5 job roles for organization "c84c9fae-750c-4327-b3fd-338517be8161"
2026-09-09 01:05:46.991 [INF] HTTP GET /api/master/get-jobroles responded 200 in 2.8397 ms
2026-09-09 01:05:47.865 [INF] HTTP GET /api/employee/get-employees responded 200 in 3.2357 ms
2026-09-09 01:16:52.639 [INF] Fetched 5 job roles for organization "c84c9fae-750c-4327-b3fd-338517be8161"
2026-09-09 01:16:52.639 [INF] HTTP GET /api/master/get-jobroles responded 200 in 36.6066 ms
2026-09-09 01:16:55.660 [INF] HTTP GET /api/employee/get-employees responded 200 in 4.0199 ms
2026-09-09 01:17:16.778 [INF] HTTP GET /api/employee/get-employee/08df046f-470d-4db0-8286-3135ffb6f6ce responded 200 in 5.4208 ms
2026-09-09 01:17:52.085 [INF] Fetched 5 job roles for organization "c84c9fae-750c-4327-b3fd-338517be8161"
2026-09-09 01:17:52.085 [INF] HTTP GET /api/master/get-jobroles responded 200 in 3.4498 ms
2026-09-09 01:17:59.396 [INF] HTTP GET /api/employee/get-employees responded 200 in 2.6423 ms
2026-09-09 01:30:10.129 [INF] Starting database seeding process...
2026-09-09 01:30:11.383 [INF] Seeding Super Admin user: codedev90@gmail.com
2026-09-09 01:30:11.484 [INF] Super Admin user already exists.
2026-09-09 01:30:11.603 [INF] Super Application Role already has all permisson
2026-09-09 01:30:11.665 [INF] Super Admin user created successfully.
2026-09-09 01:30:16.197 [INF] Login Successfully, Employee : "08df046f-470d-4db0-8286-3135ffb6f6ce" , UserId :c8bf23af-b2a7-4b83-a995-8a86dcf7217c
2026-09-09 01:30:16.235 [INF] HTTP POST /api/auth/login responded 200 in 414.0442 ms
2026-09-09 01:30:16.421 [INF] Workspace List fetched successfully : For Emplyee "08df046f-470d-4db0-8286-3135ffb6f6ce"
2026-09-09 01:30:16.433 [INF] HTTP GET /api/auth/get-workspace responded 200 in 147.1801 ms
2026-09-09 01:30:18.044 [INF] Workspace selection successfuly open - "c84c9fae-750c-4327-b3fd-338517be8161"
2026-09-09 01:30:18.045 [INF] HTTP POST /api/auth/select-workspace responded 200 in 51.6352 ms
2026-09-09 01:31:30.686 [INF] HTTP GET /api/auth/csrf responded 404 in 0.6076 ms
2026-09-09 01:31:30.736 [INF] Gernerate new refresh token- 
2026-09-09 01:31:30.738 [INF] HTTP POST /api/auth/refresh responded 200 in 44.2652 ms
2026-09-09 01:31:30.791 [INF] Workspace List fetched successfully : For Emplyee "08df046f-470d-4db0-8286-3135ffb6f6ce"
2026-09-09 01:31:30.792 [INF] HTTP GET /api/auth/get-workspace responded 200 in 16.2020 ms
2026-09-09 01:31:32.189 [INF] Workspace selection successfuly open - "c84c9fae-750c-4327-b3fd-338517be8161"
2026-09-09 01:31:32.190 [INF] HTTP POST /api/auth/select-workspace responded 200 in 14.4572 ms
2026-09-09 01:32:31.019 [WRN] You do not have a valid license key for the Lucky Penny software MediatR. This is allowed for development and testing scenarios. If you are running in production you are required to have a licensed version. Please visit https://luckypennysoftware.com to obtain a valid license.
2026-09-09 01:32:31.039 [INF] Fetched 5 job roles for organization "c84c9fae-750c-4327-b3fd-338517be8161"
2026-09-09 01:32:31.042 [INF] HTTP GET /api/master/get-jobroles responded 200 in 35.0087 ms
2026-09-09 01:32:32.217 [INF] HTTP GET /api/employee/get-employees responded 200 in 32.7161 ms
2026-09-09 01:41:52.261 [INF] HTTP GET /api/auth/csrf responded 404 in 0.1497 ms
2026-09-09 01:41:52.335 [INF] Gernerate new refresh token- 
2026-09-09 01:41:52.335 [INF] HTTP POST /api/auth/refresh responded 200 in 64.0490 ms
2026-09-09 01:41:52.371 [INF] Workspace List fetched successfully : For Emplyee "08df046f-470d-4db0-8286-3135ffb6f6ce"
2026-09-09 01:41:52.372 [INF] HTTP GET /api/auth/get-workspace responded 200 in 9.4564 ms
2026-09-09 01:41:53.555 [INF] Workspace selection successfuly open - "c84c9fae-750c-4327-b3fd-338517be8161"
2026-09-09 01:41:53.556 [INF] HTTP POST /api/auth/select-workspace responded 200 in 11.1778 ms
2026-09-09 01:44:21.265 [INF] Fetched 5 job roles for organization "c84c9fae-750c-4327-b3fd-338517be8161"
2026-09-09 01:44:21.266 [INF] HTTP GET /api/master/get-jobroles responded 200 in 5.8467 ms
2026-09-09 01:44:21.888 [INF] HTTP GET /api/employee/get-employees responded 200 in 5.0003 ms
2026-09-09 01:45:26.421 [INF] HTTP GET /api/auth/csrf responded 404 in 0.1800 ms
2026-09-09 01:45:26.453 [INF] Gernerate new refresh token- 
2026-09-09 01:45:26.454 [INF] HTTP POST /api/auth/refresh responded 200 in 18.2104 ms
2026-09-09 01:45:27.627 [INF] Workspace List fetched successfully : For Emplyee "08df046f-470d-4db0-8286-3135ffb6f6ce"
2026-09-09 01:45:27.627 [INF] HTTP GET /api/auth/get-workspace responded 200 in 10.4088 ms
2026-09-09 01:46:00.897 [INF] Workspace selection successfuly open - "c84c9fae-750c-4327-b3fd-338517be8161"
2026-09-09 01:46:00.898 [INF] HTTP POST /api/auth/select-workspace responded 200 in 12.1591 ms
2026-09-09 01:49:24.137 [INF] HTTP GET /api/auth/csrf responded 404 in 0.1220 ms
2026-09-09 01:49:24.206 [INF] Gernerate new refresh token- 
2026-09-09 01:49:24.206 [INF] HTTP POST /api/auth/refresh responded 200 in 59.4265 ms
2026-09-09 01:49:24.231 [INF] Workspace List fetched successfully : For Emplyee "08df046f-470d-4db0-8286-3135ffb6f6ce"
2026-09-09 01:49:24.231 [INF] HTTP GET /api/auth/get-workspace responded 200 in 5.2525 ms
2026-09-09 01:49:45.897 [INF] HTTP GET /api/auth/csrf responded 404 in 0.1533 ms
2026-09-09 01:49:45.912 [WRN] Refresh token Rotation failed: Token not found Zsc3bnp_o55wqgnGK6z_3HN57Tf6gxw1eiCRFkhFt6Zbc1GxX00dLPqIS4yVjNi5PjK_OzXVm_FmnM_T2cBasg
2026-09-09 01:49:45.913 [INF] HTTP POST /api/auth/refresh responded 400 in 5.8906 ms
2026-09-09 01:51:12.667 [INF] Login Successfully, Employee : "08df046f-470d-4db0-8286-3135ffb6f6ce" , UserId :c8bf23af-b2a7-4b83-a995-8a86dcf7217c
2026-09-09 01:51:12.667 [INF] HTTP POST /api/auth/login responded 200 in 94.7697 ms
2026-09-09 01:51:12.713 [INF] Workspace List fetched successfully : For Emplyee "08df046f-470d-4db0-8286-3135ffb6f6ce"
2026-09-09 01:51:12.713 [INF] HTTP GET /api/auth/get-workspace responded 200 in 13.0982 ms
2026-09-09 01:51:13.965 [INF] Workspace selection successfuly open - "c84c9fae-750c-4327-b3fd-338517be8161"
2026-09-09 01:51:13.965 [INF] HTTP POST /api/auth/select-workspace responded 200 in 13.9100 ms
2026-09-09 02:08:56.209 [INF] HTTP GET /api/auth/csrf responded 404 in 0.1079 ms
2026-09-09 02:08:56.282 [INF] Gernerate new refresh token- 
2026-09-09 02:08:56.283 [INF] HTTP POST /api/auth/refresh responded 200 in 60.1666 ms
2026-09-09 02:08:56.304 [INF] Workspace List fetched successfully : For Emplyee "08df046f-470d-4db0-8286-3135ffb6f6ce"
2026-09-09 02:08:56.304 [INF] HTTP GET /api/auth/get-workspace responded 200 in 6.7275 ms
2026-09-09 02:09:09.002 [INF] Workspace selection successfuly open - "c84c9fae-750c-4327-b3fd-338517be8161"
2026-09-09 02:09:09.002 [INF] HTTP POST /api/auth/select-workspace responded 200 in 9.5401 ms
2026-09-09 02:18:56.917 [INF] Fetched 5 job roles for organization "c84c9fae-750c-4327-b3fd-338517be8161"
2026-09-09 02:18:56.917 [INF] HTTP GET /api/master/get-jobroles responded 200 in 43.6832 ms
2026-09-09 02:19:01.394 [INF] HTTP GET /api/employee/get-employees responded 200 in 3.2338 ms
2026-09-09 02:23:32.226 [INF] Fetched 5 job roles for organization "c84c9fae-750c-4327-b3fd-338517be8161"
2026-09-09 02:23:32.226 [INF] HTTP GET /api/master/get-jobroles responded 200 in 5.6828 ms
2026-09-09 02:23:32.896 [INF] HTTP GET /api/employee/get-employees responded 200 in 3.9606 ms
2026-09-09 22:15:04.764 [INF] Starting database seeding process...
2026-09-09 22:15:06.722 [INF] Seeding Super Admin user: codedev90@gmail.com
2026-09-09 22:15:06.858 [INF] Super Admin user already exists.
2026-09-09 22:15:07.012 [INF] Super Application Role already has all permisson
2026-09-09 22:15:07.089 [INF] Super Admin user created successfully.
2026-09-09 22:15:15.835 [INF] HTTP GET /api/auth/csrf responded 404 in 33.9801 ms
2026-09-09 22:15:16.120 [INF] Gernerate new refresh token- 
2026-09-09 22:15:16.160 [INF] HTTP POST /api/auth/refresh responded 200 in 297.2420 ms
2026-09-09 22:15:16.413 [INF] Workspace List fetched successfully : For Emplyee "08df046f-470d-4db0-8286-3135ffb6f6ce"
2026-09-09 22:15:16.428 [INF] HTTP GET /api/auth/get-workspace responded 200 in 245.2860 ms
2026-09-09 22:15:22.053 [INF] Workspace selection successfuly open - "c84c9fae-750c-4327-b3fd-338517be8161"
2026-09-09 22:15:22.055 [INF] HTTP POST /api/auth/select-workspace responded 200 in 66.8023 ms
2026-09-09 22:20:53.765 [WRN] You do not have a valid license key for the Lucky Penny software MediatR. This is allowed for development and testing scenarios. If you are running in production you are required to have a licensed version. Please visit https://luckypennysoftware.com to obtain a valid license.
2026-09-09 22:20:53.820 [INF] Fetched 5 job roles for organization "c84c9fae-750c-4327-b3fd-338517be8161"
2026-09-09 22:20:53.824 [INF] HTTP GET /api/master/get-jobroles responded 200 in 69.8309 ms
2026-09-09 22:43:05.434 [INF] HTTP GET /api/employee/get-employees responded 200 in 73.0460 ms
2026-09-09 22:43:13.485 [INF] Fetched 5 job roles for organization "c84c9fae-750c-4327-b3fd-338517be8161"
2026-09-09 22:43:13.486 [INF] HTTP GET /api/master/get-jobroles responded 200 in 7.5795 ms
2026-09-09 22:44:15.092 [INF] Fetched 5 job roles for organization "c84c9fae-750c-4327-b3fd-338517be8161"
2026-09-09 22:44:15.093 [INF] HTTP GET /api/master/get-jobroles responded 200 in 4.6221 ms
2026-09-09 22:44:16.640 [INF] HTTP GET /api/employee/get-employees responded 200 in 4.8482 ms
2026-09-09 22:47:58.591 [INF] HTTP GET /api/auth/csrf responded 404 in 0.2505 ms
2026-09-09 22:47:58.627 [INF] Gernerate new refresh token- 
2026-09-09 22:47:58.628 [INF] HTTP POST /api/auth/refresh responded 200 in 24.0330 ms
2026-09-09 22:47:58.687 [INF] Workspace List fetched successfully : For Emplyee "08df046f-470d-4db0-8286-3135ffb6f6ce"
2026-09-09 22:47:58.687 [INF] HTTP GET /api/auth/get-workspace responded 200 in 6.7646 ms
2026-09-09 22:48:00.910 [INF] Workspace selection successfuly open - "c84c9fae-750c-4327-b3fd-338517be8161"
2026-09-09 22:48:00.910 [INF] HTTP POST /api/auth/select-workspace responded 200 in 12.0842 ms
