2026-10-10 08:32:04.074 [INF] Starting database seeding process...
2026-10-10 08:32:05.661 [INF] Seeding Super Admin user: codedev90@gmail.com
2026-10-10 08:32:05.760 [INF] Super Admin user already exists.
2026-10-10 08:32:05.905 [INF] Super Application Role already has all permisson
2026-10-10 08:32:05.957 [INF] Super Admin user created successfully.
2026-10-10 08:32:06.100 [WRN] The ASP.NET Core developer certificate is not trusted. For information about trusting the ASP.NET Core developer certificate, see https://aka.ms/aspnet/https-trust-dev-cert.
2026-10-10 08:32:13.139 [WRN] You do not have a valid license key for the Lucky Penny software AutoMapper. This is allowed for development and testing scenarios. If you are running in production you are required to have a licensed version. Please visit https://luckypennysoftware.com to obtain a valid license.
2026-10-10 08:32:13.734 [INF] Login Successfully, Employee : "08df046f-470d-4db0-8286-3135ffb6f6ce" , UserId :c8bf23af-b2a7-4b83-a995-8a86dcf7217c
2026-10-10 08:32:13.769 [INF] HTTP POST /api/auth/login responded 200 in 747.9511 ms
2026-10-10 08:32:14.359 [INF] Workspace List fetched successfully : For Emplyee "08df046f-470d-4db0-8286-3135ffb6f6ce"
2026-10-10 08:32:14.366 [INF] HTTP GET /api/auth/get-workspace responded 200 in 572.0574 ms
2026-10-10 08:32:17.251 [INF] Workspace selection successfuly open - "c84c9fae-750c-4327-b3fd-338517be8161"
2026-10-10 08:32:17.252 [INF] HTTP POST /api/auth/select-workspace responded 200 in 575.4036 ms
2026-10-10 10:14:09.027 [INF] Starting database seeding process...
2026-10-10 10:14:10.293 [INF] Seeding Super Admin user: codedev90@gmail.com
2026-10-10 10:14:10.407 [INF] Super Admin user already exists.
2026-10-10 10:14:10.982 [INF] Super Application Role already has all permisson
2026-10-10 10:14:11.116 [INF] Super Admin user created successfully.
2026-10-10 10:14:11.240 [WRN] The ASP.NET Core developer certificate is not trusted. For information about trusting the ASP.NET Core developer certificate, see https://aka.ms/aspnet/https-trust-dev-cert.
2026-10-10 10:14:16.108 [WRN] You do not have a valid license key for the Lucky Penny software AutoMapper. This is allowed for development and testing scenarios. If you are running in production you are required to have a licensed version. Please visit https://luckypennysoftware.com to obtain a valid license.
2026-10-10 10:14:16.779 [INF] Login Successfully, Employee : "08df046f-470d-4db0-8286-3135ffb6f6ce" , UserId :c8bf23af-b2a7-4b83-a995-8a86dcf7217c
2026-10-10 10:14:16.819 [INF] HTTP POST /api/auth/login responded 200 in 829.2016 ms
2026-10-10 10:14:17.372 [INF] Workspace List fetched successfully : For Emplyee "08df046f-470d-4db0-8286-3135ffb6f6ce"
2026-10-10 10:14:17.379 [INF] HTTP GET /api/auth/get-workspace responded 200 in 509.7647 ms
2026-10-10 10:14:19.166 [INF] Workspace selection successfuly open - "c84c9fae-750c-4327-b3fd-338517be8161"
2026-10-10 10:14:19.167 [INF] HTTP POST /api/auth/select-workspace responded 200 in 618.5900 ms
2026-10-10 10:15:01.538 [WRN] You do not have a valid license key for the Lucky Penny software MediatR. This is allowed for development and testing scenarios. If you are running in production you are required to have a licensed version. Please visit https://luckypennysoftware.com to obtain a valid license.
2026-10-10 10:15:01.538 [WRN] You do not have a valid license key for the Lucky Penny software MediatR. This is allowed for development and testing scenarios. If you are running in production you are required to have a licensed version. Please visit https://luckypennysoftware.com to obtain a valid license.
2026-10-10 10:15:01.538 [WRN] You do not have a valid license key for the Lucky Penny software MediatR. This is allowed for development and testing scenarios. If you are running in production you are required to have a licensed version. Please visit https://luckypennysoftware.com to obtain a valid license.
2026-10-10 10:15:01.902 [INF] Fetched {Count} Prospect Status 
2026-10-10 10:15:01.908 [INF] HTTP GET /api/master/prospect-status responded 200 in 429.1825 ms
2026-10-10 10:15:02.016 [INF] HTTP GET /api/prospects/p-abc-tower responded 400 in 541.2012 ms
2026-10-10 10:15:02.018 [INF] Fetched {Count} Prospect Temperatures 
2026-10-10 10:15:02.019 [INF] HTTP GET /api/master/temperatures responded 200 in 540.9502 ms
2026-10-10 10:15:05.373 [INF] Prospect List fetched successfully : Organization "c84c9fae-750c-4327-b3fd-338517be8161"
2026-10-10 10:15:05.380 [INF] HTTP GET /api/prospects/list responded 200 in 96.0691 ms
2026-10-10 10:15:07.653 [INF] Prospect  fetched successfully : Organization "c84c9fae-750c-4327-b3fd-338517be8161"
2026-10-10 10:15:07.658 [INF] HTTP GET /api/prospects/6f88cef5-9ba5-4607-b54b-a45e3f61448d responded 200 in 314.0018 ms
2026-10-10 10:15:10.830 [WRN] The query uses a row limiting operator ('Skip'/'Take') without an 'OrderBy' operator. This may lead to unpredictable results. If the 'Distinct' operator is used after 'OrderBy', then make sure to use the 'OrderBy' operator after 'Distinct' as the ordering would otherwise get erased.
2026-10-10 10:15:10.830 [WRN] The query uses a row limiting operator ('Skip'/'Take') without an 'OrderBy' operator. This may lead to unpredictable results. If the 'Distinct' operator is used after 'OrderBy', then make sure to use the 'OrderBy' operator after 'Distinct' as the ordering would otherwise get erased.
2026-10-10 10:15:10.851 [INF] HTTP GET /api/contact responded 200 in 294.9306 ms
2026-10-10 10:15:29.350 [INF] Fetched 10 job roles for organization "c84c9fae-750c-4327-b3fd-338517be8161"
2026-10-10 10:15:29.351 [INF] HTTP GET /api/prospects/dropdown responded 200 in 457.8253 ms
2026-10-10 10:15:29.353 [INF] HTTP GET /api/master/get-jobroles responded 200 in 459.6887 ms
