2026-09-27 11:50:48.919 [INF] Starting database seeding process...
2026-09-27 11:50:50.318 [INF] Seeding Super Admin user: codedev90@gmail.com
2026-09-27 11:50:50.404 [INF] Super Admin user already exists.
2026-09-27 11:50:50.511 [INF] Super Application Role already has all permisson
2026-09-27 11:50:50.595 [INF] Super Admin user created successfully.
2026-09-27 11:50:50.773 [WRN] The ASP.NET Core developer certificate is not trusted. For information about trusting the ASP.NET Core developer certificate, see https://aka.ms/aspnet/https-trust-dev-cert.
2026-09-27 11:50:54.122 [INF] Login Successfully, Employee : "08df046f-470d-4db0-8286-3135ffb6f6ce" , UserId :c8bf23af-b2a7-4b83-a995-8a86dcf7217c
2026-09-27 11:50:54.154 [INF] HTTP POST /api/auth/login responded 200 in 743.6149 ms
2026-09-27 11:50:54.882 [INF] Workspace List fetched successfully : For Emplyee "08df046f-470d-4db0-8286-3135ffb6f6ce"
2026-09-27 11:50:54.897 [INF] HTTP GET /api/auth/get-workspace responded 200 in 701.7005 ms
2026-09-27 11:50:56.533 [INF] Workspace selection successfuly open - "c84c9fae-750c-4327-b3fd-338517be8161"
2026-09-27 11:50:56.534 [INF] HTTP POST /api/auth/select-workspace responded 200 in 451.7138 ms
2026-09-27 11:51:00.957 [WRN] You do not have a valid license key for the Lucky Penny software MediatR. This is allowed for development and testing scenarios. If you are running in production you are required to have a licensed version. Please visit https://luckypennysoftware.com to obtain a valid license.
2026-09-27 11:51:01.018 [WRN] You do not have a valid license key for the Lucky Penny software AutoMapper. This is allowed for development and testing scenarios. If you are running in production you are required to have a licensed version. Please visit https://luckypennysoftware.com to obtain a valid license.
2026-09-27 11:51:01.187 [INF] Prospect List fetched successfully : Organization "c84c9fae-750c-4327-b3fd-338517be8161"
2026-09-27 11:51:01.194 [INF] HTTP GET /api/prospects/list responded 200 in 246.1627 ms
2026-09-27 11:51:03.626 [INF] Fetched {Count} Prospect Temperatures 
2026-09-27 11:51:03.783 [INF] HTTP GET /api/master/temperatures responded 200 in 704.6891 ms
2026-09-27 11:51:03.868 [INF] Fetched {Count} Prospect Status 
2026-09-27 11:51:03.913 [INF] HTTP GET /api/master/prospect-status responded 200 in 834.9244 ms
2026-09-27 11:51:04.037 [INF] Prospect  fetched successfully : Organization "c84c9fae-750c-4327-b3fd-338517be8161"
2026-09-27 11:51:04.045 [INF] HTTP GET /api/prospects/6f88cef5-9ba5-4607-b54b-a45e3f61448d responded 200 in 1017.8337 ms
2026-09-27 11:51:29.368 [INF] Fetched 10 job roles for organization "c84c9fae-750c-4327-b3fd-338517be8161"
2026-09-27 11:51:29.368 [WRN] Project Stages fetched successfully
2026-09-27 11:51:29.375 [INF] HTTP GET /api/master/get-jobroles responded 200 in 267.0205 ms
2026-09-27 11:51:29.379 [INF] HTTP GET /api/master/project-stages responded 200 in 247.7018 ms
2026-09-27 11:51:34.466 [INF] Fetched {Count} Prospect Status 
2026-09-27 11:51:34.466 [INF] Fetched {Count} Prospect Temperatures 
2026-09-27 11:51:34.488 [INF] HTTP GET /api/master/temperatures responded 200 in 136.3674 ms
2026-09-27 11:51:34.488 [INF] HTTP GET /api/master/prospect-status responded 200 in 136.9873 ms
2026-09-27 11:51:56.713 [INF] HTTP GET /api/auth/csrf responded 404 in 0.1905 ms
2026-09-27 11:51:57.100 [INF] Gernerate new refresh token- 
2026-09-27 11:51:57.101 [INF] HTTP POST /api/auth/refresh responded 200 in 376.1660 ms
2026-09-27 11:51:57.396 [INF] Workspace List fetched successfully : For Emplyee "08df046f-470d-4db0-8286-3135ffb6f6ce"
2026-09-27 11:51:57.396 [INF] HTTP GET /api/auth/get-workspace responded 200 in 280.3540 ms
2026-09-27 11:52:07.250 [INF] HTTP GET /api/auth/csrf responded 404 in 0.1350 ms
2026-09-27 11:52:07.409 [WRN] Refresh token Rotation failed: Token not found rGMo670ltk7TnoSTlPkpideftXjA3DPtELjIzU_xRUJnc25NdphaUGpOuMhI3LilhjqnNqxnO1OrdcEDicxxww
2026-09-27 11:52:07.411 [INF] HTTP POST /api/auth/refresh responded 400 in 153.8972 ms
2026-09-27 11:53:25.596 [INF] Starting database seeding process...
2026-09-27 11:53:26.729 [INF] Seeding Super Admin user: codedev90@gmail.com
2026-09-27 11:53:26.846 [INF] Super Admin user already exists.
2026-09-27 11:53:27.351 [INF] Super Application Role already has all permisson
2026-09-27 11:53:27.482 [INF] Super Admin user created successfully.
2026-09-27 11:53:27.568 [WRN] The ASP.NET Core developer certificate is not trusted. For information about trusting the ASP.NET Core developer certificate, see https://aka.ms/aspnet/https-trust-dev-cert.
2026-09-27 12:01:27.546 [WRN] You do not have a valid license key for the Lucky Penny software MediatR. This is allowed for development and testing scenarios. If you are running in production you are required to have a licensed version. Please visit https://luckypennysoftware.com to obtain a valid license.
2026-09-27 12:01:28.202 [WRN] You do not have a valid license key for the Lucky Penny software AutoMapper. This is allowed for development and testing scenarios. If you are running in production you are required to have a licensed version. Please visit https://luckypennysoftware.com to obtain a valid license.
2026-09-27 12:01:28.452 [ERR] HTTP GET /api/contact responded 500 in 992.8002 ms
2026-09-27 12:01:28.455 [INF] Prospect  fetched successfully : Organization "c84c9fae-750c-4327-b3fd-338517be8161"
2026-09-27 12:01:28.468 [INF] HTTP GET /api/prospects/6f88cef5-9ba5-4607-b54b-a45e3f61448d responded 200 in 1010.4472 ms
2026-09-27 12:01:32.071 [ERR] HTTP GET /api/contact responded 500 in 255.2765 ms
2026-09-27 12:01:59.615 [INF] HTTP GET /api/auth/csrf responded 404 in 0.9252 ms
2026-09-27 12:02:00.446 [WRN] Refresh token Rotation failed: Token not found 
2026-09-27 12:02:00.446 [INF] HTTP POST /api/auth/refresh responded 400 in 41.6442 ms
2026-09-27 12:02:03.750 [INF] Login Successfully, Employee : "08df046f-470d-4db0-8286-3135ffb6f6ce" , UserId :c8bf23af-b2a7-4b83-a995-8a86dcf7217c
2026-09-27 12:02:03.752 [INF] HTTP POST /api/auth/login responded 200 in 704.2203 ms
2026-09-27 12:02:04.187 [INF] Workspace List fetched successfully : For Emplyee "08df046f-470d-4db0-8286-3135ffb6f6ce"
2026-09-27 12:02:04.198 [INF] HTTP GET /api/auth/get-workspace responded 200 in 409.1775 ms
2026-09-27 12:02:05.741 [INF] Workspace selection successfuly open - "c84c9fae-750c-4327-b3fd-338517be8161"
2026-09-27 12:02:05.742 [INF] HTTP POST /api/auth/select-workspace responded 200 in 438.7802 ms
2026-09-27 12:02:09.625 [INF] Prospect List fetched successfully : Organization "c84c9fae-750c-4327-b3fd-338517be8161"
2026-09-27 12:02:09.628 [INF] HTTP GET /api/prospects/list responded 200 in 227.6953 ms
2026-09-27 12:02:12.548 [INF] Prospect  fetched successfully : Organization "c84c9fae-750c-4327-b3fd-338517be8161"
2026-09-27 12:02:12.549 [INF] HTTP GET /api/prospects/6f88cef5-9ba5-4607-b54b-a45e3f61448d responded 200 in 683.1389 ms
2026-09-27 12:02:12.845 [INF] Fetched {Count} Prospect Temperatures 
2026-09-27 12:02:12.888 [INF] Fetched {Count} Prospect Status 
2026-09-27 12:02:12.933 [INF] HTTP GET /api/master/temperatures responded 200 in 997.7700 ms
2026-09-27 12:02:12.933 [INF] HTTP GET /api/master/prospect-status responded 200 in 1042.2607 ms
2026-09-27 12:03:42.433 [ERR] HTTP GET /api/contact responded 500 in 248.7849 ms
2026-09-27 12:03:43.555 [ERR] HTTP GET /api/contact responded 500 in 112.6188 ms
2026-09-27 12:05:24.690 [ERR] HTTP GET /api/contact responded 500 in 48253.7942 ms
2026-09-27 12:05:52.460 [INF] Starting database seeding process...
2026-09-27 12:05:53.720 [INF] Seeding Super Admin user: codedev90@gmail.com
2026-09-27 12:05:53.822 [INF] Super Admin user already exists.
2026-09-27 12:05:54.250 [INF] Super Application Role already has all permisson
2026-09-27 12:05:54.350 [INF] Super Admin user created successfully.
2026-09-27 12:05:54.443 [WRN] The ASP.NET Core developer certificate is not trusted. For information about trusting the ASP.NET Core developer certificate, see https://aka.ms/aspnet/https-trust-dev-cert.
2026-09-27 12:05:57.102 [WRN] You do not have a valid license key for the Lucky Penny software MediatR. This is allowed for development and testing scenarios. If you are running in production you are required to have a licensed version. Please visit https://luckypennysoftware.com to obtain a valid license.
2026-09-27 12:07:39.100 [WRN] You do not have a valid license key for the Lucky Penny software AutoMapper. This is allowed for development and testing scenarios. If you are running in production you are required to have a licensed version. Please visit https://luckypennysoftware.com to obtain a valid license.
2026-09-27 12:07:39.373 [INF] HTTP GET /api/auth/csrf responded 404 in 4.0696 ms
2026-09-27 12:07:39.602 [WRN] The query uses a row limiting operator ('Skip'/'Take') without an 'OrderBy' operator. This may lead to unpredictable results. If the 'Distinct' operator is used after 'OrderBy', then make sure to use the 'OrderBy' operator after 'Distinct' as the ordering would otherwise get erased.
2026-09-27 12:07:39.603 [WRN] The query uses a row limiting operator ('Skip'/'Take') without an 'OrderBy' operator. This may lead to unpredictable results. If the 'Distinct' operator is used after 'OrderBy', then make sure to use the 'OrderBy' operator after 'Distinct' as the ordering would otherwise get erased.
2026-09-27 12:07:39.846 [INF] HTTP GET /api/contact responded 200 in 102874.6324 ms
2026-09-27 12:07:40.470 [INF] Gernerate new refresh token- 
2026-09-27 12:07:40.473 [INF] HTTP POST /api/auth/refresh responded 200 in 1085.3594 ms
2026-09-27 12:07:40.979 [INF] Workspace List fetched successfully : For Emplyee "08df046f-470d-4db0-8286-3135ffb6f6ce"
2026-09-27 12:07:40.982 [INF] HTTP GET /api/auth/get-workspace responded 200 in 478.1548 ms
2026-09-27 12:07:43.642 [INF] Workspace selection successfuly open - "c84c9fae-750c-4327-b3fd-338517be8161"
2026-09-27 12:07:43.643 [INF] HTTP POST /api/auth/select-workspace responded 200 in 515.1977 ms
2026-09-27 12:07:49.406 [INF] Prospect List fetched successfully : Organization "c84c9fae-750c-4327-b3fd-338517be8161"
2026-09-27 12:07:49.413 [INF] HTTP GET /api/prospects/list responded 200 in 229.3944 ms
2026-09-27 12:07:52.452 [INF] Fetched {Count} Prospect Temperatures 
2026-09-27 12:07:52.459 [INF] HTTP GET /api/master/temperatures responded 200 in 602.0515 ms
2026-09-27 12:07:52.553 [INF] Fetched {Count} Prospect Status 
2026-09-27 12:07:52.555 [INF] HTTP GET /api/master/prospect-status responded 200 in 697.5377 ms
2026-09-27 12:07:52.659 [INF] Prospect  fetched successfully : Organization "c84c9fae-750c-4327-b3fd-338517be8161"
2026-09-27 12:07:52.668 [INF] HTTP GET /api/prospects/bfeaf259-5ba0-4022-b747-67834bd2f093 responded 200 in 812.3247 ms
2026-09-27 12:08:20.834 [INF] HTTP GET /api/contact responded 200 in 26597.8939 ms
2026-09-27 12:10:09.531 [INF] Starting database seeding process...
2026-09-27 12:10:10.699 [INF] Seeding Super Admin user: codedev90@gmail.com
2026-09-27 12:10:10.820 [INF] Super Admin user already exists.
2026-09-27 12:10:11.303 [INF] Super Application Role already has all permisson
2026-09-27 12:10:11.400 [INF] Super Admin user created successfully.
2026-09-27 12:10:11.482 [WRN] The ASP.NET Core developer certificate is not trusted. For information about trusting the ASP.NET Core developer certificate, see https://aka.ms/aspnet/https-trust-dev-cert.
2026-09-27 12:10:18.729 [WRN] You do not have a valid license key for the Lucky Penny software MediatR. This is allowed for development and testing scenarios. If you are running in production you are required to have a licensed version. Please visit https://luckypennysoftware.com to obtain a valid license.
2026-09-27 12:10:18.729 [WRN] You do not have a valid license key for the Lucky Penny software MediatR. This is allowed for development and testing scenarios. If you are running in production you are required to have a licensed version. Please visit https://luckypennysoftware.com to obtain a valid license.
2026-09-27 12:10:19.150 [INF] Fetched {Count} Prospect Status 
2026-09-27 12:10:19.151 [INF] Fetched {Count} Prospect Temperatures 
2026-09-27 12:10:19.588 [INF] HTTP GET /api/master/temperatures responded 200 in 987.7758 ms
2026-09-27 12:10:19.588 [INF] HTTP GET /api/master/prospect-status responded 200 in 987.7710 ms
2026-09-27 12:10:19.631 [WRN] You do not have a valid license key for the Lucky Penny software AutoMapper. This is allowed for development and testing scenarios. If you are running in production you are required to have a licensed version. Please visit https://luckypennysoftware.com to obtain a valid license.
2026-09-27 12:10:19.767 [INF] Prospect  fetched successfully : Organization "c84c9fae-750c-4327-b3fd-338517be8161"
2026-09-27 12:10:19.777 [INF] HTTP GET /api/prospects/6f88cef5-9ba5-4607-b54b-a45e3f61448d responded 200 in 1178.7090 ms
2026-09-27 12:10:29.961 [WRN] The query uses a row limiting operator ('Skip'/'Take') without an 'OrderBy' operator. This may lead to unpredictable results. If the 'Distinct' operator is used after 'OrderBy', then make sure to use the 'OrderBy' operator after 'Distinct' as the ordering would otherwise get erased.
2026-09-27 12:10:29.962 [WRN] The query uses a row limiting operator ('Skip'/'Take') without an 'OrderBy' operator. This may lead to unpredictable results. If the 'Distinct' operator is used after 'OrderBy', then make sure to use the 'OrderBy' operator after 'Distinct' as the ordering would otherwise get erased.
2026-09-27 12:10:30.036 [INF] HTTP GET /api/contact responded 200 in 8914.8132 ms
2026-09-27 12:14:36.281 [INF] Starting database seeding process...
2026-09-27 12:14:37.549 [INF] Seeding Super Admin user: codedev90@gmail.com
2026-09-27 12:14:37.673 [INF] Super Admin user already exists.
2026-09-27 12:14:38.169 [INF] Super Application Role already has all permisson
2026-09-27 12:14:38.274 [INF] Super Admin user created successfully.
2026-09-27 12:14:38.357 [WRN] The ASP.NET Core developer certificate is not trusted. For information about trusting the ASP.NET Core developer certificate, see https://aka.ms/aspnet/https-trust-dev-cert.
2026-09-27 12:14:42.933 [WRN] You do not have a valid license key for the Lucky Penny software MediatR. This is allowed for development and testing scenarios. If you are running in production you are required to have a licensed version. Please visit https://luckypennysoftware.com to obtain a valid license.
2026-09-27 12:14:43.196 [WRN] You do not have a valid license key for the Lucky Penny software AutoMapper. This is allowed for development and testing scenarios. If you are running in production you are required to have a licensed version. Please visit https://luckypennysoftware.com to obtain a valid license.
2026-09-27 12:14:43.246 [WRN] The query uses a row limiting operator ('Skip'/'Take') without an 'OrderBy' operator. This may lead to unpredictable results. If the 'Distinct' operator is used after 'OrderBy', then make sure to use the 'OrderBy' operator after 'Distinct' as the ordering would otherwise get erased.
2026-09-27 12:14:43.247 [WRN] The query uses a row limiting operator ('Skip'/'Take') without an 'OrderBy' operator. This may lead to unpredictable results. If the 'Distinct' operator is used after 'OrderBy', then make sure to use the 'OrderBy' operator after 'Distinct' as the ordering would otherwise get erased.
2026-09-27 12:14:43.400 [INF] HTTP GET /api/contact responded 200 in 554.9582 ms
2026-09-27 12:14:51.925 [INF] Prospect List fetched successfully : Organization "c84c9fae-750c-4327-b3fd-338517be8161"
2026-09-27 12:14:51.935 [INF] HTTP GET /api/prospects/list responded 200 in 345.1195 ms
2026-09-27 12:14:54.526 [INF] Fetched {Count} Prospect Temperatures 
2026-09-27 12:14:54.703 [INF] Fetched {Count} Prospect Status 
2026-09-27 12:14:54.810 [INF] HTTP GET /api/master/temperatures responded 200 in 672.7245 ms
2026-09-27 12:14:54.810 [INF] HTTP GET /api/master/prospect-status responded 200 in 673.1245 ms
2026-09-27 12:14:55.046 [INF] Prospect  fetched successfully : Organization "c84c9fae-750c-4327-b3fd-338517be8161"
2026-09-27 12:14:55.054 [INF] HTTP GET /api/prospects/c86a08b2-a1c5-4617-9d7b-5f8460a5ca2b responded 200 in 918.8453 ms
2026-09-27 12:14:56.757 [INF] HTTP GET /api/contact responded 200 in 271.4781 ms
2026-09-27 12:18:36.420 [INF] Fetched {Count} Prospect Status 
2026-09-27 12:18:36.486 [INF] Fetched {Count} Prospect Temperatures 
2026-09-27 12:18:36.486 [INF] HTTP GET /api/master/prospect-status responded 200 in 308.4185 ms
2026-09-27 12:18:36.487 [INF] HTTP GET /api/master/temperatures responded 200 in 309.6679 ms
2026-09-27 12:18:36.664 [INF] Prospect  fetched successfully : Organization "c84c9fae-750c-4327-b3fd-338517be8161"
2026-09-27 12:18:36.664 [INF] HTTP GET /api/prospects/6f88cef5-9ba5-4607-b54b-a45e3f61448d responded 200 in 486.5809 ms
2026-09-27 12:18:37.874 [INF] HTTP GET /api/contact responded 200 in 393.9041 ms
2026-09-27 12:20:46.784 [INF] Starting database seeding process...
2026-09-27 12:20:48.008 [INF] Seeding Super Admin user: codedev90@gmail.com
2026-09-27 12:20:48.202 [INF] Super Admin user already exists.
2026-09-27 12:20:48.737 [INF] Super Application Role already has all permisson
2026-09-27 12:20:48.835 [INF] Super Admin user created successfully.
2026-09-27 12:20:48.944 [WRN] The ASP.NET Core developer certificate is not trusted. For information about trusting the ASP.NET Core developer certificate, see https://aka.ms/aspnet/https-trust-dev-cert.
2026-09-27 12:20:50.838 [WRN] You do not have a valid license key for the Lucky Penny software MediatR. This is allowed for development and testing scenarios. If you are running in production you are required to have a licensed version. Please visit https://luckypennysoftware.com to obtain a valid license.
2026-09-27 12:20:50.932 [WRN] You do not have a valid license key for the Lucky Penny software AutoMapper. This is allowed for development and testing scenarios. If you are running in production you are required to have a licensed version. Please visit https://luckypennysoftware.com to obtain a valid license.
2026-09-27 12:20:51.168 [INF] Prospect List fetched successfully : Organization "c84c9fae-750c-4327-b3fd-338517be8161"
2026-09-27 12:20:51.259 [INF] HTTP GET /api/prospects/list responded 200 in 561.9064 ms
2026-09-27 12:20:54.661 [INF] Fetched {Count} Prospect Temperatures 
2026-09-27 12:20:54.902 [INF] Fetched {Count} Prospect Status 
2026-09-27 12:20:54.905 [INF] HTTP GET /api/master/prospect-status responded 200 in 468.4693 ms
2026-09-27 12:20:54.905 [INF] HTTP GET /api/master/temperatures responded 200 in 468.3553 ms
2026-09-27 12:20:56.904 [ERR] HTTP GET /api/contact responded 500 in 339.4887 ms
2026-09-27 12:20:58.121 [ERR] HTTP GET /api/contact responded 500 in 205.8775 ms
2026-09-27 12:21:06.551 [INF] HTTP GET /api/auth/csrf responded 404 in 1.6567 ms
2026-09-27 14:11:59.531 [INF] Gernerate new refresh token- 
2026-09-27 14:11:59.533 [INF] HTTP POST /api/auth/refresh responded 200 in 2992.7530 ms
2026-09-27 14:12:02.444 [INF] Workspace List fetched successfully : For Emplyee "08df046f-470d-4db0-8286-3135ffb6f6ce"
2026-09-27 14:12:02.446 [INF] HTTP GET /api/auth/get-workspace responded 200 in 366.7138 ms
2026-09-27 14:12:58.803 [INF] Workspace selection successfuly open - "c84c9fae-750c-4327-b3fd-338517be8161"
2026-09-27 14:12:58.805 [INF] HTTP POST /api/auth/select-workspace responded 200 in 650.4664 ms
2026-09-27 14:13:02.645 [INF] Prospect List fetched successfully : Organization "c84c9fae-750c-4327-b3fd-338517be8161"
2026-09-27 14:13:02.646 [INF] HTTP GET /api/prospects/list responded 200 in 272.7732 ms
2026-09-27 14:13:06.151 [INF] Fetched {Count} Prospect Status 
2026-09-27 14:13:06.236 [INF] Fetched {Count} Prospect Temperatures 
2026-09-27 14:13:06.238 [INF] HTTP GET /api/master/prospect-status responded 200 in 418.2458 ms
2026-09-27 14:13:06.322 [INF] HTTP GET /api/master/temperatures responded 200 in 494.4301 ms
2026-09-27 14:13:06.478 [INF] Prospect  fetched successfully : Organization "c84c9fae-750c-4327-b3fd-338517be8161"
2026-09-27 14:13:06.483 [INF] HTTP GET /api/prospects/bfeaf259-5ba0-4022-b747-67834bd2f093 responded 200 in 663.0423 ms
2026-09-27 14:13:13.249 [INF] Fetched 10 job roles for organization "c84c9fae-750c-4327-b3fd-338517be8161"
2026-09-27 14:13:13.252 [INF] HTTP GET /api/master/get-jobroles responded 200 in 141.2657 ms
2026-09-27 14:14:55.555 [INF] Contact created successful : "bfeaf259-5ba0-4022-b747-67834bd2f093"
2026-09-27 14:14:55.556 [INF] HTTP POST /api/contact responded 200 in 607.5458 ms
2026-09-27 14:15:00.059 [ERR] HTTP GET /api/contact responded 500 in 321.3824 ms
2026-09-27 14:15:01.268 [ERR] HTTP GET /api/contact responded 500 in 202.5891 ms
2026-09-27 14:21:12.408 [INF] Starting database seeding process...
2026-09-27 14:21:13.620 [INF] Seeding Super Admin user: codedev90@gmail.com
2026-09-27 14:21:13.747 [INF] Super Admin user already exists.
2026-09-27 14:21:14.322 [INF] Super Application Role already has all permisson
2026-09-27 14:21:14.399 [INF] Super Admin user created successfully.
2026-09-27 14:21:14.484 [WRN] The ASP.NET Core developer certificate is not trusted. For information about trusting the ASP.NET Core developer certificate, see https://aka.ms/aspnet/https-trust-dev-cert.
2026-09-27 14:21:18.878 [WRN] You do not have a valid license key for the Lucky Penny software MediatR. This is allowed for development and testing scenarios. If you are running in production you are required to have a licensed version. Please visit https://luckypennysoftware.com to obtain a valid license.
2026-09-27 14:21:19.418 [WRN] You do not have a valid license key for the Lucky Penny software AutoMapper. This is allowed for development and testing scenarios. If you are running in production you are required to have a licensed version. Please visit https://luckypennysoftware.com to obtain a valid license.
2026-09-27 14:21:19.708 [INF] Prospect  fetched successfully : Organization "c84c9fae-750c-4327-b3fd-338517be8161"
2026-09-27 14:21:19.749 [ERR] HTTP GET /api/contact responded 500 in 970.0158 ms
2026-09-27 14:21:19.755 [INF] HTTP GET /api/prospects/bfeaf259-5ba0-4022-b747-67834bd2f093 responded 200 in 978.5143 ms
2026-09-27 14:21:21.100 [ERR] HTTP GET /api/contact responded 500 in 343.0633 ms
2026-09-27 14:24:44.036 [INF] Starting database seeding process...
2026-09-27 14:24:45.263 [INF] Seeding Super Admin user: codedev90@gmail.com
2026-09-27 14:24:45.441 [INF] Super Admin user already exists.
2026-09-27 14:24:45.872 [INF] Super Application Role already has all permisson
2026-09-27 14:24:45.947 [INF] Super Admin user created successfully.
2026-09-27 14:24:46.059 [WRN] The ASP.NET Core developer certificate is not trusted. For information about trusting the ASP.NET Core developer certificate, see https://aka.ms/aspnet/https-trust-dev-cert.
2026-09-27 14:24:46.801 [WRN] You do not have a valid license key for the Lucky Penny software MediatR. This is allowed for development and testing scenarios. If you are running in production you are required to have a licensed version. Please visit https://luckypennysoftware.com to obtain a valid license.
2026-09-27 14:24:49.854 [WRN] You do not have a valid license key for the Lucky Penny software AutoMapper. This is allowed for development and testing scenarios. If you are running in production you are required to have a licensed version. Please visit https://luckypennysoftware.com to obtain a valid license.
2026-09-27 14:24:50.115 [ERR] HTTP GET /api/contact responded 500 in 3455.4988 ms
2026-09-27 14:24:54.068 [ERR] HTTP GET /api/contact responded 500 in 2940.8279 ms
2026-09-27 14:28:17.255 [INF] Starting database seeding process...
2026-09-27 14:28:18.327 [INF] Seeding Super Admin user: codedev90@gmail.com
2026-09-27 14:28:18.448 [INF] Super Admin user already exists.
2026-09-27 14:28:18.908 [INF] Super Application Role already has all permisson
2026-09-27 14:28:19.007 [INF] Super Admin user created successfully.
2026-09-27 14:28:19.093 [WRN] The ASP.NET Core developer certificate is not trusted. For information about trusting the ASP.NET Core developer certificate, see https://aka.ms/aspnet/https-trust-dev-cert.
2026-09-27 14:28:25.649 [WRN] You do not have a valid license key for the Lucky Penny software MediatR. This is allowed for development and testing scenarios. If you are running in production you are required to have a licensed version. Please visit https://luckypennysoftware.com to obtain a valid license.
2026-09-27 14:28:28.986 [WRN] You do not have a valid license key for the Lucky Penny software AutoMapper. This is allowed for development and testing scenarios. If you are running in production you are required to have a licensed version. Please visit https://luckypennysoftware.com to obtain a valid license.
2026-09-27 14:28:29.169 [INF] Prospect  fetched successfully : Organization "c84c9fae-750c-4327-b3fd-338517be8161"
2026-09-27 14:28:29.319 [WRN] The query uses a row limiting operator ('Skip'/'Take') without an 'OrderBy' operator. This may lead to unpredictable results. If the 'Distinct' operator is used after 'OrderBy', then make sure to use the 'OrderBy' operator after 'Distinct' as the ordering would otherwise get erased.
2026-09-27 14:28:29.320 [WRN] The query uses a row limiting operator ('Skip'/'Take') without an 'OrderBy' operator. This may lead to unpredictable results. If the 'Distinct' operator is used after 'OrderBy', then make sure to use the 'OrderBy' operator after 'Distinct' as the ordering would otherwise get erased.
2026-09-27 14:28:29.577 [INF] HTTP GET /api/prospects/bfeaf259-5ba0-4022-b747-67834bd2f093 responded 200 in 4046.9310 ms
2026-09-27 14:28:29.577 [INF] HTTP GET /api/contact responded 200 in 4046.9119 ms
2026-09-27 14:29:13.851 [INF] HTTP GET /api/contact responded 400 in 36.7331 ms
2026-09-27 14:29:24.180 [INF] HTTP GET /api/contact responded 400 in 317.4221 ms
2026-09-27 14:29:24.232 [INF] HTTP GET /api/contact responded 200 in 10417.3416 ms
2026-09-27 14:30:24.034 [INF] HTTP GET /api/contact responded 400 in 1.3228 ms
2026-09-27 14:30:25.824 [INF] HTTP GET /api/contact responded 400 in 2.2697 ms
2026-09-27 14:33:47.253 [INF] HTTP GET /api/contact responded 400 in 2.0214 ms
2026-09-27 14:33:48.022 [INF] Prospect  fetched successfully : Organization "c84c9fae-750c-4327-b3fd-338517be8161"
2026-09-27 14:33:48.023 [INF] HTTP GET /api/prospects/bfeaf259-5ba0-4022-b747-67834bd2f093 responded 200 in 772.2863 ms
2026-09-27 14:33:49.447 [WRN] The query uses a row limiting operator ('Skip'/'Take') without an 'OrderBy' operator. This may lead to unpredictable results. If the 'Distinct' operator is used after 'OrderBy', then make sure to use the 'OrderBy' operator after 'Distinct' as the ordering would otherwise get erased.
2026-09-27 14:33:49.447 [WRN] The query uses a row limiting operator ('Skip'/'Take') without an 'OrderBy' operator. This may lead to unpredictable results. If the 'Distinct' operator is used after 'OrderBy', then make sure to use the 'OrderBy' operator after 'Distinct' as the ordering would otherwise get erased.
2026-09-27 14:33:49.497 [INF] HTTP GET /api/contact responded 200 in 356.5291 ms
2026-09-27 14:35:10.284 [INF] Starting database seeding process...
2026-09-27 14:35:11.568 [INF] Seeding Super Admin user: codedev90@gmail.com
2026-09-27 14:35:11.763 [INF] Super Admin user already exists.
2026-09-27 14:35:12.068 [INF] Super Application Role already has all permisson
2026-09-27 14:35:12.140 [INF] Super Admin user created successfully.
2026-09-27 14:35:12.226 [WRN] The ASP.NET Core developer certificate is not trusted. For information about trusting the ASP.NET Core developer certificate, see https://aka.ms/aspnet/https-trust-dev-cert.
2026-09-27 14:35:18.442 [WRN] You do not have a valid license key for the Lucky Penny software MediatR. This is allowed for development and testing scenarios. If you are running in production you are required to have a licensed version. Please visit https://luckypennysoftware.com to obtain a valid license.
2026-09-27 14:35:18.700 [WRN] You do not have a valid license key for the Lucky Penny software AutoMapper. This is allowed for development and testing scenarios. If you are running in production you are required to have a licensed version. Please visit https://luckypennysoftware.com to obtain a valid license.
2026-09-27 14:35:18.830 [WRN] The query uses a row limiting operator ('Skip'/'Take') without an 'OrderBy' operator. This may lead to unpredictable results. If the 'Distinct' operator is used after 'OrderBy', then make sure to use the 'OrderBy' operator after 'Distinct' as the ordering would otherwise get erased.
2026-09-27 14:35:18.830 [WRN] The query uses a row limiting operator ('Skip'/'Take') without an 'OrderBy' operator. This may lead to unpredictable results. If the 'Distinct' operator is used after 'OrderBy', then make sure to use the 'OrderBy' operator after 'Distinct' as the ordering would otherwise get erased.
2026-09-27 14:35:19.020 [INF] HTTP GET /api/contact responded 200 in 685.7433 ms
2026-09-27 14:35:56.212 [INF] HTTP GET /api/contact responded 200 in 808.6286 ms
2026-09-27 14:35:59.285 [INF] HTTP GET /api/contact responded 200 in 558.5421 ms
2026-09-27 14:36:27.707 [INF] Prospect List fetched successfully : Organization "c84c9fae-750c-4327-b3fd-338517be8161"
2026-09-27 14:36:27.716 [INF] HTTP GET /api/prospects/list responded 200 in 277.3604 ms
2026-09-27 14:36:47.157 [INF] Fetched {Count} Prospect Temperatures 
2026-09-27 14:36:47.164 [INF] HTTP GET /api/master/temperatures responded 200 in 377.9106 ms
2026-09-27 14:36:47.175 [INF] Fetched {Count} Prospect Status 
2026-09-27 14:36:47.176 [INF] HTTP GET /api/master/prospect-status responded 200 in 392.5803 ms
2026-09-27 14:36:50.330 [INF] HTTP GET /api/contact responded 200 in 342.1282 ms
2026-09-27 14:37:10.966 [WRN] The query uses a row limiting operator ('Skip'/'Take') without an 'OrderBy' operator. This may lead to unpredictable results. If the 'Distinct' operator is used after 'OrderBy', then make sure to use the 'OrderBy' operator after 'Distinct' as the ordering would otherwise get erased.
2026-09-27 14:37:10.967 [WRN] The query uses a row limiting operator ('Skip'/'Take') without an 'OrderBy' operator. This may lead to unpredictable results. If the 'Distinct' operator is used after 'OrderBy', then make sure to use the 'OrderBy' operator after 'Distinct' as the ordering would otherwise get erased.
2026-09-27 14:37:11.056 [INF] HTTP GET /api/contact responded 200 in 623.1122 ms
2026-09-27 14:37:18.750 [INF] Fetched {Count} Prospect Temperatures 
2026-09-27 14:37:18.792 [INF] Fetched {Count} Prospect Status 
2026-09-27 14:37:18.834 [INF] HTTP GET /api/master/temperatures responded 200 in 307.5357 ms
2026-09-27 14:37:18.856 [INF] HTTP GET /api/master/prospect-status responded 200 in 349.9179 ms
2026-09-27 14:37:19.121 [INF] Prospect  fetched successfully : Organization "c84c9fae-750c-4327-b3fd-338517be8161"
2026-09-27 14:37:19.126 [INF] HTTP GET /api/prospects/6f88cef5-9ba5-4607-b54b-a45e3f61448d responded 200 in 682.1893 ms
2026-09-27 14:37:21.093 [INF] HTTP GET /api/contact responded 200 in 315.3368 ms
2026-09-27 14:38:17.782 [INF] Prospect status updated : "6f88cef5-9ba5-4607-b54b-a45e3f61448d" :  "acb3fe0e-ab51-4303-87e9-26cb6806e81a"
2026-09-27 14:38:17.785 [INF] HTTP PATCH /api/prospects/6f88cef5-9ba5-4607-b54b-a45e3f61448d responded 200 in 547.1179 ms
2026-09-27 14:38:17.999 [INF] Prospect  fetched successfully : Organization "c84c9fae-750c-4327-b3fd-338517be8161"
2026-09-27 14:38:18.000 [INF] HTTP GET /api/prospects/6f88cef5-9ba5-4607-b54b-a45e3f61448d responded 200 in 210.1054 ms
2026-09-27 14:43:37.857 [INF] HTTP GET /api/auth/csrf responded 404 in 0.4690 ms
2026-09-27 14:43:38.280 [INF] Gernerate new refresh token- 
2026-09-27 14:43:38.281 [INF] HTTP POST /api/auth/refresh responded 200 in 396.9512 ms
2026-09-27 14:43:38.598 [INF] Workspace List fetched successfully : For Emplyee "08df046f-470d-4db0-8286-3135ffb6f6ce"
2026-09-27 14:43:38.600 [INF] HTTP GET /api/auth/get-workspace responded 200 in 301.9541 ms
2026-09-27 14:45:39.643 [INF] Workspace selection successfuly open - "c84c9fae-750c-4327-b3fd-338517be8161"
2026-09-27 14:45:39.646 [INF] HTTP POST /api/auth/select-workspace responded 200 in 531.7186 ms
2026-09-27 14:47:36.720 [INF] HTTP GET /api/auth/csrf responded 404 in 0.1925 ms
2026-09-27 14:47:37.147 [INF] HTTP GET /api/auth/csrf responded 404 in 0.1687 ms
2026-09-27 14:47:37.463 [INF] Gernerate new refresh token- 
2026-09-27 14:47:37.464 [INF] HTTP POST /api/auth/refresh responded 200 in 291.0466 ms
2026-09-27 14:47:37.669 [INF] Workspace List fetched successfully : For Emplyee "08df046f-470d-4db0-8286-3135ffb6f6ce"
2026-09-27 14:47:37.670 [INF] HTTP GET /api/auth/get-workspace responded 200 in 167.6652 ms
2026-09-27 14:47:39.666 [INF] Workspace selection successfuly open - "c84c9fae-750c-4327-b3fd-338517be8161"
2026-09-27 14:47:39.666 [INF] HTTP POST /api/auth/select-workspace responded 200 in 196.0716 ms
2026-09-27 15:13:20.868 [INF] Prospect List fetched successfully : Organization "c84c9fae-750c-4327-b3fd-338517be8161"
2026-09-27 15:13:20.869 [INF] HTTP GET /api/prospects/list responded 200 in 255.2411 ms
2026-09-27 15:13:22.420 [INF] Fetched {Count} Prospect Temperatures 
2026-09-27 15:13:22.442 [INF] HTTP GET /api/master/temperatures responded 200 in 369.7002 ms
2026-09-27 15:13:22.454 [INF] Fetched {Count} Prospect Status 
2026-09-27 15:13:22.454 [INF] Prospect  fetched successfully : Organization "c84c9fae-750c-4327-b3fd-338517be8161"
2026-09-27 15:13:22.455 [INF] HTTP GET /api/master/prospect-status responded 200 in 404.5170 ms
2026-09-27 15:13:22.455 [INF] HTTP GET /api/prospects/6f88cef5-9ba5-4607-b54b-a45e3f61448d responded 200 in 404.5340 ms
2026-09-27 15:13:24.117 [INF] Fetched 10 job roles for organization "c84c9fae-750c-4327-b3fd-338517be8161"
2026-09-27 15:13:24.119 [INF] HTTP GET /api/master/get-jobroles responded 200 in 33.7119 ms
2026-09-27 15:23:46.986 [INF] Fetched {Count} Prospect Status 
2026-09-27 15:23:46.986 [INF] Fetched {Count} Prospect Temperatures 
2026-09-27 15:23:47.028 [INF] HTTP GET /api/master/prospect-status responded 200 in 495.2792 ms
2026-09-27 15:23:47.028 [INF] HTTP GET /api/master/temperatures responded 200 in 559.6925 ms
2026-09-27 15:23:47.184 [INF] Prospect  fetched successfully : Organization "c84c9fae-750c-4327-b3fd-338517be8161"
2026-09-27 15:23:47.185 [INF] HTTP GET /api/prospects/6f88cef5-9ba5-4607-b54b-a45e3f61448d responded 200 in 716.0113 ms
2026-09-27 15:24:38.109 [INF] HTTP GET /api/auth/csrf responded 404 in 0.2687 ms
2026-09-27 15:24:38.411 [INF] Gernerate new refresh token- 
2026-09-27 15:24:38.412 [INF] HTTP POST /api/auth/refresh responded 200 in 288.7522 ms
2026-09-27 15:24:38.612 [INF] Workspace List fetched successfully : For Emplyee "08df046f-470d-4db0-8286-3135ffb6f6ce"
2026-09-27 15:24:38.613 [INF] HTTP GET /api/auth/get-workspace responded 200 in 173.8062 ms
2026-09-27 15:24:40.291 [INF] Workspace selection successfuly open - "c84c9fae-750c-4327-b3fd-338517be8161"
2026-09-27 15:24:40.291 [INF] HTTP POST /api/auth/select-workspace responded 200 in 195.9019 ms
2026-09-27 15:39:27.110 [INF] HTTP GET /api/contact responded 200 in 411.3418 ms
2026-09-27 15:42:37.415 [INF] HTTP GET /api/contact responded 200 in 514.4627 ms
2026-09-27 15:57:44.717 [INF] HTTP GET /api/auth/csrf responded 404 in 0.0680 ms
2026-09-27 15:57:45.010 [INF] Gernerate new refresh token- 
2026-09-27 15:57:45.011 [INF] HTTP POST /api/auth/refresh responded 200 in 256.1047 ms
2026-09-27 15:57:45.168 [INF] Workspace List fetched successfully : For Emplyee "08df046f-470d-4db0-8286-3135ffb6f6ce"
2026-09-27 15:57:45.169 [INF] HTTP GET /api/auth/get-workspace responded 200 in 141.3915 ms
2026-09-27 15:57:46.209 [INF] Workspace selection successfuly open - "c84c9fae-750c-4327-b3fd-338517be8161"
2026-09-27 15:57:46.210 [INF] HTTP POST /api/auth/select-workspace responded 200 in 167.3156 ms
2026-09-27 15:57:48.171 [INF] HTTP GET /api/contact responded 200 in 276.7265 ms
2026-09-27 16:46:19.547 [INF] HTTP GET /api/auth/csrf responded 404 in 0.3916 ms
2026-09-27 16:46:21.406 [INF] Gernerate new refresh token- 
2026-09-27 16:46:21.407 [INF] HTTP POST /api/auth/refresh responded 200 in 259.7325 ms
2026-09-27 16:46:23.328 [INF] Workspace List fetched successfully : For Emplyee "08df046f-470d-4db0-8286-3135ffb6f6ce"
2026-09-27 16:46:23.328 [INF] HTTP GET /api/auth/get-workspace responded 200 in 101.6239 ms
2026-09-27 16:46:30.772 [INF] Workspace selection successfuly open - "c84c9fae-750c-4327-b3fd-338517be8161"
2026-09-27 16:46:30.773 [INF] HTTP POST /api/auth/select-workspace responded 200 in 326.5285 ms
2026-09-27 16:46:32.675 [INF] HTTP GET /api/contact responded 200 in 106.1524 ms
2026-09-27 17:04:12.166 [INF] HTTP GET /api/contact responded 200 in 288.8770 ms
2026-09-27 17:05:19.406 [INF] HTTP GET /api/contact responded 200 in 193.1559 ms
2026-09-27 17:06:05.395 [INF] HTTP GET /api/contact responded 200 in 78.1096 ms
2026-09-27 17:06:08.910 [INF] Prospect List fetched successfully : Organization "c84c9fae-750c-4327-b3fd-338517be8161"
2026-09-27 17:06:08.910 [INF] HTTP GET /api/prospects/list responded 200 in 48.6933 ms
2026-09-27 17:06:40.938 [INF] HTTP GET /api/contact responded 200 in 195.7249 ms
2026-09-27 17:08:48.381 [INF] HTTP GET /api/auth/csrf responded 404 in 1.5024 ms
2026-09-27 17:08:48.679 [INF] Gernerate new refresh token- 
2026-09-27 17:08:48.680 [INF] HTTP POST /api/auth/refresh responded 200 in 287.9811 ms
2026-09-27 17:08:48.840 [INF] Workspace List fetched successfully : For Emplyee "08df046f-470d-4db0-8286-3135ffb6f6ce"
2026-09-27 17:08:48.840 [INF] HTTP GET /api/auth/get-workspace responded 200 in 141.4127 ms
2026-09-27 17:08:50.453 [INF] Workspace selection successfuly open - "c84c9fae-750c-4327-b3fd-338517be8161"
2026-09-27 17:08:50.454 [INF] HTTP POST /api/auth/select-workspace responded 200 in 300.4022 ms
2026-09-27 17:08:52.180 [INF] HTTP GET /api/contact responded 200 in 160.8055 ms
2026-09-27 17:08:55.015 [INF] HTTP GET /api/contact responded 200 in 118.1912 ms
2026-09-27 17:09:00.962 [INF] HTTP GET /api/contact responded 200 in 84.8121 ms
2026-09-27 17:09:02.558 [INF] HTTP GET /api/contact responded 200 in 189.7692 ms
2026-09-27 17:10:34.551 [INF] HTTP GET /api/contact responded 200 in 381.7088 ms
2026-09-27 17:11:08.627 [INF] HTTP GET /api/contact responded 200 in 344.8865 ms
2026-09-27 17:11:49.632 [INF] HTTP GET /api/contact responded 200 in 228.4792 ms
2026-09-27 17:12:17.399 [INF] Prospect List fetched successfully : Organization "c84c9fae-750c-4327-b3fd-338517be8161"
2026-09-27 17:12:17.399 [INF] HTTP GET /api/prospects/list responded 200 in 113.5372 ms
2026-09-27 17:12:25.077 [INF] HTTP GET /api/contact responded 200 in 290.0782 ms
2026-09-27 17:13:19.091 [INF] HTTP GET /api/contact responded 200 in 216.8725 ms
2026-09-27 17:13:20.928 [INF] HTTP GET /api/contact responded 200 in 86.6085 ms
2026-09-27 17:13:30.561 [INF] HTTP GET /api/contact responded 200 in 147.5232 ms
2026-09-27 17:14:25.091 [INF] HTTP GET /api/contact responded 200 in 293.4812 ms
2026-09-27 17:14:48.299 [INF] HTTP GET /api/auth/csrf responded 404 in 0.1248 ms
2026-09-27 17:14:48.512 [INF] Gernerate new refresh token- 
2026-09-27 17:14:48.512 [INF] HTTP POST /api/auth/refresh responded 200 in 166.1772 ms
2026-09-27 17:14:48.717 [INF] Workspace List fetched successfully : For Emplyee "08df046f-470d-4db0-8286-3135ffb6f6ce"
2026-09-27 17:14:48.718 [INF] HTTP GET /api/auth/get-workspace responded 200 in 183.1796 ms
2026-09-27 17:14:49.920 [INF] Workspace selection successfuly open - "c84c9fae-750c-4327-b3fd-338517be8161"
2026-09-27 17:14:49.920 [INF] HTTP POST /api/auth/select-workspace responded 200 in 212.2219 ms
2026-09-27 17:14:51.569 [INF] HTTP GET /api/contact responded 200 in 202.1340 ms
2026-09-27 17:16:57.147 [INF] HTTP GET /api/contact responded 200 in 114.3823 ms
2026-09-27 17:17:18.315 [INF] Prospect List fetched successfully : Organization "c84c9fae-750c-4327-b3fd-338517be8161"
2026-09-27 17:17:18.420 [INF] HTTP GET /api/prospects/list responded 200 in 193.6422 ms
2026-09-27 17:17:21.800 [INF] HTTP GET /api/auth/csrf responded 404 in 0.0944 ms
2026-09-27 17:17:22.021 [INF] Gernerate new refresh token- 
2026-09-27 17:17:22.021 [INF] HTTP POST /api/auth/refresh responded 200 in 188.4451 ms
2026-09-27 17:17:22.202 [INF] Workspace List fetched successfully : For Emplyee "08df046f-470d-4db0-8286-3135ffb6f6ce"
2026-09-27 17:17:22.202 [INF] HTTP GET /api/auth/get-workspace responded 200 in 163.7121 ms
2026-09-27 17:17:23.110 [INF] Workspace selection successfuly open - "c84c9fae-750c-4327-b3fd-338517be8161"
2026-09-27 17:17:23.110 [INF] HTTP POST /api/auth/select-workspace responded 200 in 64.7159 ms
2026-09-27 17:17:24.914 [INF] HTTP GET /api/contact responded 200 in 220.1332 ms
2026-09-27 17:18:10.167 [INF] HTTP GET /api/contact responded 200 in 302.9739 ms
2026-09-27 17:18:17.798 [INF] HTTP GET /api/auth/csrf responded 404 in 0.0584 ms
2026-09-27 17:18:18.058 [INF] Gernerate new refresh token- 
2026-09-27 17:18:18.059 [INF] HTTP POST /api/auth/refresh responded 200 in 231.0568 ms
2026-09-27 17:18:18.239 [INF] Workspace List fetched successfully : For Emplyee "08df046f-470d-4db0-8286-3135ffb6f6ce"
2026-09-27 17:18:18.239 [INF] HTTP GET /api/auth/get-workspace responded 200 in 166.5174 ms
2026-09-27 17:18:19.520 [INF] Workspace selection successfuly open - "c84c9fae-750c-4327-b3fd-338517be8161"
2026-09-27 17:18:19.520 [INF] HTTP POST /api/auth/select-workspace responded 200 in 166.4442 ms
2026-09-27 17:18:21.056 [INF] HTTP GET /api/contact responded 200 in 115.8583 ms
2026-09-27 17:18:34.577 [INF] Prospect List fetched successfully : Organization "c84c9fae-750c-4327-b3fd-338517be8161"
2026-09-27 17:18:34.577 [INF] HTTP GET /api/prospects/list responded 200 in 45.6866 ms
2026-09-27 17:18:37.539 [INF] HTTP GET /api/auth/csrf responded 404 in 0.0601 ms
2026-09-27 17:18:37.697 [INF] Gernerate new refresh token- 
2026-09-27 17:18:37.698 [INF] HTTP POST /api/auth/refresh responded 200 in 130.9090 ms
2026-09-27 17:18:37.886 [INF] Workspace List fetched successfully : For Emplyee "08df046f-470d-4db0-8286-3135ffb6f6ce"
2026-09-27 17:18:37.887 [INF] HTTP GET /api/auth/get-workspace responded 200 in 176.1450 ms
2026-09-27 17:18:39.175 [INF] Workspace selection successfuly open - "c84c9fae-750c-4327-b3fd-338517be8161"
2026-09-27 17:18:39.176 [INF] HTTP POST /api/auth/select-workspace responded 200 in 217.9389 ms
2026-09-27 17:18:40.704 [INF] HTTP GET /api/contact responded 200 in 205.2001 ms
2026-09-27 17:20:32.146 [INF] HTTP GET /api/contact responded 200 in 218.2170 ms
2026-09-27 17:21:11.490 [INF] HTTP GET /api/contact responded 200 in 208.5044 ms
2026-09-27 17:21:38.206 [INF] Prospect List fetched successfully : Organization "c84c9fae-750c-4327-b3fd-338517be8161"
2026-09-27 17:21:38.207 [INF] HTTP GET /api/prospects/list responded 200 in 70.8543 ms
2026-09-27 17:21:43.214 [INF] Fetched 10 job roles for organization "c84c9fae-750c-4327-b3fd-338517be8161"
2026-09-27 17:21:43.215 [INF] HTTP GET /api/master/get-jobroles responded 200 in 157.1356 ms
2026-09-27 17:21:43.333 [WRN] Project Stages fetched successfully
2026-09-27 17:21:43.338 [INF] HTTP GET /api/master/project-stages responded 200 in 214.6290 ms
2026-09-27 17:22:36.452 [INF] HTTP GET /api/contact responded 200 in 207.0865 ms
2026-09-27 17:24:03.123 [INF] HTTP GET /api/contact responded 200 in 26.0823 ms
2026-09-27 17:30:10.476 [INF] HTTP GET /api/contact responded 200 in 379.6698 ms
2026-09-27 17:32:05.244 [INF] HTTP GET /api/contact responded 200 in 260.0200 ms
2026-09-27 17:33:41.866 [INF] HTTP GET /api/contact responded 200 in 275.7394 ms
2026-09-27 17:40:33.643 [INF] Prospect List fetched successfully : Organization "c84c9fae-750c-4327-b3fd-338517be8161"
2026-09-27 17:40:33.643 [INF] HTTP GET /api/prospects/list responded 200 in 223.5867 ms
2026-09-27 17:40:34.791 [INF] Fetched {Count} Prospect Status 
2026-09-27 17:40:34.812 [INF] HTTP GET /api/master/prospect-status responded 200 in 215.5697 ms
2026-09-27 17:40:34.859 [INF] Fetched {Count} Prospect Temperatures 
2026-09-27 17:40:34.859 [INF] HTTP GET /api/master/temperatures responded 200 in 306.2215 ms
2026-09-27 17:40:34.869 [INF] Prospect  fetched successfully : Organization "c84c9fae-750c-4327-b3fd-338517be8161"
2026-09-27 17:40:34.870 [INF] HTTP GET /api/prospects/6f88cef5-9ba5-4607-b54b-a45e3f61448d responded 200 in 337.6908 ms
2026-09-27 17:40:37.447 [INF] Fetched 10 job roles for organization "c84c9fae-750c-4327-b3fd-338517be8161"
2026-09-27 17:40:37.468 [INF] HTTP GET /api/master/get-jobroles responded 200 in 25.8179 ms
2026-09-27 17:41:17.946 [INF] Fetched 10 job roles for organization "c84c9fae-750c-4327-b3fd-338517be8161"
2026-09-27 17:41:18.030 [INF] HTTP GET /api/master/get-jobroles responded 200 in 87.0097 ms
2026-09-27 17:43:44.985 [INF] Fetched 10 job roles for organization "c84c9fae-750c-4327-b3fd-338517be8161"
2026-09-27 17:43:44.986 [INF] HTTP GET /api/master/get-jobroles responded 200 in 136.4099 ms
2026-09-27 17:44:58.534 [INF] Fetched 10 job roles for organization "c84c9fae-750c-4327-b3fd-338517be8161"
2026-09-27 17:44:58.535 [INF] HTTP GET /api/master/get-jobroles responded 200 in 113.8178 ms
2026-09-27 17:46:07.756 [INF] Fetched 10 job roles for organization "c84c9fae-750c-4327-b3fd-338517be8161"
2026-09-27 17:46:07.757 [INF] HTTP GET /api/master/get-jobroles responded 200 in 115.0226 ms
2026-09-27 18:01:22.836 [INF] Starting database seeding process...
2026-09-27 18:01:24.059 [INF] Seeding Super Admin user: codedev90@gmail.com
2026-09-27 18:01:24.190 [INF] Super Admin user already exists.
2026-09-27 18:01:24.725 [INF] Super Application Role already has all permisson
2026-09-27 18:01:24.879 [INF] Super Admin user created successfully.
2026-09-27 18:01:24.994 [WRN] The ASP.NET Core developer certificate is not trusted. For information about trusting the ASP.NET Core developer certificate, see https://aka.ms/aspnet/https-trust-dev-cert.
2026-09-27 18:01:28.472 [INF] HTTP GET /api/auth/csrf responded 404 in 21.7791 ms
2026-09-27 18:01:29.118 [INF] Gernerate new refresh token- 
2026-09-27 18:01:29.145 [INF] HTTP POST /api/auth/refresh responded 200 in 652.8661 ms
2026-09-27 18:01:29.796 [INF] Workspace List fetched successfully : For Emplyee "08df046f-470d-4db0-8286-3135ffb6f6ce"
2026-09-27 18:01:29.803 [INF] HTTP GET /api/auth/get-workspace responded 200 in 644.0160 ms
2026-09-27 18:03:04.876 [WRN] You do not have a valid license key for the Lucky Penny software MediatR. This is allowed for development and testing scenarios. If you are running in production you are required to have a licensed version. Please visit https://luckypennysoftware.com to obtain a valid license.
2026-09-27 18:03:04.876 [WRN] You do not have a valid license key for the Lucky Penny software MediatR. This is allowed for development and testing scenarios. If you are running in production you are required to have a licensed version. Please visit https://luckypennysoftware.com to obtain a valid license.
2026-09-27 18:03:04.876 [WRN] You do not have a valid license key for the Lucky Penny software MediatR. This is allowed for development and testing scenarios. If you are running in production you are required to have a licensed version. Please visit https://luckypennysoftware.com to obtain a valid license.
2026-09-27 18:03:05.337 [INF] Fetched {Count} Prospect Temperatures 
2026-09-27 18:03:05.342 [INF] HTTP GET /api/master/temperatures responded 200 in 480.4286 ms
2026-09-27 18:03:05.449 [INF] Fetched {Count} Prospect Status 
2026-09-27 18:03:05.450 [INF] HTTP GET /api/master/prospect-status responded 200 in 587.8932 ms
2026-09-27 18:03:05.606 [WRN] You do not have a valid license key for the Lucky Penny software AutoMapper. This is allowed for development and testing scenarios. If you are running in production you are required to have a licensed version. Please visit https://luckypennysoftware.com to obtain a valid license.
2026-09-27 18:03:05.734 [INF] Prospect  fetched successfully : Organization "c84c9fae-750c-4327-b3fd-338517be8161"
2026-09-27 18:03:05.750 [INF] HTTP GET /api/prospects/6f88cef5-9ba5-4607-b54b-a45e3f61448d responded 200 in 887.4840 ms
2026-09-27 18:05:15.060 [INF] Fetched {Count} Prospect Temperatures 
2026-09-27 18:05:15.081 [INF] Fetched {Count} Prospect Status 
2026-09-27 18:05:15.125 [INF] HTTP GET /api/master/prospect-status responded 200 in 321.5868 ms
2026-09-27 18:05:15.125 [INF] HTTP GET /api/master/temperatures responded 200 in 298.4946 ms
2026-09-27 18:05:15.255 [INF] Fetched 10 job roles for organization "c84c9fae-750c-4327-b3fd-338517be8161"
2026-09-27 18:05:15.260 [INF] HTTP GET /api/master/get-jobroles responded 200 in 433.4981 ms
2026-09-27 18:05:15.350 [INF] HTTP GET /api/prospects/dropdown responded 200 in 525.2033 ms
2026-09-27 18:10:15.060 [INF] Fetched {Count} Prospect Temperatures 
2026-09-27 18:10:15.060 [INF] Fetched {Count} Prospect Status 
2026-09-27 18:10:15.082 [INF] HTTP GET /api/master/temperatures responded 200 in 473.5151 ms
2026-09-27 18:10:15.082 [INF] HTTP GET /api/master/prospect-status responded 200 in 473.5150 ms
2026-09-27 18:10:15.187 [INF] Prospect  fetched successfully : Organization "c84c9fae-750c-4327-b3fd-338517be8161"
2026-09-27 18:10:15.189 [INF] HTTP GET /api/prospects/6f88cef5-9ba5-4607-b54b-a45e3f61448d responded 200 in 580.3104 ms
2026-09-27 18:10:17.799 [INF] Fetched 10 job roles for organization "c84c9fae-750c-4327-b3fd-338517be8161"
2026-09-27 18:10:17.802 [INF] HTTP GET /api/master/get-jobroles responded 200 in 181.4408 ms
2026-09-27 18:10:17.872 [INF] HTTP GET /api/prospects/dropdown responded 200 in 251.4227 ms
2026-09-27 18:12:00.963 [INF] Fetched 10 job roles for organization "c84c9fae-750c-4327-b3fd-338517be8161"
2026-09-27 18:12:00.964 [INF] HTTP GET /api/master/get-jobroles responded 200 in 211.8538 ms
2026-09-27 18:12:09.518 [WRN] The query uses a row limiting operator ('Skip'/'Take') without an 'OrderBy' operator. This may lead to unpredictable results. If the 'Distinct' operator is used after 'OrderBy', then make sure to use the 'OrderBy' operator after 'Distinct' as the ordering would otherwise get erased.
2026-09-27 18:12:09.518 [WRN] The query uses a row limiting operator ('Skip'/'Take') without an 'OrderBy' operator. This may lead to unpredictable results. If the 'Distinct' operator is used after 'OrderBy', then make sure to use the 'OrderBy' operator after 'Distinct' as the ordering would otherwise get erased.
2026-09-27 18:12:09.589 [INF] HTTP GET /api/contact responded 200 in 336.9564 ms
2026-09-27 18:13:04.541 [INF] Fetched 10 job roles for organization "c84c9fae-750c-4327-b3fd-338517be8161"
2026-09-27 18:13:04.563 [INF] HTTP GET /api/master/get-jobroles responded 200 in 232.5600 ms
2026-09-27 18:14:21.508 [INF] Fetched 10 job roles for organization "c84c9fae-750c-4327-b3fd-338517be8161"
2026-09-27 18:14:21.509 [INF] HTTP GET /api/master/get-jobroles responded 200 in 175.6812 ms
2026-09-27 18:14:55.894 [INF] Fetched 10 job roles for organization "c84c9fae-750c-4327-b3fd-338517be8161"
2026-09-27 18:14:55.895 [INF] HTTP GET /api/master/get-jobroles responded 200 in 252.8684 ms
2026-09-27 18:15:41.004 [INF] Fetched 10 job roles for organization "c84c9fae-750c-4327-b3fd-338517be8161"
2026-09-27 18:15:41.068 [INF] HTTP GET /api/master/get-jobroles responded 200 in 529.4417 ms
2026-09-27 18:15:41.194 [INF] HTTP GET /api/prospects/dropdown responded 200 in 654.4851 ms
2026-09-27 18:16:12.577 [INF] Fetched 10 job roles for organization "c84c9fae-750c-4327-b3fd-338517be8161"
2026-09-27 18:16:12.577 [INF] HTTP GET /api/master/get-jobroles responded 200 in 236.2623 ms
2026-09-27 18:19:03.308 [INF] Fetched 10 job roles for organization "c84c9fae-750c-4327-b3fd-338517be8161"
2026-09-27 18:19:03.393 [INF] HTTP GET /api/master/get-jobroles responded 200 in 241.2311 ms
2026-09-27 18:19:42.367 [INF] Fetched 10 job roles for organization "c84c9fae-750c-4327-b3fd-338517be8161"
2026-09-27 18:19:42.368 [INF] HTTP GET /api/master/get-jobroles responded 200 in 180.1707 ms
2026-09-27 18:20:13.441 [INF] Contact created successful : "c86a08b2-a1c5-4617-9d7b-5f8460a5ca2b"
2026-09-27 18:20:13.441 [INF] HTTP POST /api/contact responded 200 in 357.0094 ms
2026-09-27 18:20:13.770 [INF] HTTP GET /api/contact responded 200 in 314.1492 ms
2026-09-27 18:22:38.988 [INF] HTTP GET /api/contact responded 200 in 297.4836 ms
2026-09-27 18:23:23.580 [INF] Fetched 10 job roles for organization "c84c9fae-750c-4327-b3fd-338517be8161"
2026-09-27 18:23:23.603 [INF] HTTP GET /api/master/get-jobroles responded 200 in 280.4012 ms
2026-09-27 18:23:23.634 [INF] HTTP GET /api/prospects/dropdown responded 200 in 223.3979 ms
2026-09-27 18:24:49.782 [INF] HTTP GET /api/contact responded 401 in 34.0655 ms
2026-09-27 18:24:49.902 [WRN] Refresh token Rotation failed: Token not found X8GNBl4EhVu2Li8bj9n_VRuqLmMoipK6nAKfAwvol9Vc5JnOinyq1JIk_A6XiwFIXUXpuFscykDQrAmYvJQhew
2026-09-27 18:24:49.903 [INF] HTTP POST /api/auth/refresh responded 400 in 115.7136 ms
2026-09-27 18:24:53.868 [INF] Login Successfully, Employee : "08df046f-470d-4db0-8286-3135ffb6f6ce" , UserId :c8bf23af-b2a7-4b83-a995-8a86dcf7217c
2026-09-27 18:24:53.869 [INF] HTTP POST /api/auth/login responded 200 in 322.2134 ms
2026-09-27 18:24:54.098 [INF] Workspace List fetched successfully : For Emplyee "08df046f-470d-4db0-8286-3135ffb6f6ce"
2026-09-27 18:24:54.099 [INF] HTTP GET /api/auth/get-workspace responded 200 in 209.6251 ms
2026-09-27 18:24:55.405 [INF] Workspace selection successfuly open - "c84c9fae-750c-4327-b3fd-338517be8161"
2026-09-27 18:24:55.406 [INF] HTTP POST /api/auth/select-workspace responded 200 in 308.9436 ms
2026-09-27 18:24:56.827 [INF] HTTP GET /api/contact responded 200 in 254.9519 ms
2026-09-27 18:25:31.489 [INF] HTTP GET /api/contact responded 200 in 329.1725 ms
2026-09-27 18:25:55.245 [INF] HTTP GET /api/auth/csrf responded 404 in 0.0966 ms
2026-09-27 18:25:55.490 [INF] Gernerate new refresh token- 
2026-09-27 18:25:55.490 [INF] HTTP POST /api/auth/refresh responded 200 in 232.9479 ms
2026-09-27 18:25:55.579 [INF] Workspace List fetched successfully : For Emplyee "08df046f-470d-4db0-8286-3135ffb6f6ce"
2026-09-27 18:25:55.580 [INF] HTTP GET /api/auth/get-workspace responded 200 in 72.6638 ms
2026-09-27 18:25:56.946 [INF] Workspace selection successfuly open - "c84c9fae-750c-4327-b3fd-338517be8161"
2026-09-27 18:25:56.947 [INF] HTTP POST /api/auth/select-workspace responded 200 in 170.5161 ms
2026-09-27 18:25:58.843 [INF] HTTP GET /api/contact responded 200 in 213.3059 ms
2026-09-27 18:26:36.378 [INF] HTTP GET /api/contact responded 200 in 315.0454 ms
2026-09-27 18:29:16.938 [INF] HTTP GET /api/contact responded 200 in 300.3027 ms
2026-09-27 18:29:28.726 [INF] HTTP GET /api/auth/csrf responded 404 in 0.0743 ms
2026-09-27 18:29:29.011 [INF] Gernerate new refresh token- 
2026-09-27 18:29:29.011 [INF] HTTP POST /api/auth/refresh responded 200 in 248.8740 ms
2026-09-27 18:29:29.084 [INF] Workspace List fetched successfully : For Emplyee "08df046f-470d-4db0-8286-3135ffb6f6ce"
2026-09-27 18:29:29.085 [INF] HTTP GET /api/auth/get-workspace responded 200 in 50.0641 ms
2026-09-27 18:29:31.303 [INF] Workspace selection successfuly open - "c84c9fae-750c-4327-b3fd-338517be8161"
2026-09-27 18:29:31.303 [INF] HTTP POST /api/auth/select-workspace responded 200 in 259.8116 ms
2026-09-27 18:29:33.077 [INF] HTTP GET /api/contact responded 200 in 146.6322 ms
2026-09-27 18:30:15.431 [INF] HTTP GET /api/contact responded 200 in 121.1591 ms
2026-09-27 18:31:10.873 [INF] HTTP GET /api/contact responded 200 in 180.4169 ms
2026-09-27 18:31:57.399 [INF] HTTP GET /api/contact responded 200 in 229.2504 ms
2026-09-27 18:32:30.399 [INF] HTTP GET /api/contact responded 200 in 250.5982 ms
2026-09-27 18:33:29.113 [INF] HTTP GET /api/contact responded 200 in 437.8557 ms
2026-09-27 18:33:34.487 [INF] Fetched 10 job roles for organization "c84c9fae-750c-4327-b3fd-338517be8161"
2026-09-27 18:33:34.509 [INF] HTTP GET /api/master/get-jobroles responded 200 in 282.4129 ms
2026-09-27 18:33:34.658 [INF] HTTP GET /api/prospects/dropdown responded 200 in 387.6889 ms
2026-09-27 18:33:39.409 [INF] HTTP GET /api/auth/csrf responded 404 in 0.0849 ms
2026-09-27 18:33:39.630 [INF] Gernerate new refresh token- 
2026-09-27 18:33:39.631 [INF] HTTP POST /api/auth/refresh responded 200 in 191.5136 ms
2026-09-27 18:33:39.828 [INF] Workspace List fetched successfully : For Emplyee "08df046f-470d-4db0-8286-3135ffb6f6ce"
2026-09-27 18:33:39.828 [INF] HTTP GET /api/auth/get-workspace responded 200 in 183.3508 ms
2026-09-27 18:33:41.333 [INF] Workspace selection successfuly open - "c84c9fae-750c-4327-b3fd-338517be8161"
2026-09-27 18:33:41.333 [INF] HTTP POST /api/auth/select-workspace responded 200 in 386.2484 ms
2026-09-27 18:34:04.299 [INF] HTTP GET /api/contact responded 200 in 274.4972 ms
2026-09-27 18:34:05.895 [INF] HTTP GET /api/prospects/dropdown responded 200 in 114.8811 ms
2026-09-27 18:34:05.918 [INF] Fetched 10 job roles for organization "c84c9fae-750c-4327-b3fd-338517be8161"
2026-09-27 18:34:05.919 [INF] HTTP GET /api/master/get-jobroles responded 200 in 139.2281 ms
2026-09-27 18:35:15.006 [INF] HTTP GET /api/contact responded 200 in 338.8347 ms
2026-09-27 18:36:06.838 [INF] HTTP GET /api/contact responded 200 in 273.6405 ms
2026-09-27 18:37:16.469 [INF] Fetched 10 job roles for organization "c84c9fae-750c-4327-b3fd-338517be8161"
2026-09-27 18:37:16.490 [INF] HTTP GET /api/master/get-jobroles responded 200 in 174.9965 ms
2026-09-27 18:44:26.016 [INF] Fetched 10 job roles for organization "c84c9fae-750c-4327-b3fd-338517be8161"
2026-09-27 18:44:26.037 [INF] HTTP GET /api/prospects/dropdown responded 200 in 355.8377 ms
2026-09-27 18:44:26.057 [INF] HTTP GET /api/master/get-jobroles responded 200 in 376.8830 ms
2026-09-27 18:57:29.431 [INF] Starting database seeding process...
2026-09-27 18:57:30.574 [INF] Seeding Super Admin user: codedev90@gmail.com
2026-09-27 18:57:30.786 [INF] Super Admin user already exists.
2026-09-27 18:57:31.268 [INF] Super Application Role already has all permisson
2026-09-27 18:57:31.371 [INF] Super Admin user created successfully.
2026-09-27 18:57:31.467 [WRN] The ASP.NET Core developer certificate is not trusted. For information about trusting the ASP.NET Core developer certificate, see https://aka.ms/aspnet/https-trust-dev-cert.
2026-09-27 18:58:52.893 [WRN] You do not have a valid license key for the Lucky Penny software MediatR. This is allowed for development and testing scenarios. If you are running in production you are required to have a licensed version. Please visit https://luckypennysoftware.com to obtain a valid license.
2026-09-27 18:58:52.893 [WRN] You do not have a valid license key for the Lucky Penny software MediatR. This is allowed for development and testing scenarios. If you are running in production you are required to have a licensed version. Please visit https://luckypennysoftware.com to obtain a valid license.
2026-09-27 18:58:53.062 [INF] Fetched 10 job roles for organization "c84c9fae-750c-4327-b3fd-338517be8161"
2026-09-27 18:58:53.320 [WRN] You do not have a valid license key for the Lucky Penny software AutoMapper. This is allowed for development and testing scenarios. If you are running in production you are required to have a licensed version. Please visit https://luckypennysoftware.com to obtain a valid license.
2026-09-27 18:58:53.798 [INF] HTTP GET /api/master/get-jobroles responded 200 in 988.6837 ms
2026-09-27 18:58:53.798 [INF] HTTP GET /api/prospects/dropdown responded 200 in 988.6619 ms
2026-09-27 18:58:54.155 [WRN] The query uses a row limiting operator ('Skip'/'Take') without an 'OrderBy' operator. This may lead to unpredictable results. If the 'Distinct' operator is used after 'OrderBy', then make sure to use the 'OrderBy' operator after 'Distinct' as the ordering would otherwise get erased.
2026-09-27 18:58:54.157 [WRN] The query uses a row limiting operator ('Skip'/'Take') without an 'OrderBy' operator. This may lead to unpredictable results. If the 'Distinct' operator is used after 'OrderBy', then make sure to use the 'OrderBy' operator after 'Distinct' as the ordering would otherwise get erased.
2026-09-27 18:58:54.268 [INF] HTTP GET /api/contact responded 200 in 1461.8464 ms
2026-09-27 19:00:47.104 [INF] Fetched 10 job roles for organization "c84c9fae-750c-4327-b3fd-338517be8161"
2026-09-27 19:00:47.106 [INF] HTTP GET /api/master/get-jobroles responded 200 in 434.9449 ms
2026-09-27 19:00:47.287 [INF] HTTP GET /api/contact responded 200 in 616.2539 ms
2026-09-27 19:02:05.756 [INF] Fetched 10 job roles for organization "c84c9fae-750c-4327-b3fd-338517be8161"
2026-09-27 19:02:05.757 [INF] HTTP GET /api/master/get-jobroles responded 200 in 143.1685 ms
2026-09-27 19:02:59.928 [INF] Fetched 10 job roles for organization "c84c9fae-750c-4327-b3fd-338517be8161"
2026-09-27 19:03:00.035 [INF] HTTP GET /api/master/get-jobroles responded 200 in 390.5187 ms
2026-09-27 19:03:00.361 [INF] HTTP GET /api/contact responded 200 in 716.5388 ms
2026-09-27 19:03:35.863 [INF] Fetched 10 job roles for organization "c84c9fae-750c-4327-b3fd-338517be8161"
2026-09-27 19:03:35.864 [INF] HTTP GET /api/master/get-jobroles responded 200 in 220.5636 ms
2026-09-27 19:03:36.102 [INF] HTTP GET /api/contact responded 200 in 458.2740 ms
2026-09-27 19:04:57.666 [INF] Starting database seeding process...
2026-09-27 19:04:58.742 [INF] Seeding Super Admin user: codedev90@gmail.com
2026-09-27 19:04:58.937 [INF] Super Admin user already exists.
2026-09-27 19:04:59.255 [INF] Super Application Role already has all permisson
2026-09-27 19:04:59.329 [INF] Super Admin user created successfully.
2026-09-27 19:04:59.422 [WRN] The ASP.NET Core developer certificate is not trusted. For information about trusting the ASP.NET Core developer certificate, see https://aka.ms/aspnet/https-trust-dev-cert.
2026-09-27 19:05:06.245 [INF] HTTP GET /api/contact/48d984c4-60d6-426d-bf21-0982efa3992b responded 404 in 57.2390 ms
2026-09-27 19:05:09.231 [INF] HTTP GET /api/contact/f1fd62ba-1376-4ce8-b103-376828d5e540 responded 404 in 1.5110 ms
2026-09-27 19:05:10.243 [INF] HTTP GET /api/contact/f1fd62ba-1376-4ce8-b103-376828d5e540 responded 404 in 4.6110 ms
2026-09-27 19:05:45.324 [INF] HTTP GET /api/contact/f1fd62ba-1376-4ce8-b103-376828d5e540 responded 404 in 0.5326 ms
2026-09-27 19:05:45.361 [WRN] You do not have a valid license key for the Lucky Penny software MediatR. This is allowed for development and testing scenarios. If you are running in production you are required to have a licensed version. Please visit https://luckypennysoftware.com to obtain a valid license.
2026-09-27 19:05:45.502 [INF] Fetched 10 job roles for organization "c84c9fae-750c-4327-b3fd-338517be8161"
2026-09-27 19:05:45.591 [INF] HTTP GET /api/master/get-jobroles responded 200 in 262.5169 ms
2026-09-27 19:05:48.185 [INF] HTTP GET /api/contact/f1fd62ba-1376-4ce8-b103-376828d5e540 responded 404 in 0.9987 ms
2026-09-27 19:07:28.116 [INF] HTTP GET /api/contact/48d984c4-60d6-426d-bf21-0982efa3992b responded 404 in 0.3613 ms
2026-09-27 19:07:28.552 [INF] Fetched 10 job roles for organization "c84c9fae-750c-4327-b3fd-338517be8161"
2026-09-27 19:07:28.553 [INF] HTTP GET /api/master/get-jobroles responded 200 in 437.5844 ms
2026-09-27 19:07:30.251 [INF] HTTP GET /api/contact/48d984c4-60d6-426d-bf21-0982efa3992b responded 404 in 0.6777 ms
2026-09-27 19:07:57.614 [INF] HTTP GET /api/auth/csrf responded 404 in 0.4239 ms
2026-09-27 19:07:59.493 [INF] Gernerate new refresh token- 
2026-09-27 19:07:59.495 [INF] HTTP POST /api/auth/refresh responded 200 in 812.2205 ms
2026-09-27 19:08:00.411 [INF] Workspace List fetched successfully : For Emplyee "08df046f-470d-4db0-8286-3135ffb6f6ce"
2026-09-27 19:08:00.415 [INF] HTTP GET /api/auth/get-workspace responded 200 in 501.8193 ms
2026-09-27 19:08:03.818 [INF] Workspace selection successfuly open - "c84c9fae-750c-4327-b3fd-338517be8161"
2026-09-27 19:08:03.820 [INF] HTTP POST /api/auth/select-workspace responded 200 in 531.1029 ms
2026-09-27 19:08:05.925 [WRN] You do not have a valid license key for the Lucky Penny software AutoMapper. This is allowed for development and testing scenarios. If you are running in production you are required to have a licensed version. Please visit https://luckypennysoftware.com to obtain a valid license.
2026-09-27 19:08:05.982 [WRN] The query uses a row limiting operator ('Skip'/'Take') without an 'OrderBy' operator. This may lead to unpredictable results. If the 'Distinct' operator is used after 'OrderBy', then make sure to use the 'OrderBy' operator after 'Distinct' as the ordering would otherwise get erased.
2026-09-27 19:08:05.983 [WRN] The query uses a row limiting operator ('Skip'/'Take') without an 'OrderBy' operator. This may lead to unpredictable results. If the 'Distinct' operator is used after 'OrderBy', then make sure to use the 'OrderBy' operator after 'Distinct' as the ordering would otherwise get erased.
2026-09-27 19:08:06.070 [INF] HTTP GET /api/contact responded 200 in 519.2020 ms
2026-09-27 19:08:07.851 [INF] HTTP GET /api/contact/48d984c4-60d6-426d-bf21-0982efa3992b responded 404 in 103.3340 ms
2026-09-27 19:08:08.017 [INF] Fetched 10 job roles for organization "c84c9fae-750c-4327-b3fd-338517be8161"
2026-09-27 19:08:08.039 [INF] HTTP GET /api/master/get-jobroles responded 200 in 378.1441 ms
2026-09-27 19:08:08.189 [INF] HTTP GET /api/prospects/dropdown responded 200 in 193.8813 ms
2026-09-27 19:08:08.927 [INF] HTTP GET /api/contact/48d984c4-60d6-426d-bf21-0982efa3992b responded 404 in 0.6107 ms
2026-09-27 19:09:51.948 [INF] HTTP GET /api/contact/48d984c4-60d6-426d-bf21-0982efa3992b responded 404 in 145.3270 ms
2026-09-27 19:09:52.342 [INF] Fetched 10 job roles for organization "c84c9fae-750c-4327-b3fd-338517be8161"
2026-09-27 19:09:52.444 [INF] HTTP GET /api/master/get-jobroles responded 200 in 663.8462 ms
2026-09-27 19:09:52.712 [INF] HTTP GET /api/contact responded 200 in 931.3642 ms
2026-09-27 19:10:01.399 [INF] HTTP GET /api/contact/48d984c4-60d6-426d-bf21-0982efa3992b responded 404 in 0.5267 ms
2026-09-27 19:15:15.044 [INF] HTTP GET /api/contact/ff38a990-35c0-45d8-8de4-effe9d59c5c5 responded 404 in 0.4366 ms
2026-09-27 19:15:15.422 [INF] Fetched 10 job roles for organization "c84c9fae-750c-4327-b3fd-338517be8161"
2026-09-27 19:15:15.443 [INF] HTTP GET /api/prospects/dropdown responded 200 in 399.5939 ms
2026-09-27 19:15:15.464 [INF] HTTP GET /api/master/get-jobroles responded 200 in 421.2956 ms
2026-09-27 19:15:16.056 [INF] HTTP GET /api/contact/ff38a990-35c0-45d8-8de4-effe9d59c5c5 responded 404 in 0.2890 ms
2026-09-27 19:15:22.425 [WRN] Project Stages fetched successfully
2026-09-27 19:15:22.427 [INF] HTTP GET /api/master/project-stages responded 200 in 96.2415 ms
2026-09-27 19:15:34.012 [INF] HTTP GET /api/contact responded 200 in 177.9813 ms
2026-09-27 19:15:39.038 [INF] HTTP GET /api/contact/ff38a990-35c0-45d8-8de4-effe9d59c5c5 responded 404 in 0.3496 ms
2026-09-27 19:15:40.044 [INF] HTTP GET /api/contact/ff38a990-35c0-45d8-8de4-effe9d59c5c5 responded 404 in 0.5530 ms
2026-09-27 19:15:51.478 [INF] HTTP GET /api/contact/f1fd62ba-1376-4ce8-b103-376828d5e540 responded 404 in 0.2445 ms
2026-09-27 19:15:54.569 [INF] HTTP GET /api/contact/f1fd62ba-1376-4ce8-b103-376828d5e540 responded 404 in 0.3626 ms
2026-09-27 19:18:38.849 [INF] HTTP GET /api/contact/48d984c4-60d6-426d-bf21-0982efa3992b responded 404 in 0.3704 ms
2026-09-27 19:18:40.384 [INF] HTTP GET /api/contact/48d984c4-60d6-426d-bf21-0982efa3992b responded 404 in 0.5594 ms
2026-09-27 19:19:21.643 [INF] Starting database seeding process...
2026-09-27 19:19:22.783 [INF] Seeding Super Admin user: codedev90@gmail.com
2026-09-27 19:19:22.948 [INF] Super Admin user already exists.
2026-09-27 19:19:23.351 [INF] Super Application Role already has all permisson
2026-09-27 19:19:23.460 [INF] Super Admin user created successfully.
2026-09-27 19:19:23.552 [WRN] The ASP.NET Core developer certificate is not trusted. For information about trusting the ASP.NET Core developer certificate, see https://aka.ms/aspnet/https-trust-dev-cert.
2026-09-27 19:19:40.878 [INF] HTTP GET /api/contact/f1fd62ba-1376-4ce8-b103-376828d5e540 responded 404 in 61.8383 ms
2026-09-27 19:19:59.518 [INF] HTTP GET /api/contact/48d984c4-60d6-426d-bf21-0982efa3992b responded 404 in 2.6537 ms
2026-09-27 19:19:59.541 [WRN] You do not have a valid license key for the Lucky Penny software MediatR. This is allowed for development and testing scenarios. If you are running in production you are required to have a licensed version. Please visit https://luckypennysoftware.com to obtain a valid license.
2026-09-27 19:19:59.750 [INF] Fetched 10 job roles for organization "c84c9fae-750c-4327-b3fd-338517be8161"
2026-09-27 19:19:59.846 [INF] HTTP GET /api/master/get-jobroles responded 200 in 328.0999 ms
2026-09-27 19:20:01.807 [INF] HTTP GET /api/contact/48d984c4-60d6-426d-bf21-0982efa3992b responded 404 in 1.1286 ms
2026-09-27 19:20:06.154 [INF] HTTP GET /api/contact/f1fd62ba-1376-4ce8-b103-376828d5e540 responded 404 in 0.3228 ms
2026-09-27 19:20:07.370 [INF] HTTP GET /api/contact/f1fd62ba-1376-4ce8-b103-376828d5e540 responded 404 in 0.4531 ms
2026-09-27 19:20:10.426 [INF] HTTP GET /api/contact/ff38a990-35c0-45d8-8de4-effe9d59c5c5 responded 404 in 0.3433 ms
2026-09-27 19:20:11.683 [INF] HTTP GET /api/contact/ff38a990-35c0-45d8-8de4-effe9d59c5c5 responded 404 in 0.4547 ms
2026-09-27 19:20:17.874 [INF] HTTP GET /api/auth/csrf responded 404 in 0.2978 ms
2026-09-27 19:20:18.702 [INF] Gernerate new refresh token- 
2026-09-27 19:20:18.706 [INF] HTTP POST /api/auth/refresh responded 200 in 810.7774 ms
2026-09-27 19:20:20.857 [INF] Workspace List fetched successfully : For Emplyee "08df046f-470d-4db0-8286-3135ffb6f6ce"
2026-09-27 19:20:20.863 [INF] HTTP GET /api/auth/get-workspace responded 200 in 694.2348 ms
2026-09-27 19:20:23.480 [INF] Workspace selection successfuly open - "c84c9fae-750c-4327-b3fd-338517be8161"
2026-09-27 19:20:23.483 [INF] HTTP POST /api/auth/select-workspace responded 200 in 636.8491 ms
2026-09-27 19:20:26.856 [WRN] You do not have a valid license key for the Lucky Penny software AutoMapper. This is allowed for development and testing scenarios. If you are running in production you are required to have a licensed version. Please visit https://luckypennysoftware.com to obtain a valid license.
2026-09-27 19:20:26.934 [WRN] The query uses a row limiting operator ('Skip'/'Take') without an 'OrderBy' operator. This may lead to unpredictable results. If the 'Distinct' operator is used after 'OrderBy', then make sure to use the 'OrderBy' operator after 'Distinct' as the ordering would otherwise get erased.
2026-09-27 19:20:26.935 [WRN] The query uses a row limiting operator ('Skip'/'Take') without an 'OrderBy' operator. This may lead to unpredictable results. If the 'Distinct' operator is used after 'OrderBy', then make sure to use the 'OrderBy' operator after 'Distinct' as the ordering would otherwise get erased.
2026-09-27 19:20:26.979 [INF] HTTP GET /api/contact responded 200 in 449.4628 ms
2026-09-27 19:20:30.688 [INF] HTTP GET /api/contact/48d984c4-60d6-426d-bf21-0982efa3992b responded 404 in 0.4511 ms
2026-09-27 19:20:31.053 [INF] Fetched 10 job roles for organization "c84c9fae-750c-4327-b3fd-338517be8161"
2026-09-27 19:20:31.054 [INF] HTTP GET /api/master/get-jobroles responded 200 in 366.1683 ms
2026-09-27 19:20:31.160 [INF] HTTP GET /api/prospects/dropdown responded 200 in 470.8663 ms
2026-09-27 19:20:31.702 [INF] HTTP GET /api/contact/48d984c4-60d6-426d-bf21-0982efa3992b responded 404 in 0.5568 ms
2026-09-27 19:20:37.476 [INF] HTTP GET /api/contact/f1fd62ba-1376-4ce8-b103-376828d5e540 responded 404 in 0.3099 ms
2026-09-27 19:20:38.490 [INF] HTTP GET /api/contact/f1fd62ba-1376-4ce8-b103-376828d5e540 responded 404 in 0.4897 ms
2026-09-27 19:20:44.550 [INF] HTTP GET /api/contact/ff38a990-35c0-45d8-8de4-effe9d59c5c5 responded 404 in 0.3525 ms
2026-09-27 19:20:45.564 [INF] HTTP GET /api/contact/ff38a990-35c0-45d8-8de4-effe9d59c5c5 responded 404 in 0.4835 ms
2026-09-27 19:22:38.287 [INF] HTTP GET /api/contact/48d984c4-60d6-426d-bf21-0982efa3992b responded 404 in 21.6741 ms
2026-09-27 19:22:38.382 [INF] Fetched 10 job roles for organization "c84c9fae-750c-4327-b3fd-338517be8161"
2026-09-27 19:22:38.384 [INF] HTTP GET /api/master/get-jobroles responded 200 in 119.4927 ms
2026-09-27 19:22:39.297 [INF] HTTP GET /api/contact/48d984c4-60d6-426d-bf21-0982efa3992b responded 404 in 0.6073 ms
2026-09-27 19:24:12.576 [INF] Starting database seeding process...
2026-09-27 19:24:14.079 [INF] Seeding Super Admin user: codedev90@gmail.com
2026-09-27 19:24:14.209 [INF] Super Admin user already exists.
2026-09-27 19:24:14.678 [INF] Super Application Role already has all permisson
2026-09-27 19:24:14.824 [INF] Super Admin user created successfully.
2026-09-27 19:24:15.063 [WRN] The ASP.NET Core developer certificate is not trusted. For information about trusting the ASP.NET Core developer certificate, see https://aka.ms/aspnet/https-trust-dev-cert.
2026-09-27 19:24:27.539 [INF] HTTP GET /api/contact/48d984c4-60d6-426d-bf21-0982efa3992b responded 404 in 159.5712 ms
2026-09-27 19:24:27.570 [WRN] You do not have a valid license key for the Lucky Penny software MediatR. This is allowed for development and testing scenarios. If you are running in production you are required to have a licensed version. Please visit https://luckypennysoftware.com to obtain a valid license.
2026-09-27 19:24:27.658 [INF] Fetched 10 job roles for organization "c84c9fae-750c-4327-b3fd-338517be8161"
2026-09-27 19:24:27.785 [INF] HTTP GET /api/master/get-jobroles responded 200 in 407.4591 ms
2026-09-27 19:24:28.560 [INF] HTTP GET /api/contact/48d984c4-60d6-426d-bf21-0982efa3992b responded 404 in 6.3120 ms
2026-09-27 19:25:43.806 [INF] Starting database seeding process...
2026-09-27 19:25:45.093 [INF] Seeding Super Admin user: codedev90@gmail.com
2026-09-27 19:25:45.234 [INF] Super Admin user already exists.
2026-09-27 19:25:45.673 [INF] Super Application Role already has all permisson
2026-09-27 19:25:45.798 [INF] Super Admin user created successfully.
2026-09-27 19:25:45.988 [WRN] The ASP.NET Core developer certificate is not trusted. For information about trusting the ASP.NET Core developer certificate, see https://aka.ms/aspnet/https-trust-dev-cert.
2026-09-27 19:25:58.482 [INF] HTTP GET /api/contact/ff38a990-35c0-45d8-8de4-effe9d59c5c5 responded 404 in 163.9068 ms
2026-09-27 19:25:58.531 [WRN] You do not have a valid license key for the Lucky Penny software MediatR. This is allowed for development and testing scenarios. If you are running in production you are required to have a licensed version. Please visit https://luckypennysoftware.com to obtain a valid license.
2026-09-27 19:25:58.531 [WRN] You do not have a valid license key for the Lucky Penny software MediatR. This is allowed for development and testing scenarios. If you are running in production you are required to have a licensed version. Please visit https://luckypennysoftware.com to obtain a valid license.
2026-09-27 19:25:58.672 [INF] Fetched 10 job roles for organization "c84c9fae-750c-4327-b3fd-338517be8161"
2026-09-27 19:25:58.744 [WRN] You do not have a valid license key for the Lucky Penny software AutoMapper. This is allowed for development and testing scenarios. If you are running in production you are required to have a licensed version. Please visit https://luckypennysoftware.com to obtain a valid license.
2026-09-27 19:25:58.795 [INF] HTTP GET /api/master/get-jobroles responded 200 in 479.8209 ms
2026-09-27 19:25:58.998 [INF] HTTP GET /api/prospects/dropdown responded 200 in 682.4693 ms
2026-09-27 19:25:59.496 [INF] HTTP GET /api/contact/ff38a990-35c0-45d8-8de4-effe9d59c5c5 responded 404 in 3.7896 ms
2026-09-27 19:28:42.442 [INF] Starting database seeding process...
2026-09-27 19:28:43.891 [INF] Seeding Super Admin user: codedev90@gmail.com
2026-09-27 19:28:44.032 [INF] Super Admin user already exists.
2026-09-27 19:28:44.367 [INF] Super Application Role already has all permisson
2026-09-27 19:28:44.442 [INF] Super Admin user created successfully.
2026-09-27 19:28:44.649 [WRN] The ASP.NET Core developer certificate is not trusted. For information about trusting the ASP.NET Core developer certificate, see https://aka.ms/aspnet/https-trust-dev-cert.
2026-09-27 19:28:51.883 [WRN] You do not have a valid license key for the Lucky Penny software MediatR. This is allowed for development and testing scenarios. If you are running in production you are required to have a licensed version. Please visit https://luckypennysoftware.com to obtain a valid license.
2026-09-27 19:28:52.018 [INF] Fetched 10 job roles for organization "c84c9fae-750c-4327-b3fd-338517be8161"
2026-09-27 19:28:52.607 [INF] HTTP GET /api/master/get-jobroles responded 200 in 884.8544 ms
2026-09-27 19:28:52.657 [WRN] You do not have a valid license key for the Lucky Penny software AutoMapper. This is allowed for development and testing scenarios. If you are running in production you are required to have a licensed version. Please visit https://luckypennysoftware.com to obtain a valid license.
2026-09-27 19:28:52.796 [INF] HTTP GET /api/contact/ff38a990-35c0-45d8-8de4-effe9d59c5c5 responded 200 in 1075.6312 ms
2026-09-27 19:29:40.426 [INF] Fetched 10 job roles for organization "c84c9fae-750c-4327-b3fd-338517be8161"
2026-09-27 19:29:40.448 [INF] HTTP GET /api/master/get-jobroles responded 200 in 835.0329 ms
2026-09-27 19:29:40.617 [INF] HTTP GET /api/contact/ff38a990-35c0-45d8-8de4-effe9d59c5c5 responded 200 in 1003.0008 ms
2026-09-27 19:29:59.555 [INF] HTTP GET /api/contact/48d984c4-60d6-426d-bf21-0982efa3992b responded 200 in 186.4434 ms
2026-09-27 19:30:05.898 [INF] HTTP GET /api/contact/f1fd62ba-1376-4ce8-b103-376828d5e540 responded 200 in 168.9511 ms
2026-09-27 19:31:52.287 [INF] Fetched 10 job roles for organization "c84c9fae-750c-4327-b3fd-338517be8161"
2026-09-27 19:31:52.394 [INF] HTTP GET /api/master/get-jobroles responded 200 in 424.1246 ms
2026-09-27 19:31:52.681 [INF] HTTP GET /api/contact/48d984c4-60d6-426d-bf21-0982efa3992b responded 200 in 621.0554 ms
2026-09-27 19:31:52.831 [INF] HTTP GET /api/prospects/dropdown responded 200 in 770.0037 ms
2026-09-27 19:33:03.993 [INF] Fetched 10 job roles for organization "c84c9fae-750c-4327-b3fd-338517be8161"
2026-09-27 19:33:03.994 [INF] HTTP GET /api/master/get-jobroles responded 200 in 95.8025 ms
2026-09-27 19:33:22.444 [WRN] The query uses a row limiting operator ('Skip'/'Take') without an 'OrderBy' operator. This may lead to unpredictable results. If the 'Distinct' operator is used after 'OrderBy', then make sure to use the 'OrderBy' operator after 'Distinct' as the ordering would otherwise get erased.
2026-09-27 19:33:22.445 [WRN] The query uses a row limiting operator ('Skip'/'Take') without an 'OrderBy' operator. This may lead to unpredictable results. If the 'Distinct' operator is used after 'OrderBy', then make sure to use the 'OrderBy' operator after 'Distinct' as the ordering would otherwise get erased.
2026-09-27 19:33:22.508 [INF] HTTP GET /api/contact responded 200 in 503.6628 ms
2026-09-27 20:53:50.402 [INF] HTTP GET /api/auth/csrf responded 404 in 0.5481 ms
2026-09-27 20:53:50.848 [INF] Gernerate new refresh token- 
2026-09-27 20:53:50.850 [INF] HTTP POST /api/auth/refresh responded 200 in 432.2171 ms
2026-09-27 20:53:51.120 [INF] Workspace List fetched successfully : For Emplyee "08df046f-470d-4db0-8286-3135ffb6f6ce"
2026-09-27 20:53:51.122 [INF] HTTP GET /api/auth/get-workspace responded 200 in 251.1440 ms
