2026-09-23 00:58:49.579 [INF] HTTP GET /api/auth/csrf responded 404 in 3.3545 ms
2026-09-23 00:58:50.166 [INF] HTTP GET /api/auth/csrf responded 404 in 1.6538 ms
2026-09-23 00:58:50.790 [INF] Gernerate new refresh token- 
2026-09-23 00:58:50.834 [INF] Gernerate new refresh token- 
2026-09-23 00:58:50.834 [INF] HTTP POST /api/auth/refresh responded 200 in 652.5580 ms
2026-09-23 00:58:50.834 [INF] HTTP POST /api/auth/refresh responded 200 in 1216.1946 ms
2026-09-23 00:58:51.213 [INF] Workspace List fetched successfully : For Emplyee "08df046f-470d-4db0-8286-3135ffb6f6ce"
2026-09-23 00:58:51.213 [INF] HTTP GET /api/auth/get-workspace responded 200 in 251.8617 ms
2026-09-23 00:58:51.352 [INF] Workspace List fetched successfully : For Emplyee "08df046f-470d-4db0-8286-3135ffb6f6ce"
2026-09-23 00:58:51.352 [INF] HTTP GET /api/auth/get-workspace responded 200 in 138.6564 ms
2026-09-23 02:48:46.821 [INF] Starting database seeding process...
2026-09-23 02:48:48.092 [INF] Seeding Super Admin user: codedev90@gmail.com
2026-09-23 02:48:48.173 [INF] Super Admin user already exists.
2026-09-23 02:48:48.277 [INF] Super Application Role already has all permisson
2026-09-23 02:48:48.392 [INF] Super Admin user created successfully.
2026-09-23 02:48:48.510 [WRN] The ASP.NET Core developer certificate is not trusted. For information about trusting the ASP.NET Core developer certificate, see https://aka.ms/aspnet/https-trust-dev-cert.
2026-09-23 02:49:13.260 [INF] HTTP GET /api/auth/csrf responded 404 in 44.1284 ms
2026-09-23 02:49:13.380 [WRN] Refresh token Rotation failed: Token not found 
2026-09-23 02:49:13.408 [INF] HTTP POST /api/auth/refresh responded 400 in 125.2666 ms
2026-09-23 02:49:23.720 [INF] Login Successfully, Employee : "08df046f-470d-4db0-8286-3135ffb6f6ce" , UserId :c8bf23af-b2a7-4b83-a995-8a86dcf7217c
2026-09-23 02:49:23.726 [INF] HTTP POST /api/auth/login responded 200 in 723.5174 ms
2026-09-23 02:49:24.408 [INF] Workspace List fetched successfully : For Emplyee "08df046f-470d-4db0-8286-3135ffb6f6ce"
2026-09-23 02:49:24.422 [INF] HTTP GET /api/auth/get-workspace responded 200 in 674.4641 ms
2026-09-23 02:49:26.304 [INF] Workspace selection successfuly open - "c84c9fae-750c-4327-b3fd-338517be8161"
2026-09-23 02:49:26.305 [INF] HTTP POST /api/auth/select-workspace responded 200 in 441.5557 ms
2026-09-23 02:49:50.848 [WRN] You do not have a valid license key for the Lucky Penny software MediatR. This is allowed for development and testing scenarios. If you are running in production you are required to have a licensed version. Please visit https://luckypennysoftware.com to obtain a valid license.
2026-09-23 02:49:50.907 [WRN] You do not have a valid license key for the Lucky Penny software AutoMapper. This is allowed for development and testing scenarios. If you are running in production you are required to have a licensed version. Please visit https://luckypennysoftware.com to obtain a valid license.
2026-09-23 02:49:51.206 [INF] Prospect List fetched successfully : Organization "c84c9fae-750c-4327-b3fd-338517be8161"
2026-09-23 02:49:51.214 [INF] HTTP GET /api/prospects/list responded 200 in 374.2740 ms
2026-09-23 02:49:53.554 [INF] Fetched {Count} Prospect Status 
2026-09-23 02:49:53.559 [INF] HTTP GET /api/master/prospect-status responded 200 in 654.6805 ms
2026-09-23 02:49:53.635 [INF] Fetched {Count} Prospect Temperatures 
2026-09-23 02:49:53.635 [INF] HTTP GET /api/master/temperatures responded 200 in 731.0924 ms
2026-09-23 02:49:53.716 [INF] Prospect  fetched successfully : Organization "c84c9fae-750c-4327-b3fd-338517be8161"
2026-09-23 02:49:53.722 [INF] HTTP GET /api/prospects/6f88cef5-9ba5-4607-b54b-a45e3f61448d responded 200 in 888.3711 ms
2026-09-23 03:52:22.270 [INF] Fetched 9 job roles for organization "c84c9fae-750c-4327-b3fd-338517be8161"
2026-09-23 03:52:22.271 [WRN] Project Stages fetched successfully
2026-09-23 03:52:22.276 [INF] HTTP GET /api/master/get-jobroles responded 200 in 438.4207 ms
2026-09-23 03:52:22.281 [INF] HTTP GET /api/master/project-stages responded 200 in 443.4231 ms
2026-09-23 03:52:24.367 [INF] HTTP GET /api/employee/get-employees responded 200 in 64.7587 ms
2026-09-23 03:52:28.132 [INF] Prospect List fetched successfully : Organization "c84c9fae-750c-4327-b3fd-338517be8161"
2026-09-23 03:52:28.133 [INF] HTTP GET /api/prospects/list responded 200 in 113.6849 ms
2026-09-23 03:52:30.659 [INF] Fetched {Count} Prospect Status 
2026-09-23 03:52:30.661 [INF] HTTP GET /api/master/prospect-status responded 200 in 301.9773 ms
2026-09-23 03:52:30.737 [INF] Prospect  fetched successfully : Organization "c84c9fae-750c-4327-b3fd-338517be8161"
2026-09-23 03:52:30.738 [INF] HTTP GET /api/prospects/bfeaf259-5ba0-4022-b747-67834bd2f093 responded 200 in 381.8189 ms
2026-09-23 03:52:30.738 [INF] Fetched {Count} Prospect Temperatures 
2026-09-23 03:52:30.739 [INF] HTTP GET /api/master/temperatures responded 200 in 379.6225 ms
2026-09-23 03:52:33.005 [INF] Prospect status updated : "bfeaf259-5ba0-4022-b747-67834bd2f093" :  "acb3fe0e-ab51-4303-87e9-26cb6806e81a"
2026-09-23 03:52:33.008 [INF] HTTP PATCH /api/prospects/bfeaf259-5ba0-4022-b747-67834bd2f093 responded 200 in 332.7674 ms
2026-09-23 03:52:33.191 [INF] Prospect  fetched successfully : Organization "c84c9fae-750c-4327-b3fd-338517be8161"
2026-09-23 03:52:33.196 [INF] HTTP GET /api/prospects/bfeaf259-5ba0-4022-b747-67834bd2f093 responded 200 in 184.8088 ms
