2026-09-04 00:52:42.299 [INF] Starting database seeding process...
2026-09-04 00:52:43.634 [INF] Seeding Super Admin user: codedev90@gmail.com
2026-09-04 00:52:43.730 [INF] Super Admin user already exists.
2026-09-04 00:52:43.878 [INF] Super Application Role already has all permisson
2026-09-04 00:52:43.978 [INF] Super Admin user created successfully.
2026-09-04 00:52:49.754 [INF] HTTP GET /api/auth/csrf responded 404 in 44.4591 ms
2026-09-04 00:52:49.960 [WRN] Refresh token Rotation failed: Token not found UFoGTuqftQMFDUxvn0NuZKZ1M8UrtfrWEsgAlVssuAo6t_jm66eUaZC5MkXd7qmT003_GN_zk0UXROayaFF7Cw
2026-09-04 00:52:50.021 [INF] HTTP POST /api/auth/refresh responded 400 in 243.0349 ms
2026-09-04 00:52:53.146 [INF] Login Successfully, Employee : "08df046f-470d-4db0-8286-3135ffb6f6ce" , UserId :c8bf23af-b2a7-4b83-a995-8a86dcf7217c
2026-09-04 00:52:53.151 [INF] HTTP POST /api/auth/login responded 200 in 1060.3876 ms
2026-09-04 00:52:53.658 [INF] Workspace List fetched successfully : For Emplyee "08df046f-470d-4db0-8286-3135ffb6f6ce"
2026-09-04 00:52:53.671 [INF] HTTP GET /api/auth/get-workspace responded 200 in 480.9732 ms
2026-09-04 00:52:55.602 [INF] Workspace selection successfuly open - "c84c9fae-750c-4327-b3fd-338517be8161"
2026-09-04 00:52:55.602 [INF] HTTP POST /api/auth/select-workspace responded 200 in 424.0338 ms
2026-09-04 00:53:03.786 [WRN] You do not have a valid license key for the Lucky Penny software MediatR. This is allowed for development and testing scenarios. If you are running in production you are required to have a licensed version. Please visit https://luckypennysoftware.com to obtain a valid license.
2026-09-04 00:53:03.922 [INF] Fetched 5 job roles for organization "c84c9fae-750c-4327-b3fd-338517be8161"
2026-09-04 00:53:03.926 [INF] HTTP GET /api/master/get-jobroles responded 200 in 150.3868 ms
2026-09-04 08:29:00.100 [INF] Starting database seeding process...
2026-09-04 08:29:01.924 [INF] Seeding Super Admin user: codedev90@gmail.com
2026-09-04 08:29:02.083 [INF] Super Admin user already exists.
2026-09-04 08:29:02.403 [INF] Super Application Role already has all permisson
2026-09-04 08:29:02.551 [INF] Super Admin user created successfully.
2026-09-04 08:29:11.409 [INF] HTTP GET /api/auth/csrf responded 404 in 50.8053 ms
2026-09-04 08:29:11.701 [WRN] Refresh token Rotation failed: Token not found Fpy9UCIDb2ewYVUMVdTRZbi1rIvKX62T7Ba7dhuTqkHnN2DQA4FDCmUdPi7UCRL_wlcoPMjxDgFRUIGbQm4XKw
2026-09-04 08:29:11.753 [INF] HTTP POST /api/auth/refresh responded 400 in 311.4555 ms
2026-09-04 08:29:13.815 [INF] HTTP POST /api/auth/login responded 400 in 249.4581 ms
2026-09-04 08:29:21.034 [INF] Login Successfully, Employee : "08df046f-470d-4db0-8286-3135ffb6f6ce" , UserId :c8bf23af-b2a7-4b83-a995-8a86dcf7217c
2026-09-04 08:29:21.038 [INF] HTTP POST /api/auth/login responded 200 in 751.4975 ms
2026-09-04 08:29:21.784 [INF] Workspace List fetched successfully : For Emplyee "08df046f-470d-4db0-8286-3135ffb6f6ce"
2026-09-04 08:29:21.800 [INF] HTTP GET /api/auth/get-workspace responded 200 in 734.3853 ms
2026-09-04 08:29:23.320 [INF] Workspace selection successfuly open - "c84c9fae-750c-4327-b3fd-338517be8161"
2026-09-04 08:29:23.321 [INF] HTTP POST /api/auth/select-workspace responded 200 in 373.9538 ms
2026-09-04 08:29:35.437 [WRN] You do not have a valid license key for the Lucky Penny software MediatR. This is allowed for development and testing scenarios. If you are running in production you are required to have a licensed version. Please visit https://luckypennysoftware.com to obtain a valid license.
2026-09-04 08:29:35.596 [INF] Fetched 5 job roles for organization "c84c9fae-750c-4327-b3fd-338517be8161"
2026-09-04 08:29:35.599 [INF] HTTP GET /api/master/get-jobroles responded 200 in 176.0575 ms
2026-09-04 08:32:59.317 [INF] Fetched 5 job roles for organization "c84c9fae-750c-4327-b3fd-338517be8161"
2026-09-04 08:32:59.318 [INF] HTTP GET /api/master/get-jobroles responded 200 in 220.8615 ms
2026-09-04 08:34:14.113 [INF] Fetched 5 job roles for organization "c84c9fae-750c-4327-b3fd-338517be8161"
2026-09-04 08:34:14.114 [INF] HTTP GET /api/master/get-jobroles responded 200 in 195.2173 ms
2026-09-04 08:36:06.468 [INF] Fetched 5 job roles for organization "c84c9fae-750c-4327-b3fd-338517be8161"
2026-09-04 08:36:06.469 [INF] HTTP GET /api/master/get-jobroles responded 200 in 219.5129 ms
2026-09-04 08:36:36.691 [INF] Fetched 5 job roles for organization "c84c9fae-750c-4327-b3fd-338517be8161"
2026-09-04 08:36:36.694 [INF] HTTP GET /api/master/get-jobroles responded 200 in 6.8900 ms
2026-09-04 08:37:46.466 [INF] Fetched 5 job roles for organization "c84c9fae-750c-4327-b3fd-338517be8161"
2026-09-04 08:37:46.467 [INF] HTTP GET /api/master/get-jobroles responded 200 in 277.0090 ms
2026-09-04 08:40:55.835 [INF] Fetched 5 job roles for organization "c84c9fae-750c-4327-b3fd-338517be8161"
2026-09-04 08:40:55.836 [INF] HTTP GET /api/master/get-jobroles responded 200 in 30.8887 ms
2026-09-04 08:43:17.979 [INF] Fetched 5 job roles for organization "c84c9fae-750c-4327-b3fd-338517be8161"
2026-09-04 08:43:17.979 [INF] HTTP GET /api/master/get-jobroles responded 200 in 197.9143 ms
2026-09-04 08:47:48.700 [INF] Fetched 5 job roles for organization "c84c9fae-750c-4327-b3fd-338517be8161"
2026-09-04 08:47:48.700 [INF] HTTP GET /api/master/get-jobroles responded 200 in 168.1065 ms
2026-09-04 08:49:55.084 [INF] Fetched 5 job roles for organization "c84c9fae-750c-4327-b3fd-338517be8161"
2026-09-04 08:49:55.085 [INF] HTTP GET /api/master/get-jobroles responded 200 in 115.6031 ms
2026-09-04 08:55:31.527 [INF] Fetched 5 job roles for organization "c84c9fae-750c-4327-b3fd-338517be8161"
2026-09-04 08:55:31.527 [INF] HTTP GET /api/master/get-jobroles responded 200 in 345.7056 ms
2026-09-04 09:00:44.642 [INF] Fetched 5 job roles for organization "c84c9fae-750c-4327-b3fd-338517be8161"
2026-09-04 09:00:44.643 [INF] HTTP GET /api/master/get-jobroles responded 200 in 240.7611 ms
2026-09-04 09:05:21.493 [INF] Fetched 5 job roles for organization "c84c9fae-750c-4327-b3fd-338517be8161"
2026-09-04 09:05:21.493 [INF] HTTP GET /api/master/get-jobroles responded 200 in 142.3920 ms
2026-09-04 09:09:48.425 [INF] Fetched 5 job roles for organization "c84c9fae-750c-4327-b3fd-338517be8161"
2026-09-04 09:09:48.425 [INF] HTTP GET /api/master/get-jobroles responded 200 in 118.0576 ms
2026-09-04 09:11:10.747 [INF] Fetched 5 job roles for organization "c84c9fae-750c-4327-b3fd-338517be8161"
2026-09-04 09:11:10.748 [INF] HTTP GET /api/master/get-jobroles responded 200 in 50.7259 ms
